============================= test session starts ==============================
platform linux -- Python 3.11.15, pytest-9.0.3, pluggy-1.6.0
rootdir: /home/apps/workspace/agent-packages/agent-utilities
configfile: pytest.ini (WARNING: ignoring pytest config in pyproject.toml!)
testpaths: tests/unit, tests/integration
plugins: logfire-4.32.1, langsmith-0.8.1, cov-7.1.0, anyio-4.13.0, timeout-2.4.0, env-1.6.0, asyncio-1.3.0, hypothesis-6.152.4, xdist-3.8.0
timeout: 300.0s
timeout method: signal
timeout func_only: False
asyncio: mode=Mode.AUTO, debug=False, asyncio_default_fixture_loop_scope=None, asyncio_default_test_loop_scope=function
collected 2549 items

tests/unit/core/test_agent_factory.py .................................. [  1%]
...............                                                          [  1%]
tests/unit/core/test_agent_instrumentation.py s                          [  1%]
tests/unit/core/test_agui_emitter.py ............                        [  2%]
tests/unit/core/test_auth.py ...................                         [  3%]
tests/unit/core/test_base_utilities.py ................................. [  4%]
.....................................................                    [  6%]
tests/unit/core/test_browser_auth.py ......                              [  6%]
tests/unit/core/test_capabilities.py ................................... [  8%]
...............................                                          [  9%]
tests/unit/core/test_capabilities_advanced.py .......................... [ 10%]
.....                                                                    [ 10%]
tests/unit/core/test_capabilities_core.py .............................. [ 11%]
.....                                                                    [ 11%]
tests/unit/core/test_config.py ........                                  [ 12%]
tests/unit/core/test_config_helpers.py ............F..................   [ 13%]
tests/unit/core/test_core_modules_misc.py ...............F.F............ [ 14%]
.........                                                                [ 15%]
tests/unit/core/test_env_check.py .                                      [ 15%]
tests/unit/core/test_eval_harness.py .........                           [ 15%]
tests/unit/core/test_guardrails.py .............                         [ 15%]
tests/unit/core/test_mermaid.py .......F...........                      [ 16%]
tests/unit/core/test_model.py .                                          [ 16%]
tests/unit/core/test_model_registry.py .......................           [ 17%]
tests/unit/core/test_partition_logic.py .                                [ 17%]
tests/unit/core/test_paths.py .....                                      [ 17%]
tests/unit/core/test_prompt_builder.py ........                          [ 18%]
tests/unit/core/test_prompt_loading.py ..                                [ 18%]
tests/unit/core/test_prompts.py .....                                    [ 18%]
tests/unit/core/test_reference_agent.py FFFFFF.......                    [ 18%]
tests/unit/core/test_rlm.py .......................                      [ 19%]
tests/unit/core/test_rlm_ahe_integration.py ......                       [ 20%]
tests/unit/core/test_rlm_helpers.py ......                               [ 20%]
tests/unit/core/test_scheduler.py ...................................    [ 21%]
tests/unit/core/test_secrets_client.py ..............................    [ 22%]
tests/unit/core/test_security.py ....                                    [ 23%]
tests/unit/core/test_structured_prompts.py .....                         [ 23%]
tests/unit/core/test_teams.py ....                                       [ 23%]
tests/unit/core/test_wasm_runner.py ......                               [ 23%]
tests/unit/core/test_workspace_parsing.py ..                             [ 23%]
tests/unit/core/test_workspace_unit.py .............                     [ 24%]
tests/unit/core/test_x_search_tool.py ........                           [ 24%]
tests/unit/core/test_xai_auth.py .......                                 [ 24%]
tests/unit/graph/test_graph_builder.py ...                               [ 24%]
tests/unit/graph/test_graph_engine.py .F....FFF                          [ 25%]
tests/unit/graph/test_graph_executor.py .....F...                        [ 25%]
tests/unit/graph/test_graph_hsm.py ....                                  [ 25%]
tests/unit/graph/test_graph_iter.py .......                              [ 26%]
tests/unit/graph/test_graph_properties.py ..                             [ 26%]
tests/unit/graph/test_graph_runner.py ...                                [ 26%]
tests/unit/graph/test_graph_steps.py ...                                 [ 26%]
tests/unit/knowledge_graph/test_codemaps.py .                            [ 26%]
tests/unit/knowledge_graph/test_company_models.py .....................  [ 27%]
tests/unit/knowledge_graph/test_consolidation_engine.py ......           [ 27%]
tests/unit/knowledge_graph/test_contextual_embeddings.py ...             [ 27%]
tests/unit/knowledge_graph/test_document_deletion.py ..............      [ 28%]
tests/unit/knowledge_graph/test_document_ingestion.py ......             [ 28%]
tests/unit/knowledge_graph/test_document_update.py .....F.               [ 28%]
tests/unit/knowledge_graph/test_ecosystem_topology.py .................. [ 29%]
.                                                                        [ 29%]
tests/unit/knowledge_graph/test_entity_claim_extractor.py .............. [ 29%]
                                                                         [ 29%]
tests/unit/knowledge_graph/test_event_bridge.py F                        [ 29%]
tests/unit/knowledge_graph/test_facade_modules.py ...................... [ 30%]
.....                                                                    [ 31%]
tests/unit/knowledge_graph/test_federation.py FFFF                       [ 31%]
tests/unit/knowledge_graph/test_fingerprint.py ..............            [ 31%]
tests/unit/knowledge_graph/test_graph_validator.py ...............       [ 32%]
tests/unit/knowledge_graph/test_hydration.py .....................       [ 33%]
tests/unit/knowledge_graph/test_jena_fuseki_event_publishing.py ..       [ 33%]
tests/unit/knowledge_graph/test_kb_logic.py .....                        [ 33%]
tests/unit/knowledge_graph/test_kb_research.py F...                      [ 33%]
tests/unit/knowledge_graph/test_kb_smoke.py ..                           [ 33%]
tests/unit/knowledge_graph/test_kg_consolidation.py .............        [ 34%]
tests/unit/knowledge_graph/test_kg_models.py ........................... [ 35%]
........................................................................ [ 38%]
...........FFFF                                                          [ 38%]
tests/unit/knowledge_graph/test_knowledge_graph_unit.py ...              [ 38%]
tests/unit/knowledge_graph/test_knowledge_tools_unit.py ....             [ 38%]
tests/unit/knowledge_graph/test_ladybug_backend.py ......                [ 39%]
tests/unit/knowledge_graph/test_ladybug_singleton.py ....                [ 39%]
tests/unit/knowledge_graph/test_law_models.py ....                       [ 39%]
tests/unit/knowledge_graph/test_owl_backend.py .....                     [ 39%]
tests/unit/knowledge_graph/test_owl_bridge.py ..                         [ 39%]
tests/unit/knowledge_graph/test_owl_reasoning_phase.py ..                [ 39%]
tests/unit/knowledge_graph/test_patterns.py .........                    [ 40%]
tests/unit/knowledge_graph/test_query_router_cost.py ...                 [ 40%]
tests/unit/knowledge_graph/test_queue_backend.py .....                   [ 40%]
tests/unit/knowledge_graph/test_rust_compute.py .......                  [ 40%]
tests/unit/knowledge_graph/test_semantic_subsumption.py ..               [ 40%]
tests/unit/knowledge_graph/test_standard_ontology.py ................... [ 41%]
..............................FFF                                        [ 42%]
tests/unit/knowledge_graph/test_synergies.py ......                      [ 43%]
tests/unit/knowledge_graph/test_synergy_engine.py .................      [ 43%]
tests/unit/knowledge_graph/test_topological_analogy.py F.                [ 43%]
tests/unit/knowledge_graph/test_unified_id_system.py ................... [ 44%]
                                                                         [ 44%]
tests/unit/mcp/test_dynamic_tool_selection.py .............              [ 45%]
tests/unit/mcp/test_kg_coordinator.py .....                              [ 45%]
tests/unit/mcp/test_kg_server.py .........                               [ 45%]
tests/unit/mcp/test_mcp_manager.py ......                                [ 45%]
tests/unit/mcp/test_mcp_manager_extended.py ............................ [ 46%]
........................................................................ [ 49%]
........................                                                 [ 50%]
tests/unit/mcp/test_mcp_partitioning.py .......                          [ 51%]
tests/unit/mcp/test_mcp_scoring.py ...........................           [ 52%]
tests/unit/mcp/test_mcp_sync.py ........................................ [ 53%]
..................................................                       [ 55%]
tests/unit/mcp/test_mcp_utilities.py ........                            [ 55%]
tests/unit/mcp/test_tool_filtering.py ......                             [ 56%]
tests/unit/mcp/test_tools_logic.py ...                                   [ 56%]
tests/unit/mcp/test_tools_misc.py ...................................... [ 57%]
                                                                         [ 57%]
tests/unit/mcp/test_watcher_cpu.py ...                                   [ 57%]
tests/unit/messaging/test_messaging.py ................................. [ 59%]
......                                                                   [ 59%]
tests/unit/pipeline/test_cross_repo_resolve.py .....                     [ 59%]
tests/unit/pipeline/test_pipeline_phases.py ...                          [ 59%]
tests/unit/pipeline/test_pipeline_phases_extended.py ................... [ 60%]
....................................                                     [ 61%]
tests/unit/pipeline/test_pipeline_resolve.py ........................... [ 62%]
....                                                                     [ 63%]
tests/unit/pipeline/test_pipeline_scan_parse.py ........................ [ 64%]
                                                                         [ 64%]
tests/unit/protocols/test_a2a.py .....................................   [ 65%]
tests/unit/protocols/test_ctx_helpers.py .....                           [ 65%]
tests/unit/protocols/test_ctx_scenarios.py .....                         [ 65%]
tests/unit/sdd/test_governance_graph.py ........                         [ 66%]
tests/unit/sdd/test_plan_watcher.py ..............                       [ 66%]
tests/unit/sdd/test_sdd_tools_unit.py ....                               [ 66%]
tests/unit/test_banking.py ................                              [ 67%]
tests/unit/test_browsecomp_innovations.py .............................. [ 68%]
...                                                                      [ 68%]
tests/unit/test_context_compactor.py .......................             [ 69%]
tests/unit/test_cypher_transpiler.py .............                       [ 70%]
tests/unit/test_engineering_rules.py .......................             [ 71%]
tests/unit/test_evolutionary_memory.py ..F.                              [ 71%]
tests/unit/test_gateway_aggregator.py ..                                 [ 71%]
tests/unit/test_gateway_config.py ..                                     [ 71%]
tests/unit/test_gateway_registry.py ...                                  [ 71%]
tests/unit/test_geniusbot_cockpit.py .......                             [ 71%]
tests/unit/test_horizon_curriculum.py ......................             [ 72%]
tests/unit/test_hr_domain.py ...................                         [ 73%]
tests/unit/test_hypergraph.py ....                                       [ 73%]
tests/unit/test_kg_native_orchestration.py ............................. [ 74%]
.............                                                            [ 75%]
tests/unit/test_knowledge_architecture.py .............................. [ 76%]
.........................                                                [ 77%]
tests/unit/test_lcm_integration.py ..............                        [ 77%]
tests/unit/test_parallel_distillation.py .                               [ 78%]
tests/unit/test_policy_ingestor.py .................................     [ 79%]
tests/unit/test_postgresql_backend.py ..................                 [ 80%]
tests/unit/test_prompt_scanner.py ...................................... [ 81%]
.                                                                        [ 81%]
tests/unit/test_repetition_guard.py .....................                [ 82%]
tests/unit/test_research_artifacts.py ............                       [ 82%]
tests/unit/test_research_pipeline.py ....................                [ 83%]
tests/unit/test_research_synergies.py ...FF                              [ 83%]
tests/unit/test_retry_manager.py ..........................              [ 84%]
tests/unit/test_reward_decomposition.py .......................          [ 85%]
tests/unit/test_service_registry.py ............                         [ 86%]
tests/unit/test_source_resolver.py .............                         [ 86%]
tests/unit/test_topological_scanner.py .                                 [ 86%]
tests/integration/core/test_agent_creation.py .                          [ 86%]
tests/integration/core/test_api_endpoints.py ....                        [ 86%]
tests/integration/core/test_capabilities_integration.py ......           [ 87%]
tests/integration/core/test_developer_tools.py ....                      [ 87%]
tests/integration/core/test_model_override_middleware.py ..............  [ 87%]
tests/integration/core/test_models_endpoint.py .........                 [ 88%]
tests/integration/core/test_parallel_engine_advanced.py .....            [ 88%]
tests/integration/core/test_rlm_executor.py .                            [ 88%]
tests/integration/core/test_rlm_planner.py .                             [ 88%]
tests/integration/core/test_security_server.py ....                      [ 88%]
tests/integration/core/test_server.py ..............                     [ 89%]
tests/integration/core/test_server_routes.py .....s...................   [ 90%]
tests/integration/core/test_workflow_compilation_parallel.py .....       [ 90%]
tests/integration/core/test_workspace.py ...                             [ 90%]
tests/integration/graph/test_endpoint_consumer_coverage.py .........     [ 90%]
tests/integration/graph/test_epistemic_context.py ....                   [ 91%]
tests/integration/graph/test_executor.py .........                       [ 91%]
tests/integration/graph/test_graph_advanced.py ......                    [ 91%]
tests/integration/graph/test_graph_enhancements.py .....FF..             [ 91%]
tests/integration/graph/test_graph_lifecycle.py xx                       [ 92%]
tests/integration/graph/test_graph_orchestration.py ......               [ 92%]
tests/integration/graph/test_kg_lifecycle.py .............               [ 92%]
tests/integration/knowledge_graph/test_engine_helpers.py ............F.. [ 93%]
...........                                                              [ 93%]
tests/integration/knowledge_graph/test_kg_advanced_patterns.py FF.       [ 93%]
tests/integration/knowledge_graph/test_knowledge_base.py ............... [ 94%]
....................................                                     [ 95%]
tests/integration/knowledge_graph/test_knowledge_graph.py F..F           [ 96%]
tests/integration/knowledge_graph/test_knowledge_graph_backend.py ...... [ 96%]
..........                                                               [ 96%]
tests/integration/knowledge_graph/test_knowledge_graph_integration.py .. [ 96%]
................FFFFFF...FFF                                             [ 97%]
tests/integration/knowledge_graph/test_knowledge_maintenance.py ...      [ 98%]
tests/integration/knowledge_graph/test_knowledge_tools.py .....          [ 98%]
tests/integration/knowledge_graph/test_multibackend_integration.py FFF   [ 98%]
tests/integration/mcp/test_agent_registry.py .                           [ 98%]
tests/integration/mcp/test_mcp_integration.py F.                         [ 98%]
tests/integration/mcp/test_mcp_utilities_integration.py .....            [ 98%]
tests/integration/protocols/test_a2a_discovery.py .                      [ 98%]
tests/integration/protocols/test_acp_adapter.py ssss                     [ 98%]
tests/integration/protocols/test_acp_integration.py sss                  [ 98%]
tests/integration/sdd/test_sdd_logic.py ....                             [ 99%]
tests/integration/sdd/test_sdd_tools.py .                                [ 99%]
tests/integration/test_eunomia_integration.py F.                         [ 99%]
tests/integration/test_observability_pipeline.py .............F...F.     [100%]

=================================== FAILURES ===================================
____________________ test_log_graph_trace_all_metadata_keys ____________________

caplog = <_pytest.logging.LogCaptureFixture object at 0x7b6d14110a10>

    def test_log_graph_trace_all_metadata_keys(caplog: pytest.LogCaptureFixture) -> None:
        """Detail string includes multiple known keys."""
        with caplog.at_level(logging.INFO, logger="agent_utilities.graph.trace"):
            ch._log_graph_trace(
                "specialist_enter",
                0.0,
                agent="router",
                expert="planner",
                id="n1",
                domain="code",
                server="srv",
                count=3,
                score=95,
                batch_size=2,
                attempt=1,
                duration_ms=500,
            )
        assert "agent=router" in caplog.text
        assert "expert=planner" in caplog.text
>       assert "id=n1" in caplog.text
E       AssertionError: assert 'id=n1' in 'INFO     agent_utilities.graph.trace:config_helpers.py:528 [EXECUTION] specialist_enter agent=router expert=planner domain=code server=srv count=3 score=95 batch_size=2 attempt=1 duration_ms=500\n'
E        +  where 'INFO     agent_utilities.graph.trace:config_helpers.py:528 [EXECUTION] specialist_enter agent=router expert=planner domain=code server=srv count=3 score=95 batch_size=2 attempt=1 duration_ms=500\n' = <_pytest.logging.LogCaptureFixture object at 0x7b6d14110a10>.text

tests/unit/core/test_config_helpers.py:190: AssertionError
------------------------------ Captured log call -------------------------------
INFO     agent_utilities.graph.trace:config_helpers.py:528 [EXECUTION] specialist_enter agent=router expert=planner domain=code server=srv count=3 score=95 batch_size=2 attempt=1 duration_ms=500
___________________ test_init_lazy_agent_factory_and_config ____________________

    def test_init_lazy_agent_factory_and_config():
        import agent_utilities
    
>       assert agent_utilities.create_agent is not None
               ^^^^^^^^^^^^^^^^^^^^^^^^^^^^

tests/unit/core/test_core_modules_misc.py:334: 
_ _ _ _ _ _ _ _ _ _ _ _ _ _ _ _ _ _ _ _ _ _ _ _ _ _ _ _ _ _ _ _ _ _ _ _ _ _ _ _ 

name = 'create_agent'

    def __getattr__(name):
        if name in [
            "get_logger",
            "optional_import_block",
            "require_optional_import",
            "retrieve_package_name",
            "safe_load_model",
            "safe_save_model",
            "to_boolean",
            "to_dict",
            "to_float",
            "to_integer",
            "to_list",
            "ensure_package_installed",
        ]:
            from .base_utilities import (
                ensure_package_installed,
                get_logger,
                optional_import_block,
                require_optional_import,
                retrieve_package_name,
                safe_load_model,
                safe_save_model,
                to_boolean,
                to_dict,
                to_float,
                to_integer,
                to_list,
            )
    
            return locals()[name]
        elif name == "create_agent_parser":
            from .agent.factory import create_agent_parser
    
            return create_agent_parser
        elif name == "DEFAULT_GRAPH_PERSISTENCE_PATH":
            from .core.config import DEFAULT_GRAPH_PERSISTENCE_PATH
    
            return DEFAULT_GRAPH_PERSISTENCE_PATH
        elif name in ["discover_agents", "discover_all_specialists"]:
            from .agent.discovery import discover_agents, discover_all_specialists
    
            return (
                discover_agents if name == "discover_agents" else discover_all_specialists
            )
        elif name == "create_embedding_model":
            from .core.embedding_utilities import create_embedding_model
    
            return create_embedding_model
        elif name in [
            "GraphState",
            "build_tag_env_map",
            "create_agent",
            "create_master_graph",
            "get_graph_mermaid",
            "initialize_graph_from_workspace",
            "register_on_enter_hook",
            "register_on_exit_hook",
            "run_graph",
            "run_orthogonal_regions",
            "validate_graph",
        ]:
>           from .graph import (
                GraphState,
                build_tag_env_map,
                create_agent,
                create_master_graph,
                get_graph_mermaid,
                initialize_graph_from_workspace,
                register_on_enter_hook,
                register_on_exit_hook,
                run_graph,
                run_orthogonal_regions,
                validate_graph,
            )
E           ImportError: cannot import name 'run_graph' from 'agent_utilities.graph' (/home/apps/workspace/agent-packages/agent-utilities/agent_utilities/graph/__init__.py)

agent_utilities/__init__.py:126: ImportError
______________________ test_init_lazy_graph_and_workspace ______________________

    def test_init_lazy_graph_and_workspace():
        import agent_utilities
    
>       assert agent_utilities.GraphState is not None
               ^^^^^^^^^^^^^^^^^^^^^^^^^^

tests/unit/core/test_core_modules_misc.py:354: 
_ _ _ _ _ _ _ _ _ _ _ _ _ _ _ _ _ _ _ _ _ _ _ _ _ _ _ _ _ _ _ _ _ _ _ _ _ _ _ _ 

name = 'GraphState'

    def __getattr__(name):
        if name in [
            "get_logger",
            "optional_import_block",
            "require_optional_import",
            "retrieve_package_name",
            "safe_load_model",
            "safe_save_model",
            "to_boolean",
            "to_dict",
            "to_float",
            "to_integer",
            "to_list",
            "ensure_package_installed",
        ]:
            from .base_utilities import (
                ensure_package_installed,
                get_logger,
                optional_import_block,
                require_optional_import,
                retrieve_package_name,
                safe_load_model,
                safe_save_model,
                to_boolean,
                to_dict,
                to_float,
                to_integer,
                to_list,
            )
    
            return locals()[name]
        elif name == "create_agent_parser":
            from .agent.factory import create_agent_parser
    
            return create_agent_parser
        elif name == "DEFAULT_GRAPH_PERSISTENCE_PATH":
            from .core.config import DEFAULT_GRAPH_PERSISTENCE_PATH
    
            return DEFAULT_GRAPH_PERSISTENCE_PATH
        elif name in ["discover_agents", "discover_all_specialists"]:
            from .agent.discovery import discover_agents, discover_all_specialists
    
            return (
                discover_agents if name == "discover_agents" else discover_all_specialists
            )
        elif name == "create_embedding_model":
            from .core.embedding_utilities import create_embedding_model
    
            return create_embedding_model
        elif name in [
            "GraphState",
            "build_tag_env_map",
            "create_agent",
            "create_master_graph",
            "get_graph_mermaid",
            "initialize_graph_from_workspace",
            "register_on_enter_hook",
            "register_on_exit_hook",
            "run_graph",
            "run_orthogonal_regions",
            "validate_graph",
        ]:
>           from .graph import (
                GraphState,
                build_tag_env_map,
                create_agent,
                create_master_graph,
                get_graph_mermaid,
                initialize_graph_from_workspace,
                register_on_enter_hook,
                register_on_exit_hook,
                run_graph,
                run_orthogonal_regions,
                validate_graph,
            )
E           ImportError: cannot import name 'run_graph' from 'agent_utilities.graph' (/home/apps/workspace/agent-packages/agent-utilities/agent_utilities/graph/__init__.py)

agent_utilities/__init__.py:126: ImportError
__________________________ test_kg_mermaid_generation __________________________

    def test_kg_mermaid_generation():
        graph = GraphComputeEngine(backend_type="rust")
        graph.add_node("agent1", type="agent", name="Agent 1")
        graph.add_node("mem1", type="memory", description="Some memory")
        graph.add_edge("agent1", "mem1", type="CREATED")
    
        engine = IntelligenceGraphEngine(db_path=":memory:")
        mermaid = engine.generate_mermaid_graph()
    
        # Account for sanitization
        assert 'agent1(("Agent 1\n&#40;agent&#41;"))' in mermaid
        assert 'mem1[("mem1\n&#40;memory&#41;")]' in mermaid
>       assert 'agent1 --> |"CREATED"| mem1' in mermaid
E       assert 'agent1 --> |"CREATED"| mem1' in '---\ntitle: Knowledge Graph\nconfig:\n  theme: dark\n---\nflowchart TD\n  agent1(("Agent 1\n&#40;agent&#41;"))\n  cla...fff\n  classDef memory fill:#1565c0,stroke:#0d47a1,color:#fff\n  classDef agent fill:#f57c00,stroke:#e65100,color:#fff'

tests/unit/core/test_mermaid.py:174: AssertionError
------------------------------ Captured log call -------------------------------
DEBUG    asyncio:selector_events.py:54 Using selector: EpollSelector
INFO     epistemic_graph.client:client.py:520 Connected to epistemic-graph service via UDS: /home/apps/workspace/agent-packages/agent-utilities/tests/.test_epistemic_graph.sock
INFO     agent_utilities.knowledge_graph.core.graph_compute:graph_compute.py:60 Connected to epistemic-graph Tokio service (graph: test_f6ed42cbe9c3).
INFO     agent_utilities.knowledge_graph.core.graph_compute:graph_compute.py:120 Started Local-First EventBus bridge to epistemic-graph
DEBUG    asyncio:selector_events.py:54 Using selector: EpollSelector
INFO     agent_utilities.knowledge_graph.backends.ladybug_backend:ladybug_backend.py:802 Synchronizing Knowledge Graph Schema (206 node tables, 171 edge tables)...
DEBUG    agent_utilities.knowledge_graph.backends.ladybug_backend:ladybug_backend.py:288 WAL pragma not supported or ignored: Parser exception: extraneous input 'PRAGMA' expecting {ALTER, ATTACH, BEGIN, CALL, CHECKPOINT, COMMENT, COMMIT, COPY, CREATE, DELETE, DETACH, DROP, EXPLAIN, EXPORT, FORCE, IMPORT, INSTALL, LOAD, MATCH, MERGE, OPTIONAL, PROFILE, RETURN, ROLLBACK, SET, UNWIND, UNINSTALL, UPDATE, USE, WITH, SP} (line: 1, offset: 0)
"PRAGMA journal_mode=WAL;"
 ^^^^^^
DEBUG    agent_utilities.knowledge_graph.backends.ladybug_backend:ladybug_backend.py:294 LadybugDB VECTOR extension loaded successfully
WARNING  agent_utilities.knowledge_graph.backends.ladybug_backend:ladybug_backend.py:796 Rel table creation issue (HAS_JURISDICTION_OVER): Binder exception: Table Company does not exist.
WARNING  agent_utilities.knowledge_graph.backends.ladybug_backend:ladybug_backend.py:796 Rel table creation issue (GOVERNS): Binder exception: Table GovernancePolicy does not exist.
WARNING  agent_utilities.knowledge_graph.backends.ladybug_backend:ladybug_backend.py:796 Rel table creation issue (MANUFACTURES): Binder exception: Table Company does not exist.
WARNING  agent_utilities.knowledge_graph.backends.ladybug_backend:ladybug_backend.py:796 Rel table creation issue (HAS_JURISDICTION_OVER): Binder exception: Table Company does not exist.
WARNING  agent_utilities.knowledge_graph.backends.ladybug_backend:ladybug_backend.py:796 Rel table creation issue (GOVERNS): Binder exception: Table GovernancePolicy does not exist.
WARNING  agent_utilities.knowledge_graph.backends.ladybug_backend:ladybug_backend.py:796 Rel table creation issue (MANUFACTURES): Binder exception: Table Company does not exist.
DEBUG    asyncio:selector_events.py:54 Using selector: EpollSelector
INFO     epistemic_graph.client:client.py:520 Connected to epistemic-graph service via UDS: /home/apps/workspace/agent-packages/agent-utilities/tests/.test_epistemic_graph.sock
INFO     agent_utilities.knowledge_graph.core.graph_compute:graph_compute.py:60 Connected to epistemic-graph Tokio service (graph: test_f6ed42cbe9c3).
WARNING  agent_utilities.knowledge_graph.core.graph_compute:graph_compute.py:71 Failed to create tenant graph test_f6ed42cbe9c3: RuntimeError("Graph 'test_f6ed42cbe9c3' already exists")
DEBUG    asyncio:selector_events.py:54 Using selector: EpollSelector
INFO     agent_utilities.knowledge_graph.core.graph_compute:graph_compute.py:120 Started Local-First EventBus bridge to epistemic-graph
DEBUG    agent_utilities.knowledge_graph.orchestration.engine_query:engine_query.py:48 RBAC Interceptor: Executing query with clearance level 999
___________________ TestBasicAgent.test_basic_agent_creation ___________________

self = <test_reference_agent.TestBasicAgent object at 0x7b6d5c742990>

    def test_basic_agent_creation(self):
        """Test that a basic agent can be created."""
>       from agent_utilities import create_agent

tests/unit/core/test_reference_agent.py:18: 
_ _ _ _ _ _ _ _ _ _ _ _ _ _ _ _ _ _ _ _ _ _ _ _ _ _ _ _ _ _ _ _ _ _ _ _ _ _ _ _ 

name = 'create_agent'

    def __getattr__(name):
        if name in [
            "get_logger",
            "optional_import_block",
            "require_optional_import",
            "retrieve_package_name",
            "safe_load_model",
            "safe_save_model",
            "to_boolean",
            "to_dict",
            "to_float",
            "to_integer",
            "to_list",
            "ensure_package_installed",
        ]:
            from .base_utilities import (
                ensure_package_installed,
                get_logger,
                optional_import_block,
                require_optional_import,
                retrieve_package_name,
                safe_load_model,
                safe_save_model,
                to_boolean,
                to_dict,
                to_float,
                to_integer,
                to_list,
            )
    
            return locals()[name]
        elif name == "create_agent_parser":
            from .agent.factory import create_agent_parser
    
            return create_agent_parser
        elif name == "DEFAULT_GRAPH_PERSISTENCE_PATH":
            from .core.config import DEFAULT_GRAPH_PERSISTENCE_PATH
    
            return DEFAULT_GRAPH_PERSISTENCE_PATH
        elif name in ["discover_agents", "discover_all_specialists"]:
            from .agent.discovery import discover_agents, discover_all_specialists
    
            return (
                discover_agents if name == "discover_agents" else discover_all_specialists
            )
        elif name == "create_embedding_model":
            from .core.embedding_utilities import create_embedding_model
    
            return create_embedding_model
        elif name in [
            "GraphState",
            "build_tag_env_map",
            "create_agent",
            "create_master_graph",
            "get_graph_mermaid",
            "initialize_graph_from_workspace",
            "register_on_enter_hook",
            "register_on_exit_hook",
            "run_graph",
            "run_orthogonal_regions",
            "validate_graph",
        ]:
>           from .graph import (
                GraphState,
                build_tag_env_map,
                create_agent,
                create_master_graph,
                get_graph_mermaid,
                initialize_graph_from_workspace,
                register_on_enter_hook,
                register_on_exit_hook,
                run_graph,
                run_orthogonal_regions,
                validate_graph,
            )
E           ImportError: cannot import name 'run_graph' from 'agent_utilities.graph' (/home/apps/workspace/agent-packages/agent-utilities/agent_utilities/graph/__init__.py)

agent_utilities/__init__.py:126: ImportError
___________________ TestGraphAgent.test_graph_agent_creation ___________________

self = <test_reference_agent.TestGraphAgent object at 0x7b6d5c743250>

    def test_graph_agent_creation(self):
        """Test that a graph agent can be created with universal skills."""
>       from agent_utilities import create_agent

tests/unit/core/test_reference_agent.py:30: 
_ _ _ _ _ _ _ _ _ _ _ _ _ _ _ _ _ _ _ _ _ _ _ _ _ _ _ _ _ _ _ _ _ _ _ _ _ _ _ _ 

name = 'create_agent'

    def __getattr__(name):
        if name in [
            "get_logger",
            "optional_import_block",
            "require_optional_import",
            "retrieve_package_name",
            "safe_load_model",
            "safe_save_model",
            "to_boolean",
            "to_dict",
            "to_float",
            "to_integer",
            "to_list",
            "ensure_package_installed",
        ]:
            from .base_utilities import (
                ensure_package_installed,
                get_logger,
                optional_import_block,
                require_optional_import,
                retrieve_package_name,
                safe_load_model,
                safe_save_model,
                to_boolean,
                to_dict,
                to_float,
                to_integer,
                to_list,
            )
    
            return locals()[name]
        elif name == "create_agent_parser":
            from .agent.factory import create_agent_parser
    
            return create_agent_parser
        elif name == "DEFAULT_GRAPH_PERSISTENCE_PATH":
            from .core.config import DEFAULT_GRAPH_PERSISTENCE_PATH
    
            return DEFAULT_GRAPH_PERSISTENCE_PATH
        elif name in ["discover_agents", "discover_all_specialists"]:
            from .agent.discovery import discover_agents, discover_all_specialists
    
            return (
                discover_agents if name == "discover_agents" else discover_all_specialists
            )
        elif name == "create_embedding_model":
            from .core.embedding_utilities import create_embedding_model
    
            return create_embedding_model
        elif name in [
            "GraphState",
            "build_tag_env_map",
            "create_agent",
            "create_master_graph",
            "get_graph_mermaid",
            "initialize_graph_from_workspace",
            "register_on_enter_hook",
            "register_on_exit_hook",
            "run_graph",
            "run_orthogonal_regions",
            "validate_graph",
        ]:
>           from .graph import (
                GraphState,
                build_tag_env_map,
                create_agent,
                create_master_graph,
                get_graph_mermaid,
                initialize_graph_from_workspace,
                register_on_enter_hook,
                register_on_exit_hook,
                run_graph,
                run_orthogonal_regions,
                validate_graph,
            )
E           ImportError: cannot import name 'run_graph' from 'agent_utilities.graph' (/home/apps/workspace/agent-packages/agent-utilities/agent_utilities/graph/__init__.py)

agent_utilities/__init__.py:126: ImportError
_____________ TestMCPAgent.test_mcp_agent_creation_without_config ______________

self = <test_reference_agent.TestMCPAgent object at 0x7b6d5c713d10>

    def test_mcp_agent_creation_without_config(self):
        """Test that an MCP agent can be created (even without config)."""
>       from agent_utilities import create_agent

tests/unit/core/test_reference_agent.py:46: 
_ _ _ _ _ _ _ _ _ _ _ _ _ _ _ _ _ _ _ _ _ _ _ _ _ _ _ _ _ _ _ _ _ _ _ _ _ _ _ _ 

name = 'create_agent'

    def __getattr__(name):
        if name in [
            "get_logger",
            "optional_import_block",
            "require_optional_import",
            "retrieve_package_name",
            "safe_load_model",
            "safe_save_model",
            "to_boolean",
            "to_dict",
            "to_float",
            "to_integer",
            "to_list",
            "ensure_package_installed",
        ]:
            from .base_utilities import (
                ensure_package_installed,
                get_logger,
                optional_import_block,
                require_optional_import,
                retrieve_package_name,
                safe_load_model,
                safe_save_model,
                to_boolean,
                to_dict,
                to_float,
                to_integer,
                to_list,
            )
    
            return locals()[name]
        elif name == "create_agent_parser":
            from .agent.factory import create_agent_parser
    
            return create_agent_parser
        elif name == "DEFAULT_GRAPH_PERSISTENCE_PATH":
            from .core.config import DEFAULT_GRAPH_PERSISTENCE_PATH
    
            return DEFAULT_GRAPH_PERSISTENCE_PATH
        elif name in ["discover_agents", "discover_all_specialists"]:
            from .agent.discovery import discover_agents, discover_all_specialists
    
            return (
                discover_agents if name == "discover_agents" else discover_all_specialists
            )
        elif name == "create_embedding_model":
            from .core.embedding_utilities import create_embedding_model
    
            return create_embedding_model
        elif name in [
            "GraphState",
            "build_tag_env_map",
            "create_agent",
            "create_master_graph",
            "get_graph_mermaid",
            "initialize_graph_from_workspace",
            "register_on_enter_hook",
            "register_on_exit_hook",
            "run_graph",
            "run_orthogonal_regions",
            "validate_graph",
        ]:
>           from .graph import (
                GraphState,
                build_tag_env_map,
                create_agent,
                create_master_graph,
                get_graph_mermaid,
                initialize_graph_from_workspace,
                register_on_enter_hook,
                register_on_exit_hook,
                run_graph,
                run_orthogonal_regions,
                validate_graph,
            )
E           ImportError: cannot import name 'run_graph' from 'agent_utilities.graph' (/home/apps/workspace/agent-packages/agent-utilities/agent_utilities/graph/__init__.py)

agent_utilities/__init__.py:126: ImportError
_________ TestKnowledgeGraphAgent.test_knowledge_graph_agent_creation __________

self = <test_reference_agent.TestKnowledgeGraphAgent object at 0x7b6d5c7403d0>

    def test_knowledge_graph_agent_creation(self):
        """Test that a knowledge graph agent can be created."""
>       from agent_utilities import create_agent

tests/unit/core/test_reference_agent.py:61: 
_ _ _ _ _ _ _ _ _ _ _ _ _ _ _ _ _ _ _ _ _ _ _ _ _ _ _ _ _ _ _ _ _ _ _ _ _ _ _ _ 

name = 'create_agent'

    def __getattr__(name):
        if name in [
            "get_logger",
            "optional_import_block",
            "require_optional_import",
            "retrieve_package_name",
            "safe_load_model",
            "safe_save_model",
            "to_boolean",
            "to_dict",
            "to_float",
            "to_integer",
            "to_list",
            "ensure_package_installed",
        ]:
            from .base_utilities import (
                ensure_package_installed,
                get_logger,
                optional_import_block,
                require_optional_import,
                retrieve_package_name,
                safe_load_model,
                safe_save_model,
                to_boolean,
                to_dict,
                to_float,
                to_integer,
                to_list,
            )
    
            return locals()[name]
        elif name == "create_agent_parser":
            from .agent.factory import create_agent_parser
    
            return create_agent_parser
        elif name == "DEFAULT_GRAPH_PERSISTENCE_PATH":
            from .core.config import DEFAULT_GRAPH_PERSISTENCE_PATH
    
            return DEFAULT_GRAPH_PERSISTENCE_PATH
        elif name in ["discover_agents", "discover_all_specialists"]:
            from .agent.discovery import discover_agents, discover_all_specialists
    
            return (
                discover_agents if name == "discover_agents" else discover_all_specialists
            )
        elif name == "create_embedding_model":
            from .core.embedding_utilities import create_embedding_model
    
            return create_embedding_model
        elif name in [
            "GraphState",
            "build_tag_env_map",
            "create_agent",
            "create_master_graph",
            "get_graph_mermaid",
            "initialize_graph_from_workspace",
            "register_on_enter_hook",
            "register_on_exit_hook",
            "run_graph",
            "run_orthogonal_regions",
            "validate_graph",
        ]:
>           from .graph import (
                GraphState,
                build_tag_env_map,
                create_agent,
                create_master_graph,
                get_graph_mermaid,
                initialize_graph_from_workspace,
                register_on_enter_hook,
                register_on_exit_hook,
                run_graph,
                run_orthogonal_regions,
                validate_graph,
            )
E           ImportError: cannot import name 'run_graph' from 'agent_utilities.graph' (/home/apps/workspace/agent-packages/agent-utilities/agent_utilities/graph/__init__.py)

agent_utilities/__init__.py:126: ImportError
________________ TestProtocolAgent.test_protocol_agent_creation ________________

self = <test_reference_agent.TestProtocolAgent object at 0x7b6d5c743b90>

    def test_protocol_agent_creation(self):
        """Test that a protocol agent can be created with ACP enabled."""
>       from agent_utilities import create_agent

tests/unit/core/test_reference_agent.py:77: 
_ _ _ _ _ _ _ _ _ _ _ _ _ _ _ _ _ _ _ _ _ _ _ _ _ _ _ _ _ _ _ _ _ _ _ _ _ _ _ _ 

name = 'create_agent'

    def __getattr__(name):
        if name in [
            "get_logger",
            "optional_import_block",
            "require_optional_import",
            "retrieve_package_name",
            "safe_load_model",
            "safe_save_model",
            "to_boolean",
            "to_dict",
            "to_float",
            "to_integer",
            "to_list",
            "ensure_package_installed",
        ]:
            from .base_utilities import (
                ensure_package_installed,
                get_logger,
                optional_import_block,
                require_optional_import,
                retrieve_package_name,
                safe_load_model,
                safe_save_model,
                to_boolean,
                to_dict,
                to_float,
                to_integer,
                to_list,
            )
    
            return locals()[name]
        elif name == "create_agent_parser":
            from .agent.factory import create_agent_parser
    
            return create_agent_parser
        elif name == "DEFAULT_GRAPH_PERSISTENCE_PATH":
            from .core.config import DEFAULT_GRAPH_PERSISTENCE_PATH
    
            return DEFAULT_GRAPH_PERSISTENCE_PATH
        elif name in ["discover_agents", "discover_all_specialists"]:
            from .agent.discovery import discover_agents, discover_all_specialists
    
            return (
                discover_agents if name == "discover_agents" else discover_all_specialists
            )
        elif name == "create_embedding_model":
            from .core.embedding_utilities import create_embedding_model
    
            return create_embedding_model
        elif name in [
            "GraphState",
            "build_tag_env_map",
            "create_agent",
            "create_master_graph",
            "get_graph_mermaid",
            "initialize_graph_from_workspace",
            "register_on_enter_hook",
            "register_on_exit_hook",
            "run_graph",
            "run_orthogonal_regions",
            "validate_graph",
        ]:
>           from .graph import (
                GraphState,
                build_tag_env_map,
                create_agent,
                create_master_graph,
                get_graph_mermaid,
                initialize_graph_from_workspace,
                register_on_enter_hook,
                register_on_exit_hook,
                run_graph,
                run_orthogonal_regions,
                validate_graph,
            )
E           ImportError: cannot import name 'run_graph' from 'agent_utilities.graph' (/home/apps/workspace/agent-packages/agent-utilities/agent_utilities/graph/__init__.py)

agent_utilities/__init__.py:126: ImportError
__________________ TestMemoryAgent.test_memory_agent_creation __________________

self = <test_reference_agent.TestMemoryAgent object at 0x7b6d5c7540d0>

    def test_memory_agent_creation(self):
        """Test that a memory agent can be created with knowledge base."""
>       from agent_utilities import create_agent

tests/unit/core/test_reference_agent.py:93: 
_ _ _ _ _ _ _ _ _ _ _ _ _ _ _ _ _ _ _ _ _ _ _ _ _ _ _ _ _ _ _ _ _ _ _ _ _ _ _ _ 

name = 'create_agent'

    def __getattr__(name):
        if name in [
            "get_logger",
            "optional_import_block",
            "require_optional_import",
            "retrieve_package_name",
            "safe_load_model",
            "safe_save_model",
            "to_boolean",
            "to_dict",
            "to_float",
            "to_integer",
            "to_list",
            "ensure_package_installed",
        ]:
            from .base_utilities import (
                ensure_package_installed,
                get_logger,
                optional_import_block,
                require_optional_import,
                retrieve_package_name,
                safe_load_model,
                safe_save_model,
                to_boolean,
                to_dict,
                to_float,
                to_integer,
                to_list,
            )
    
            return locals()[name]
        elif name == "create_agent_parser":
            from .agent.factory import create_agent_parser
    
            return create_agent_parser
        elif name == "DEFAULT_GRAPH_PERSISTENCE_PATH":
            from .core.config import DEFAULT_GRAPH_PERSISTENCE_PATH
    
            return DEFAULT_GRAPH_PERSISTENCE_PATH
        elif name in ["discover_agents", "discover_all_specialists"]:
            from .agent.discovery import discover_agents, discover_all_specialists
    
            return (
                discover_agents if name == "discover_agents" else discover_all_specialists
            )
        elif name == "create_embedding_model":
            from .core.embedding_utilities import create_embedding_model
    
            return create_embedding_model
        elif name in [
            "GraphState",
            "build_tag_env_map",
            "create_agent",
            "create_master_graph",
            "get_graph_mermaid",
            "initialize_graph_from_workspace",
            "register_on_enter_hook",
            "register_on_exit_hook",
            "run_graph",
            "run_orthogonal_regions",
            "validate_graph",
        ]:
>           from .graph import (
                GraphState,
                build_tag_env_map,
                create_agent,
                create_master_graph,
                get_graph_mermaid,
                initialize_graph_from_workspace,
                register_on_enter_hook,
                register_on_exit_hook,
                run_graph,
                run_orthogonal_regions,
                validate_graph,
            )
E           ImportError: cannot import name 'run_graph' from 'agent_utilities.graph' (/home/apps/workspace/agent-packages/agent-utilities/agent_utilities/graph/__init__.py)

agent_utilities/__init__.py:126: ImportError
_______________________________ test_add_memory ________________________________

engine = <agent_utilities.knowledge_graph.core.engine.IntelligenceGraphEngine object at 0x7b6cfc2d4350>

    def test_add_memory(engine):
        mem_id = engine.add_memory("test content", name="test memory", tags=["tag1"])
        assert mem_id.startswith("mem:")
>       assert mem_id in engine.graph
E       AssertionError: assert 'mem:738fa463' in <agent_utilities.knowledge_graph.core.graph_compute.GraphComputeEngine object at 0x7b6cfc2cb210>
E        +  where <agent_utilities.knowledge_graph.core.graph_compute.GraphComputeEngine object at 0x7b6cfc2cb210> = <agent_utilities.knowledge_graph.core.engine.IntelligenceGraphEngine object at 0x7b6cfc2d4350>.graph

tests/unit/graph/test_graph_engine.py:39: AssertionError
------------------------------ Captured log setup ------------------------------
DEBUG    asyncio:selector_events.py:54 Using selector: EpollSelector
INFO     epistemic_graph.client:client.py:520 Connected to epistemic-graph service via UDS: /home/apps/workspace/agent-packages/agent-utilities/tests/.test_epistemic_graph.sock
INFO     agent_utilities.knowledge_graph.core.graph_compute:graph_compute.py:60 Connected to epistemic-graph Tokio service (graph: test_e31f4f65d4b6).
DEBUG    asyncio:selector_events.py:54 Using selector: EpollSelector
INFO     agent_utilities.knowledge_graph.core.graph_compute:graph_compute.py:120 Started Local-First EventBus bridge to epistemic-graph
INFO     agent_utilities.knowledge_graph.backends.ladybug_backend:ladybug_backend.py:802 Synchronizing Knowledge Graph Schema (206 node tables, 171 edge tables)...
DEBUG    agent_utilities.knowledge_graph.backends.ladybug_backend:ladybug_backend.py:288 WAL pragma not supported or ignored: Parser exception: extraneous input 'PRAGMA' expecting {ALTER, ATTACH, BEGIN, CALL, CHECKPOINT, COMMENT, COMMIT, COPY, CREATE, DELETE, DETACH, DROP, EXPLAIN, EXPORT, FORCE, IMPORT, INSTALL, LOAD, MATCH, MERGE, OPTIONAL, PROFILE, RETURN, ROLLBACK, SET, UNWIND, UNINSTALL, UPDATE, USE, WITH, SP} (line: 1, offset: 0)
"PRAGMA journal_mode=WAL;"
 ^^^^^^
DEBUG    agent_utilities.knowledge_graph.backends.ladybug_backend:ladybug_backend.py:294 LadybugDB VECTOR extension loaded successfully
WARNING  agent_utilities.knowledge_graph.backends.ladybug_backend:ladybug_backend.py:796 Rel table creation issue (HAS_JURISDICTION_OVER): Binder exception: Table Company does not exist.
WARNING  agent_utilities.knowledge_graph.backends.ladybug_backend:ladybug_backend.py:796 Rel table creation issue (GOVERNS): Binder exception: Table GovernancePolicy does not exist.
WARNING  agent_utilities.knowledge_graph.backends.ladybug_backend:ladybug_backend.py:796 Rel table creation issue (MANUFACTURES): Binder exception: Table Company does not exist.
DEBUG    asyncio:selector_events.py:54 Using selector: EpollSelector
INFO     epistemic_graph.client:client.py:520 Connected to epistemic-graph service via UDS: /home/apps/workspace/agent-packages/agent-utilities/tests/.test_epistemic_graph.sock
INFO     agent_utilities.knowledge_graph.core.graph_compute:graph_compute.py:60 Connected to epistemic-graph Tokio service (graph: test_e31f4f65d4b6).
WARNING  agent_utilities.knowledge_graph.core.graph_compute:graph_compute.py:71 Failed to create tenant graph test_e31f4f65d4b6: RuntimeError("Graph 'test_e31f4f65d4b6' already exists")
DEBUG    asyncio:selector_events.py:54 Using selector: EpollSelector
INFO     agent_utilities.knowledge_graph.core.graph_compute:graph_compute.py:120 Started Local-First EventBus bridge to epistemic-graph
DEBUG    agent_utilities.knowledge_graph.orchestration.engine_query:engine_query.py:48 RBAC Interceptor: Executing query with clearance level 999
------------------------------ Captured log call -------------------------------
INFO     agent_utilities.knowledge_graph.retrieval.hybrid_retriever:hybrid_retriever.py:85 HybridRetriever: Embedding model initialized (lazy).
_____________________________ test_ingest_episode ______________________________

engine = <agent_utilities.knowledge_graph.core.engine.IntelligenceGraphEngine object at 0x7b6cfc411350>

    def test_ingest_episode(engine):
        ep_id = engine.ingest_episode("did something")
        assert ep_id.startswith("ep:")
>       assert ep_id in engine.graph
E       AssertionError: assert 'ep:27a39eba' in <agent_utilities.knowledge_graph.core.graph_compute.GraphComputeEngine object at 0x7b6cfc441350>
E        +  where <agent_utilities.knowledge_graph.core.graph_compute.GraphComputeEngine object at 0x7b6cfc441350> = <agent_utilities.knowledge_graph.core.engine.IntelligenceGraphEngine object at 0x7b6cfc411350>.graph

tests/unit/graph/test_graph_engine.py:91: AssertionError
------------------------------ Captured log setup ------------------------------
DEBUG    asyncio:selector_events.py:54 Using selector: EpollSelector
INFO     epistemic_graph.client:client.py:520 Connected to epistemic-graph service via UDS: /home/apps/workspace/agent-packages/agent-utilities/tests/.test_epistemic_graph.sock
INFO     agent_utilities.knowledge_graph.core.graph_compute:graph_compute.py:60 Connected to epistemic-graph Tokio service (graph: test_99c7d4c1b01a).
INFO     agent_utilities.knowledge_graph.core.graph_compute:graph_compute.py:120 Started Local-First EventBus bridge to epistemic-graph
DEBUG    asyncio:selector_events.py:54 Using selector: EpollSelector
INFO     agent_utilities.knowledge_graph.backends.ladybug_backend:ladybug_backend.py:802 Synchronizing Knowledge Graph Schema (206 node tables, 171 edge tables)...
DEBUG    agent_utilities.knowledge_graph.backends.ladybug_backend:ladybug_backend.py:288 WAL pragma not supported or ignored: Parser exception: extraneous input 'PRAGMA' expecting {ALTER, ATTACH, BEGIN, CALL, CHECKPOINT, COMMENT, COMMIT, COPY, CREATE, DELETE, DETACH, DROP, EXPLAIN, EXPORT, FORCE, IMPORT, INSTALL, LOAD, MATCH, MERGE, OPTIONAL, PROFILE, RETURN, ROLLBACK, SET, UNWIND, UNINSTALL, UPDATE, USE, WITH, SP} (line: 1, offset: 0)
"PRAGMA journal_mode=WAL;"
 ^^^^^^
DEBUG    agent_utilities.knowledge_graph.backends.ladybug_backend:ladybug_backend.py:294 LadybugDB VECTOR extension loaded successfully
WARNING  agent_utilities.knowledge_graph.backends.ladybug_backend:ladybug_backend.py:796 Rel table creation issue (HAS_JURISDICTION_OVER): Binder exception: Table Company does not exist.
WARNING  agent_utilities.knowledge_graph.backends.ladybug_backend:ladybug_backend.py:796 Rel table creation issue (GOVERNS): Binder exception: Table GovernancePolicy does not exist.
WARNING  agent_utilities.knowledge_graph.backends.ladybug_backend:ladybug_backend.py:796 Rel table creation issue (MANUFACTURES): Binder exception: Table Company does not exist.
DEBUG    asyncio:selector_events.py:54 Using selector: EpollSelector
INFO     epistemic_graph.client:client.py:520 Connected to epistemic-graph service via UDS: /home/apps/workspace/agent-packages/agent-utilities/tests/.test_epistemic_graph.sock
INFO     agent_utilities.knowledge_graph.core.graph_compute:graph_compute.py:60 Connected to epistemic-graph Tokio service (graph: test_99c7d4c1b01a).
WARNING  agent_utilities.knowledge_graph.core.graph_compute:graph_compute.py:71 Failed to create tenant graph test_99c7d4c1b01a: RuntimeError("Graph 'test_99c7d4c1b01a' already exists")
INFO     agent_utilities.knowledge_graph.core.graph_compute:graph_compute.py:120 Started Local-First EventBus bridge to epistemic-graph
DEBUG    asyncio:selector_events.py:54 Using selector: EpollSelector
DEBUG    agent_utilities.knowledge_graph.orchestration.engine_query:engine_query.py:48 RBAC Interceptor: Executing query with clearance level 999
------------------------------ Captured log call -------------------------------
INFO     agent_utilities.knowledge_graph.retrieval.hybrid_retriever:hybrid_retriever.py:85 HybridRetriever: Embedding model initialized (lazy).
_____________________________ test_record_outcome ______________________________

engine = <agent_utilities.knowledge_graph.core.engine.IntelligenceGraphEngine object at 0x7b6cfc192550>

    def test_record_outcome(engine):
        ep_id = engine.ingest_episode("task")
>       eval_id = engine.record_outcome(ep_id, reward=0.9, feedback="good")
                  ^^^^^^^^^^^^^^^^^^^^^
E       AttributeError: 'IntelligenceGraphEngine' object has no attribute 'record_outcome'

tests/unit/graph/test_graph_engine.py:97: AttributeError
------------------------------ Captured log setup ------------------------------
DEBUG    asyncio:selector_events.py:54 Using selector: EpollSelector
INFO     epistemic_graph.client:client.py:520 Connected to epistemic-graph service via UDS: /home/apps/workspace/agent-packages/agent-utilities/tests/.test_epistemic_graph.sock
INFO     agent_utilities.knowledge_graph.core.graph_compute:graph_compute.py:60 Connected to epistemic-graph Tokio service (graph: test_b4d8524452a6).
INFO     agent_utilities.knowledge_graph.core.graph_compute:graph_compute.py:120 Started Local-First EventBus bridge to epistemic-graph
DEBUG    asyncio:selector_events.py:54 Using selector: EpollSelector
INFO     agent_utilities.knowledge_graph.backends.ladybug_backend:ladybug_backend.py:802 Synchronizing Knowledge Graph Schema (206 node tables, 171 edge tables)...
DEBUG    agent_utilities.knowledge_graph.backends.ladybug_backend:ladybug_backend.py:288 WAL pragma not supported or ignored: Parser exception: extraneous input 'PRAGMA' expecting {ALTER, ATTACH, BEGIN, CALL, CHECKPOINT, COMMENT, COMMIT, COPY, CREATE, DELETE, DETACH, DROP, EXPLAIN, EXPORT, FORCE, IMPORT, INSTALL, LOAD, MATCH, MERGE, OPTIONAL, PROFILE, RETURN, ROLLBACK, SET, UNWIND, UNINSTALL, UPDATE, USE, WITH, SP} (line: 1, offset: 0)
"PRAGMA journal_mode=WAL;"
 ^^^^^^
DEBUG    agent_utilities.knowledge_graph.backends.ladybug_backend:ladybug_backend.py:294 LadybugDB VECTOR extension loaded successfully
WARNING  agent_utilities.knowledge_graph.backends.ladybug_backend:ladybug_backend.py:796 Rel table creation issue (HAS_JURISDICTION_OVER): Binder exception: Table Company does not exist.
WARNING  agent_utilities.knowledge_graph.backends.ladybug_backend:ladybug_backend.py:796 Rel table creation issue (GOVERNS): Binder exception: Table GovernancePolicy does not exist.
WARNING  agent_utilities.knowledge_graph.backends.ladybug_backend:ladybug_backend.py:796 Rel table creation issue (MANUFACTURES): Binder exception: Table Company does not exist.
DEBUG    asyncio:selector_events.py:54 Using selector: EpollSelector
INFO     epistemic_graph.client:client.py:520 Connected to epistemic-graph service via UDS: /home/apps/workspace/agent-packages/agent-utilities/tests/.test_epistemic_graph.sock
INFO     agent_utilities.knowledge_graph.core.graph_compute:graph_compute.py:60 Connected to epistemic-graph Tokio service (graph: test_b4d8524452a6).
WARNING  agent_utilities.knowledge_graph.core.graph_compute:graph_compute.py:71 Failed to create tenant graph test_b4d8524452a6: RuntimeError("Graph 'test_b4d8524452a6' already exists")
INFO     agent_utilities.knowledge_graph.core.graph_compute:graph_compute.py:120 Started Local-First EventBus bridge to epistemic-graph
DEBUG    asyncio:selector_events.py:54 Using selector: EpollSelector
DEBUG    agent_utilities.knowledge_graph.orchestration.engine_query:engine_query.py:48 RBAC Interceptor: Executing query with clearance level 999
------------------------------ Captured log call -------------------------------
INFO     agent_utilities.knowledge_graph.retrieval.hybrid_retriever:hybrid_retriever.py:85 HybridRetriever: Embedding model initialized (lazy).
_____________________ test_nx_fallback_successful_episodes _____________________

engine = <agent_utilities.knowledge_graph.core.engine.IntelligenceGraphEngine object at 0x7b6cfc1ea210>

    def test_nx_fallback_successful_episodes(engine):
        # Setup successful episode
        ep_id = "ep:1"
        eval_id = "eval:1"
        tool_id = "tool:t1"
    
        engine.graph.add_node(ep_id, type="episode", description="success task")
        engine.graph.add_node(eval_id, type=RegistryNodeType.OUTCOME_EVALUATION, reward=0.9)
        engine.graph.add_node(tool_id, type="tool_call", tool_name="my_tool")
    
        engine.graph.add_edge(ep_id, eval_id, type="PRODUCED_OUTCOME")
        engine.graph.add_edge(ep_id, tool_id, type="USED_TOOL")
    
        query = "MATCH (e:Episode)-[:PRODUCED_OUTCOME]->(o:OutcomeEvaluation), (e)-[:USED_TOOL]->(t:tool_call) WHERE o.reward >= 0.8 RETURN t.tool_name as tool"
        results = engine.query_cypher(query)
    
>       assert len(results) == 1
E       assert 0 == 1
E        +  where 0 = len([])

tests/unit/graph/test_graph_engine.py:124: AssertionError
------------------------------ Captured log setup ------------------------------
DEBUG    asyncio:selector_events.py:54 Using selector: EpollSelector
INFO     epistemic_graph.client:client.py:520 Connected to epistemic-graph service via UDS: /home/apps/workspace/agent-packages/agent-utilities/tests/.test_epistemic_graph.sock
INFO     agent_utilities.knowledge_graph.core.graph_compute:graph_compute.py:60 Connected to epistemic-graph Tokio service (graph: test_778a1f897cca).
INFO     agent_utilities.knowledge_graph.core.graph_compute:graph_compute.py:120 Started Local-First EventBus bridge to epistemic-graph
DEBUG    asyncio:selector_events.py:54 Using selector: EpollSelector
INFO     agent_utilities.knowledge_graph.backends.ladybug_backend:ladybug_backend.py:802 Synchronizing Knowledge Graph Schema (206 node tables, 171 edge tables)...
DEBUG    agent_utilities.knowledge_graph.backends.ladybug_backend:ladybug_backend.py:288 WAL pragma not supported or ignored: Parser exception: extraneous input 'PRAGMA' expecting {ALTER, ATTACH, BEGIN, CALL, CHECKPOINT, COMMENT, COMMIT, COPY, CREATE, DELETE, DETACH, DROP, EXPLAIN, EXPORT, FORCE, IMPORT, INSTALL, LOAD, MATCH, MERGE, OPTIONAL, PROFILE, RETURN, ROLLBACK, SET, UNWIND, UNINSTALL, UPDATE, USE, WITH, SP} (line: 1, offset: 0)
"PRAGMA journal_mode=WAL;"
 ^^^^^^
DEBUG    agent_utilities.knowledge_graph.backends.ladybug_backend:ladybug_backend.py:294 LadybugDB VECTOR extension loaded successfully
WARNING  agent_utilities.knowledge_graph.backends.ladybug_backend:ladybug_backend.py:796 Rel table creation issue (HAS_JURISDICTION_OVER): Binder exception: Table Company does not exist.
WARNING  agent_utilities.knowledge_graph.backends.ladybug_backend:ladybug_backend.py:796 Rel table creation issue (GOVERNS): Binder exception: Table GovernancePolicy does not exist.
WARNING  agent_utilities.knowledge_graph.backends.ladybug_backend:ladybug_backend.py:796 Rel table creation issue (MANUFACTURES): Binder exception: Table Company does not exist.
DEBUG    asyncio:selector_events.py:54 Using selector: EpollSelector
INFO     epistemic_graph.client:client.py:520 Connected to epistemic-graph service via UDS: /home/apps/workspace/agent-packages/agent-utilities/tests/.test_epistemic_graph.sock
INFO     agent_utilities.knowledge_graph.core.graph_compute:graph_compute.py:60 Connected to epistemic-graph Tokio service (graph: test_778a1f897cca).
WARNING  agent_utilities.knowledge_graph.core.graph_compute:graph_compute.py:71 Failed to create tenant graph test_778a1f897cca: RuntimeError("Graph 'test_778a1f897cca' already exists")
DEBUG    asyncio:selector_events.py:54 Using selector: EpollSelector
INFO     agent_utilities.knowledge_graph.core.graph_compute:graph_compute.py:120 Started Local-First EventBus bridge to epistemic-graph
DEBUG    agent_utilities.knowledge_graph.orchestration.engine_query:engine_query.py:48 RBAC Interceptor: Executing query with clearance level 999
------------------------------ Captured log call -------------------------------
DEBUG    agent_utilities.knowledge_graph.orchestration.engine_query:engine_query.py:48 RBAC Interceptor: Executing query with clearance level 999
WARNING  agent_utilities.knowledge_graph.backends.ladybug_backend:ladybug_backend.py:649 LadybugDB table not found (check schema): Binder exception: Table tool_call does not exist.
_________________ test_execute_domain_logic_approval_required __________________

    @pytest.mark.asyncio
    async def test_execute_domain_logic_approval_required():
        from pydantic_ai import DeferredToolRequests
    
        state = GraphState(query="test")
        deps = GraphDeps(
            tag_prompts={},
            tag_env_vars={},
            mcp_toolsets=[],
        )
        ctx = MockCtx(state, deps)
    
        mock_agent = AsyncMock()
        mock_res = MagicMock()
        mock_res.output = DeferredToolRequests(calls=[])
        mock_agent.run.return_value = mock_res
    
>       with patch(
            "agent_utilities.graph.executor.create_agent", return_value=(mock_agent, [])
        ):

tests/unit/graph/test_graph_executor.py:130: 
_ _ _ _ _ _ _ _ _ _ _ _ _ _ _ _ _ _ _ _ _ _ _ _ _ _ _ _ _ _ _ _ _ _ _ _ _ _ _ _ 
/home/genius/.local/share/uv/python/cpython-3.11.15-linux-x86_64-gnu/lib/python3.11/unittest/mock.py:1446: in __enter__
    original, local = self.get_original()
                      ^^^^^^^^^^^^^^^^^^^
_ _ _ _ _ _ _ _ _ _ _ _ _ _ _ _ _ _ _ _ _ _ _ _ _ _ _ _ _ _ _ _ _ _ _ _ _ _ _ _ 

self = <unittest.mock._patch object at 0x7b6cfc238550>

    def get_original(self):
        target = self.getter()
        name = self.attribute
    
        original = DEFAULT
        local = False
    
        try:
            original = target.__dict__[name]
        except (AttributeError, KeyError):
            original = getattr(target, name, DEFAULT)
        else:
            local = True
    
        if name in _builtins and isinstance(target, ModuleType):
            self.create = True
    
        if not self.create and original is DEFAULT:
>           raise AttributeError(
                "%s does not have the attribute %r" % (target, name)
            )
E           AttributeError: <module 'agent_utilities.graph.executor' from '/home/apps/workspace/agent-packages/agent-utilities/agent_utilities/graph/executor.py'> does not have the attribute 'create_agent'

/home/genius/.local/share/uv/python/cpython-3.11.15-linux-x86_64-gnu/lib/python3.11/unittest/mock.py:1419: AttributeError
------------------------------ Captured log setup ------------------------------
DEBUG    asyncio:selector_events.py:54 Using selector: EpollSelector
_____________ TestDocumentUpdatePipeline.test_get_document_chunks ______________

self = <unit.knowledge_graph.test_document_update.TestDocumentUpdatePipeline object at 0x7b6d5c1d5e50>

    @pytest.mark.asyncio
    async def test_get_document_chunks(self):
        """Test getting document chunks."""
        knowledge_graph = MagicMock()
        # Mock edges to return 3 chunks
        knowledge_graph.graph.edges.return_value = [
            ("doc_123", "doc_123_chunk_0000", {"relationship_type": "HAS_CHUNK"}),
            ("doc_123", "doc_123_chunk_0001", {"relationship_type": "HAS_CHUNK"}),
            ("doc_123", "doc_123_chunk_0002", {"relationship_type": "HAS_CHUNK"}),
        ]
        knowledge_graph.graph.nodes.get.side_effect = lambda x: {
            "doc_123_chunk_0000": {
                "id": "doc_123_chunk_0000",
                "chunk_index": 0,
                "content": "Chunk 1",
            },
            "doc_123_chunk_0001": {
                "id": "doc_123_chunk_0001",
                "chunk_index": 1,
                "content": "Chunk 2",
            },
            "doc_123_chunk_0002": {
                "id": "doc_123_chunk_0002",
                "chunk_index": 2,
                "content": "Chunk 3",
            },
        }.get(x)
    
        pipeline = DocumentUpdatePipeline(knowledge_graph=knowledge_graph)
    
        chunks = await pipeline._get_document_chunks("doc_123")
    
>       assert len(chunks) == 3
E       assert 0 == 3
E        +  where 0 = len([])

tests/unit/knowledge_graph/test_document_update.py:144: AssertionError
------------------------------ Captured log setup ------------------------------
DEBUG    asyncio:selector_events.py:54 Using selector: EpollSelector
_______________________ test_graph_compute_event_bridge ________________________

    @pytest.mark.asyncio
    async def test_graph_compute_event_bridge():
        """Test that GraphComputeEngine forwards local EventBus events to the Rust client."""
    
        # Mock the entire epistemic_graph package since the compiled extension might not match
        # the test runner's Python version (e.g. 3.11 vs 3.14).
        mock_client_module = MagicMock()
        mock_sync_client = MagicMock()
        mock_client_module.SyncEpistemicGraphClient = mock_sync_client
        with patch.dict(
            "sys.modules",
            {"epistemic_graph": MagicMock(), "epistemic_graph.client": mock_client_module},
        ):
            mock_client_instance = mock_sync_client.connect.return_value
            from agent_utilities.knowledge_graph.core.graph_compute import (
                GraphComputeEngine,
            )
    
            with patch.dict("os.environ", {"KAFKA_BOOTSTRAP_SERVERS": ""}):
                GraphComputeEngine(graph_name="test_graph")
    
                # The bridge starts in a background thread. We can simulate the EventBus emission
                # and then check if the client's apply_mutation was called.
                # However, since it's a separate thread, it's easier to just test the bridge logic directly.
    
                from agent_utilities.knowledge_graph.core.event_backend import (
                    MemoryEventBackend,
                )
    
                eb = get_event_backend()
>               assert isinstance(eb, MemoryEventBackend)
E               AssertionError: assert False
E                +  where False = isinstance(<agent_utilities.knowledge_graph.core.event_backend.RedpandaEventBackend object at 0x7b6d17350a90>, <class 'agent_utilities.knowledge_graph.core.event_backend.MemoryEventBackend'>)

tests/unit/knowledge_graph/test_event_bridge.py:38: AssertionError
------------------------------ Captured log setup ------------------------------
DEBUG    asyncio:selector_events.py:54 Using selector: EpollSelector
------------------------------ Captured log call -------------------------------
INFO     agent_utilities.knowledge_graph.core.graph_compute:graph_compute.py:60 Connected to epistemic-graph Tokio service (graph: test_graph).
INFO     agent_utilities.knowledge_graph.core.graph_compute:graph_compute.py:120 Started Local-First EventBus bridge to epistemic-graph
DEBUG    asyncio:selector_events.py:54 Using selector: EpollSelector
_______________________ test_register_external_ontology ________________________

graph_engine = <agent_utilities.knowledge_graph.core.engine.IntelligenceGraphEngine object at 0x7b6cc04d85d0>

    def test_register_external_ontology(graph_engine):
        """Test registering external ontologies and verify nodes are added."""
        uri = "http://example.org/ontology#"
        endpoint = "http://example.org/sparql"
    
>       graph_engine.register_external_ontology(uri, endpoint)
        ^^^^^^^^^^^^^^^^^^^^^^^^^^^^^^^^^^^^^^^
E       AttributeError: 'IntelligenceGraphEngine' object has no attribute 'register_external_ontology'

tests/unit/knowledge_graph/test_federation.py:29: AttributeError
------------------------------ Captured log setup ------------------------------
DEBUG    asyncio:selector_events.py:54 Using selector: EpollSelector
INFO     epistemic_graph.client:client.py:520 Connected to epistemic-graph service via UDS: /home/apps/workspace/agent-packages/agent-utilities/tests/.test_epistemic_graph.sock
INFO     agent_utilities.knowledge_graph.core.graph_compute:graph_compute.py:60 Connected to epistemic-graph Tokio service (graph: test_507db4264e43).
DEBUG    asyncio:selector_events.py:54 Using selector: EpollSelector
INFO     agent_utilities.knowledge_graph.core.graph_compute:graph_compute.py:120 Started Local-First EventBus bridge to epistemic-graph
INFO     agent_utilities.knowledge_graph.backends.ladybug_backend:ladybug_backend.py:802 Synchronizing Knowledge Graph Schema (206 node tables, 171 edge tables)...
DEBUG    agent_utilities.knowledge_graph.backends.ladybug_backend:ladybug_backend.py:288 WAL pragma not supported or ignored: Parser exception: extraneous input 'PRAGMA' expecting {ALTER, ATTACH, BEGIN, CALL, CHECKPOINT, COMMENT, COMMIT, COPY, CREATE, DELETE, DETACH, DROP, EXPLAIN, EXPORT, FORCE, IMPORT, INSTALL, LOAD, MATCH, MERGE, OPTIONAL, PROFILE, RETURN, ROLLBACK, SET, UNWIND, UNINSTALL, UPDATE, USE, WITH, SP} (line: 1, offset: 0)
"PRAGMA journal_mode=WAL;"
 ^^^^^^
DEBUG    agent_utilities.knowledge_graph.backends.ladybug_backend:ladybug_backend.py:294 LadybugDB VECTOR extension loaded successfully
WARNING  agent_utilities.knowledge_graph.backends.ladybug_backend:ladybug_backend.py:796 Rel table creation issue (HAS_JURISDICTION_OVER): Binder exception: Table Company does not exist.
WARNING  agent_utilities.knowledge_graph.backends.ladybug_backend:ladybug_backend.py:796 Rel table creation issue (GOVERNS): Binder exception: Table GovernancePolicy does not exist.
WARNING  agent_utilities.knowledge_graph.backends.ladybug_backend:ladybug_backend.py:796 Rel table creation issue (MANUFACTURES): Binder exception: Table Company does not exist.
DEBUG    asyncio:selector_events.py:54 Using selector: EpollSelector
INFO     epistemic_graph.client:client.py:520 Connected to epistemic-graph service via UDS: /home/apps/workspace/agent-packages/agent-utilities/tests/.test_epistemic_graph.sock
INFO     agent_utilities.knowledge_graph.core.graph_compute:graph_compute.py:60 Connected to epistemic-graph Tokio service (graph: test_507db4264e43).
WARNING  agent_utilities.knowledge_graph.core.graph_compute:graph_compute.py:71 Failed to create tenant graph test_507db4264e43: RuntimeError("Graph 'test_507db4264e43' already exists")
DEBUG    asyncio:selector_events.py:54 Using selector: EpollSelector
INFO     agent_utilities.knowledge_graph.core.graph_compute:graph_compute.py:120 Started Local-First EventBus bridge to epistemic-graph
DEBUG    agent_utilities.knowledge_graph.orchestration.engine_query:engine_query.py:48 RBAC Interceptor: Executing query with clearance level 999
_______________________ test_ingest_external_entity_stub _______________________

graph_engine = <agent_utilities.knowledge_graph.core.engine.IntelligenceGraphEngine object at 0x7b6cc04db190>

    def test_ingest_external_entity_stub(graph_engine):
        """Test ingesting metadata stubs from external KGs."""
        internal_node = "InternalConcept_1"
        graph_engine.graph.add_node(internal_node, name="My Concept")
    
        external_id = "ext-999"
        external_uri = "https://leanix.example.com/factsheet/ext-999"
        platform = "leanix"
        name = "LeanIX FactSheet"
    
>       stub_id = graph_engine.ingest_external_entity_stub(
                  ^^^^^^^^^^^^^^^^^^^^^^^^^^^^^^^^^^^^^^^^
            internal_node_id=internal_node,
            external_id=external_id,
            external_uri=external_uri,
            platform=platform,
            name=name,
        )
E       AttributeError: 'IntelligenceGraphEngine' object has no attribute 'ingest_external_entity_stub'

tests/unit/knowledge_graph/test_federation.py:55: AttributeError
------------------------------ Captured log setup ------------------------------
DEBUG    asyncio:selector_events.py:54 Using selector: EpollSelector
INFO     epistemic_graph.client:client.py:520 Connected to epistemic-graph service via UDS: /home/apps/workspace/agent-packages/agent-utilities/tests/.test_epistemic_graph.sock
INFO     agent_utilities.knowledge_graph.core.graph_compute:graph_compute.py:60 Connected to epistemic-graph Tokio service (graph: test_35a564ae54b2).
INFO     agent_utilities.knowledge_graph.core.graph_compute:graph_compute.py:120 Started Local-First EventBus bridge to epistemic-graph
INFO     agent_utilities.knowledge_graph.backends.ladybug_backend:ladybug_backend.py:802 Synchronizing Knowledge Graph Schema (206 node tables, 171 edge tables)...
DEBUG    asyncio:selector_events.py:54 Using selector: EpollSelector
DEBUG    agent_utilities.knowledge_graph.backends.ladybug_backend:ladybug_backend.py:288 WAL pragma not supported or ignored: Parser exception: extraneous input 'PRAGMA' expecting {ALTER, ATTACH, BEGIN, CALL, CHECKPOINT, COMMENT, COMMIT, COPY, CREATE, DELETE, DETACH, DROP, EXPLAIN, EXPORT, FORCE, IMPORT, INSTALL, LOAD, MATCH, MERGE, OPTIONAL, PROFILE, RETURN, ROLLBACK, SET, UNWIND, UNINSTALL, UPDATE, USE, WITH, SP} (line: 1, offset: 0)
"PRAGMA journal_mode=WAL;"
 ^^^^^^
DEBUG    agent_utilities.knowledge_graph.backends.ladybug_backend:ladybug_backend.py:294 LadybugDB VECTOR extension loaded successfully
WARNING  agent_utilities.knowledge_graph.backends.ladybug_backend:ladybug_backend.py:796 Rel table creation issue (HAS_JURISDICTION_OVER): Binder exception: Table Company does not exist.
WARNING  agent_utilities.knowledge_graph.backends.ladybug_backend:ladybug_backend.py:796 Rel table creation issue (GOVERNS): Binder exception: Table GovernancePolicy does not exist.
WARNING  agent_utilities.knowledge_graph.backends.ladybug_backend:ladybug_backend.py:796 Rel table creation issue (MANUFACTURES): Binder exception: Table Company does not exist.
DEBUG    asyncio:selector_events.py:54 Using selector: EpollSelector
INFO     epistemic_graph.client:client.py:520 Connected to epistemic-graph service via UDS: /home/apps/workspace/agent-packages/agent-utilities/tests/.test_epistemic_graph.sock
INFO     agent_utilities.knowledge_graph.core.graph_compute:graph_compute.py:60 Connected to epistemic-graph Tokio service (graph: test_35a564ae54b2).
WARNING  agent_utilities.knowledge_graph.core.graph_compute:graph_compute.py:71 Failed to create tenant graph test_35a564ae54b2: RuntimeError("Graph 'test_35a564ae54b2' already exists")
INFO     agent_utilities.knowledge_graph.core.graph_compute:graph_compute.py:120 Started Local-First EventBus bridge to epistemic-graph
DEBUG    asyncio:selector_events.py:54 Using selector: EpollSelector
DEBUG    agent_utilities.knowledge_graph.orchestration.engine_query:engine_query.py:48 RBAC Interceptor: Executing query with clearance level 999
________________________ test_execute_federated_sparql _________________________

mock_post = <MagicMock name='post' id='135707011421392'>
graph_engine = <agent_utilities.knowledge_graph.core.engine.IntelligenceGraphEngine object at 0x7b6cc0333d10>

    @patch("requests.post")
    def test_execute_federated_sparql(mock_post, graph_engine):
        """Test executing SPARQL query against mock external HTTP endpoint."""
        endpoint = "http://example.org/sparql"
        query = "SELECT ?s ?p ?o WHERE { ?s ?p ?o }"
    
        # Mock response
        mock_response = MagicMock()
        mock_response.json.return_value = {
            "results": {
                "bindings": [
                    {
                        "s": {"value": "http://example.org/s1"},
                        "p": {"value": "http://example.org/p1"},
                        "o": {"value": "http://example.org/o1"},
                    }
                ]
            }
        }
        mock_post.return_value = mock_response
    
>       results = graph_engine.execute_federated_sparql(endpoint, query)
                  ^^^^^^^^^^^^^^^^^^^^^^^^^^^^^^^^^^^^^
E       AttributeError: 'IntelligenceGraphEngine' object has no attribute 'execute_federated_sparql'

tests/unit/knowledge_graph/test_federation.py:97: AttributeError
------------------------------ Captured log setup ------------------------------
DEBUG    asyncio:selector_events.py:54 Using selector: EpollSelector
INFO     epistemic_graph.client:client.py:520 Connected to epistemic-graph service via UDS: /home/apps/workspace/agent-packages/agent-utilities/tests/.test_epistemic_graph.sock
INFO     agent_utilities.knowledge_graph.core.graph_compute:graph_compute.py:60 Connected to epistemic-graph Tokio service (graph: test_2aad7036d9ab).
INFO     agent_utilities.knowledge_graph.core.graph_compute:graph_compute.py:120 Started Local-First EventBus bridge to epistemic-graph
INFO     agent_utilities.knowledge_graph.backends.ladybug_backend:ladybug_backend.py:802 Synchronizing Knowledge Graph Schema (206 node tables, 171 edge tables)...
DEBUG    asyncio:selector_events.py:54 Using selector: EpollSelector
DEBUG    agent_utilities.knowledge_graph.backends.ladybug_backend:ladybug_backend.py:288 WAL pragma not supported or ignored: Parser exception: extraneous input 'PRAGMA' expecting {ALTER, ATTACH, BEGIN, CALL, CHECKPOINT, COMMENT, COMMIT, COPY, CREATE, DELETE, DETACH, DROP, EXPLAIN, EXPORT, FORCE, IMPORT, INSTALL, LOAD, MATCH, MERGE, OPTIONAL, PROFILE, RETURN, ROLLBACK, SET, UNWIND, UNINSTALL, UPDATE, USE, WITH, SP} (line: 1, offset: 0)
"PRAGMA journal_mode=WAL;"
 ^^^^^^
DEBUG    agent_utilities.knowledge_graph.backends.ladybug_backend:ladybug_backend.py:294 LadybugDB VECTOR extension loaded successfully
WARNING  agent_utilities.knowledge_graph.backends.ladybug_backend:ladybug_backend.py:796 Rel table creation issue (HAS_JURISDICTION_OVER): Binder exception: Table Company does not exist.
WARNING  agent_utilities.knowledge_graph.backends.ladybug_backend:ladybug_backend.py:796 Rel table creation issue (GOVERNS): Binder exception: Table GovernancePolicy does not exist.
WARNING  agent_utilities.knowledge_graph.backends.ladybug_backend:ladybug_backend.py:796 Rel table creation issue (MANUFACTURES): Binder exception: Table Company does not exist.
DEBUG    asyncio:selector_events.py:54 Using selector: EpollSelector
INFO     epistemic_graph.client:client.py:520 Connected to epistemic-graph service via UDS: /home/apps/workspace/agent-packages/agent-utilities/tests/.test_epistemic_graph.sock
INFO     agent_utilities.knowledge_graph.core.graph_compute:graph_compute.py:60 Connected to epistemic-graph Tokio service (graph: test_2aad7036d9ab).
WARNING  agent_utilities.knowledge_graph.core.graph_compute:graph_compute.py:71 Failed to create tenant graph test_2aad7036d9ab: RuntimeError("Graph 'test_2aad7036d9ab' already exists")
INFO     agent_utilities.knowledge_graph.core.graph_compute:graph_compute.py:120 Started Local-First EventBus bridge to epistemic-graph
DEBUG    asyncio:selector_events.py:54 Using selector: EpollSelector
DEBUG    agent_utilities.knowledge_graph.orchestration.engine_query:engine_query.py:48 RBAC Interceptor: Executing query with clearance level 999
__________________________ test_execute_federated_lpg __________________________

mock_create_backend = <MagicMock name='create_backend' id='135707011626576'>
graph_engine = <agent_utilities.knowledge_graph.core.engine.IntelligenceGraphEngine object at 0x7b6cc0392010>

    @patch("agent_utilities.knowledge_graph.orchestration.engine_federation.create_backend")
    def test_execute_federated_lpg(mock_create_backend, graph_engine):
        """Test executing federated Cypher query against LPG backend."""
        endpoint = "bolt://neo4j.example.com:7687"
        query = "MATCH (n) RETURN n LIMIT 5"
    
        mock_backend = MagicMock()
        mock_backend.execute.return_value = [{"n": {"id": "123", "name": "Test Node"}}]
        mock_create_backend.return_value = mock_backend
    
>       results = graph_engine.execute_federated_lpg(endpoint, query)
                  ^^^^^^^^^^^^^^^^^^^^^^^^^^^^^^^^^^
E       AttributeError: 'IntelligenceGraphEngine' object has no attribute 'execute_federated_lpg'

tests/unit/knowledge_graph/test_federation.py:116: AttributeError
------------------------------ Captured log setup ------------------------------
DEBUG    asyncio:selector_events.py:54 Using selector: EpollSelector
INFO     epistemic_graph.client:client.py:520 Connected to epistemic-graph service via UDS: /home/apps/workspace/agent-packages/agent-utilities/tests/.test_epistemic_graph.sock
INFO     agent_utilities.knowledge_graph.core.graph_compute:graph_compute.py:60 Connected to epistemic-graph Tokio service (graph: test_f008c6a39251).
INFO     agent_utilities.knowledge_graph.core.graph_compute:graph_compute.py:120 Started Local-First EventBus bridge to epistemic-graph
INFO     agent_utilities.knowledge_graph.backends.ladybug_backend:ladybug_backend.py:802 Synchronizing Knowledge Graph Schema (206 node tables, 171 edge tables)...
DEBUG    asyncio:selector_events.py:54 Using selector: EpollSelector
DEBUG    agent_utilities.knowledge_graph.backends.ladybug_backend:ladybug_backend.py:288 WAL pragma not supported or ignored: Parser exception: extraneous input 'PRAGMA' expecting {ALTER, ATTACH, BEGIN, CALL, CHECKPOINT, COMMENT, COMMIT, COPY, CREATE, DELETE, DETACH, DROP, EXPLAIN, EXPORT, FORCE, IMPORT, INSTALL, LOAD, MATCH, MERGE, OPTIONAL, PROFILE, RETURN, ROLLBACK, SET, UNWIND, UNINSTALL, UPDATE, USE, WITH, SP} (line: 1, offset: 0)
"PRAGMA journal_mode=WAL;"
 ^^^^^^
DEBUG    agent_utilities.knowledge_graph.backends.ladybug_backend:ladybug_backend.py:294 LadybugDB VECTOR extension loaded successfully
WARNING  agent_utilities.knowledge_graph.backends.ladybug_backend:ladybug_backend.py:796 Rel table creation issue (HAS_JURISDICTION_OVER): Binder exception: Table Company does not exist.
WARNING  agent_utilities.knowledge_graph.backends.ladybug_backend:ladybug_backend.py:796 Rel table creation issue (GOVERNS): Binder exception: Table GovernancePolicy does not exist.
WARNING  agent_utilities.knowledge_graph.backends.ladybug_backend:ladybug_backend.py:796 Rel table creation issue (MANUFACTURES): Binder exception: Table Company does not exist.
DEBUG    asyncio:selector_events.py:54 Using selector: EpollSelector
INFO     epistemic_graph.client:client.py:520 Connected to epistemic-graph service via UDS: /home/apps/workspace/agent-packages/agent-utilities/tests/.test_epistemic_graph.sock
INFO     agent_utilities.knowledge_graph.core.graph_compute:graph_compute.py:60 Connected to epistemic-graph Tokio service (graph: test_f008c6a39251).
WARNING  agent_utilities.knowledge_graph.core.graph_compute:graph_compute.py:71 Failed to create tenant graph test_f008c6a39251: RuntimeError("Graph 'test_f008c6a39251' already exists")
DEBUG    asyncio:selector_events.py:54 Using selector: EpollSelector
INFO     agent_utilities.knowledge_graph.core.graph_compute:graph_compute.py:120 Started Local-First EventBus bridge to epistemic-graph
DEBUG    agent_utilities.knowledge_graph.orchestration.engine_query:engine_query.py:48 RBAC Interceptor: Executing query with clearance level 999
___________________________ test_kb_model_validation ___________________________

    @pytest.mark.asyncio
    async def test_kb_model_validation():
        """Test validation of Research KB models."""
        # Source
        src = Source(
            id="src:1",
            source_id="src:1",
            title="Impact of Climate on Health",
            doi="10.1234/nature.2026",
            authors=["Alice", "Bob"],
        )
>       assert src.id == "src:1"
               ^^^^^^

tests/unit/knowledge_graph/test_kb_research.py:34: 
_ _ _ _ _ _ _ _ _ _ _ _ _ _ _ _ _ _ _ _ _ _ _ _ _ _ _ _ _ _ _ _ _ _ _ _ _ _ _ _ 

self = Source(node_id='src:1', labels=['Source'], properties={}, created_at=datetime.datetime(2026, 5, 30, 20, 56, 0, 645344,...le='Impact of Climate on Health', doi='10.1234/nature.2026', url=None, publication_date=None, authors=['Alice', 'Bob'])
item = 'id'

    def __getattr__(self, item: str) -> Any:
        private_attributes = object.__getattribute__(self, '__private_attributes__')
        if item in private_attributes:
            attribute = private_attributes[item]
            if hasattr(attribute, '__get__'):
                return attribute.__get__(self, type(self))  # type: ignore
    
            try:
                # Note: self.__pydantic_private__ cannot be None if self.__private_attributes__ has items
                return self.__pydantic_private__[item]  # type: ignore
            except KeyError as exc:
                raise AttributeError(f'{type(self).__name__!r} object has no attribute {item!r}') from exc
        else:
            # `__pydantic_extra__` can fail to be set if the model is not yet fully initialized.
            # See `BaseModel.__repr_args__` for more details
            try:
                pydantic_extra = object.__getattribute__(self, '__pydantic_extra__')
            except AttributeError:
                pydantic_extra = None
    
            if pydantic_extra and item in pydantic_extra:
                return pydantic_extra[item]
            else:
                if hasattr(self.__class__, item):
                    return super().__getattribute__(item)  # Raises AttributeError if appropriate
                else:
                    # this is the current error
>                   raise AttributeError(f'{type(self).__name__!r} object has no attribute {item!r}')
E                   AttributeError: 'Source' object has no attribute 'id'

../../.venv/lib/python3.11/site-packages/pydantic/main.py:1042: AttributeError
------------------------------ Captured log setup ------------------------------
DEBUG    asyncio:selector_events.py:54 Using selector: EpollSelector
_______________ test_retrieve_place_view_stub_returns_empty_list _______________

    def test_retrieve_place_view_stub_returns_empty_list() -> None:
        from agent_utilities.knowledge_graph.core.engine import (
            IntelligenceGraphEngine,
        )
        from agent_utilities.knowledge_graph.core.graph_compute import GraphComputeEngine
    
>       eng = IntelligenceGraphEngine(graph=GraphComputeEngine())
              ^^^^^^^^^^^^^^^^^^^^^^^^^^^^^^^^^^^^^^^^^^^^^^^^^^^

tests/unit/knowledge_graph/test_kg_models.py:987: 
_ _ _ _ _ _ _ _ _ _ _ _ _ _ _ _ _ _ _ _ _ _ _ _ _ _ _ _ _ _ _ _ _ _ _ _ _ _ _ _ 

self = <agent_utilities.knowledge_graph.core.engine.IntelligenceGraphEngine object at 0x7b6cc0321a50>
backend = None, db_path = None, external_ontologies = None
graph = <agent_utilities.knowledge_graph.core.graph_compute.GraphComputeEngine object at 0x7b6cc0322e10>

    def __init__(
        self,
        backend: GraphBackend | None = None,
        db_path: str | None = None,
        external_ontologies: list[str] | None = None,
        graph: Any = None,
    ):
        # Use provided backend, or check for an active one, or create one from factory
        if backend is not None:
            self.backend = backend
        else:
            active_backend = get_active_backend()
            if active_backend is not None:
                self.backend = active_backend
            elif db_path:
                self.backend = create_backend(db_path=db_path)
            else:
>               raise RuntimeError(
                    "A persistent graph backend is required. Memory-only mode is no longer supported."
                )
E               RuntimeError: A persistent graph backend is required. Memory-only mode is no longer supported.

agent_utilities/knowledge_graph/core/engine.py:119: RuntimeError
------------------------------ Captured log call -------------------------------
DEBUG    asyncio:selector_events.py:54 Using selector: EpollSelector
INFO     epistemic_graph.client:client.py:520 Connected to epistemic-graph service via UDS: /home/apps/workspace/agent-packages/agent-utilities/tests/.test_epistemic_graph.sock
INFO     agent_utilities.knowledge_graph.core.graph_compute:graph_compute.py:60 Connected to epistemic-graph Tokio service (graph: test_95bc6f1eb56d).
INFO     agent_utilities.knowledge_graph.core.graph_compute:graph_compute.py:120 Started Local-First EventBus bridge to epistemic-graph
_____________ test_retrieve_epistemic_view_stub_has_expected_shape _____________

    def test_retrieve_epistemic_view_stub_has_expected_shape() -> None:
        from agent_utilities.knowledge_graph.core.engine import (
            IntelligenceGraphEngine,
        )
        from agent_utilities.knowledge_graph.core.graph_compute import GraphComputeEngine
    
>       eng = IntelligenceGraphEngine(graph=GraphComputeEngine())
              ^^^^^^^^^^^^^^^^^^^^^^^^^^^^^^^^^^^^^^^^^^^^^^^^^^^

tests/unit/knowledge_graph/test_kg_models.py:998: 
_ _ _ _ _ _ _ _ _ _ _ _ _ _ _ _ _ _ _ _ _ _ _ _ _ _ _ _ _ _ _ _ _ _ _ _ _ _ _ _ 

self = <agent_utilities.knowledge_graph.core.engine.IntelligenceGraphEngine object at 0x7b6ce45173d0>
backend = None, db_path = None, external_ontologies = None
graph = <agent_utilities.knowledge_graph.core.graph_compute.GraphComputeEngine object at 0x7b6ce45b2790>

    def __init__(
        self,
        backend: GraphBackend | None = None,
        db_path: str | None = None,
        external_ontologies: list[str] | None = None,
        graph: Any = None,
    ):
        # Use provided backend, or check for an active one, or create one from factory
        if backend is not None:
            self.backend = backend
        else:
            active_backend = get_active_backend()
            if active_backend is not None:
                self.backend = active_backend
            elif db_path:
                self.backend = create_backend(db_path=db_path)
            else:
>               raise RuntimeError(
                    "A persistent graph backend is required. Memory-only mode is no longer supported."
                )
E               RuntimeError: A persistent graph backend is required. Memory-only mode is no longer supported.

agent_utilities/knowledge_graph/core/engine.py:119: RuntimeError
------------------------------ Captured log call -------------------------------
DEBUG    asyncio:selector_events.py:54 Using selector: EpollSelector
INFO     epistemic_graph.client:client.py:520 Connected to epistemic-graph service via UDS: /home/apps/workspace/agent-packages/agent-utilities/tests/.test_epistemic_graph.sock
INFO     agent_utilities.knowledge_graph.core.graph_compute:graph_compute.py:60 Connected to epistemic-graph Tokio service (graph: test_b19d0f32195c).
INFO     agent_utilities.knowledge_graph.core.graph_compute:graph_compute.py:120 Started Local-First EventBus bridge to epistemic-graph
DEBUG    asyncio:selector_events.py:54 Using selector: EpollSelector
______ test_retrieve_orthogonal_context_includes_v2_views_when_requested _______

    def test_retrieve_orthogonal_context_includes_v2_views_when_requested() -> None:
        from agent_utilities.knowledge_graph.core.engine import (
            IntelligenceGraphEngine,
        )
        from agent_utilities.knowledge_graph.core.graph_compute import GraphComputeEngine
    
>       eng = IntelligenceGraphEngine(graph=GraphComputeEngine())
              ^^^^^^^^^^^^^^^^^^^^^^^^^^^^^^^^^^^^^^^^^^^^^^^^^^^

tests/unit/knowledge_graph/test_kg_models.py:1010: 
_ _ _ _ _ _ _ _ _ _ _ _ _ _ _ _ _ _ _ _ _ _ _ _ _ _ _ _ _ _ _ _ _ _ _ _ _ _ _ _ 

self = <agent_utilities.knowledge_graph.core.engine.IntelligenceGraphEngine object at 0x7b6cc041c0d0>
backend = None, db_path = None, external_ontologies = None
graph = <agent_utilities.knowledge_graph.core.graph_compute.GraphComputeEngine object at 0x7b6cc041df50>

    def __init__(
        self,
        backend: GraphBackend | None = None,
        db_path: str | None = None,
        external_ontologies: list[str] | None = None,
        graph: Any = None,
    ):
        # Use provided backend, or check for an active one, or create one from factory
        if backend is not None:
            self.backend = backend
        else:
            active_backend = get_active_backend()
            if active_backend is not None:
                self.backend = active_backend
            elif db_path:
                self.backend = create_backend(db_path=db_path)
            else:
>               raise RuntimeError(
                    "A persistent graph backend is required. Memory-only mode is no longer supported."
                )
E               RuntimeError: A persistent graph backend is required. Memory-only mode is no longer supported.

agent_utilities/knowledge_graph/core/engine.py:119: RuntimeError
------------------------------ Captured log call -------------------------------
DEBUG    asyncio:selector_events.py:54 Using selector: EpollSelector
INFO     epistemic_graph.client:client.py:520 Connected to epistemic-graph service via UDS: /home/apps/workspace/agent-packages/agent-utilities/tests/.test_epistemic_graph.sock
INFO     agent_utilities.knowledge_graph.core.graph_compute:graph_compute.py:60 Connected to epistemic-graph Tokio service (graph: test_9ffabe45cbfc).
INFO     agent_utilities.knowledge_graph.core.graph_compute:graph_compute.py:120 Started Local-First EventBus bridge to epistemic-graph
DEBUG    asyncio:selector_events.py:54 Using selector: EpollSelector
__________ test_retrieve_orthogonal_context_default_keeps_v1_contract __________

    def test_retrieve_orthogonal_context_default_keeps_v1_contract() -> None:
        """Passing no ``views`` argument must still return the V1 four views,
    
        so existing callers don't break. (§6 backward-compat invariant.)
        """
        from agent_utilities.knowledge_graph.core.engine import (
            IntelligenceGraphEngine,
        )
        from agent_utilities.knowledge_graph.core.graph_compute import GraphComputeEngine
    
>       eng = IntelligenceGraphEngine(graph=GraphComputeEngine())
              ^^^^^^^^^^^^^^^^^^^^^^^^^^^^^^^^^^^^^^^^^^^^^^^^^^^

tests/unit/knowledge_graph/test_kg_models.py:1031: 
_ _ _ _ _ _ _ _ _ _ _ _ _ _ _ _ _ _ _ _ _ _ _ _ _ _ _ _ _ _ _ _ _ _ _ _ _ _ _ _ 

self = <agent_utilities.knowledge_graph.core.engine.IntelligenceGraphEngine object at 0x7b6ce45ea310>
backend = None, db_path = None, external_ontologies = None
graph = <agent_utilities.knowledge_graph.core.graph_compute.GraphComputeEngine object at 0x7b6ce45e9110>

    def __init__(
        self,
        backend: GraphBackend | None = None,
        db_path: str | None = None,
        external_ontologies: list[str] | None = None,
        graph: Any = None,
    ):
        # Use provided backend, or check for an active one, or create one from factory
        if backend is not None:
            self.backend = backend
        else:
            active_backend = get_active_backend()
            if active_backend is not None:
                self.backend = active_backend
            elif db_path:
                self.backend = create_backend(db_path=db_path)
            else:
>               raise RuntimeError(
                    "A persistent graph backend is required. Memory-only mode is no longer supported."
                )
E               RuntimeError: A persistent graph backend is required. Memory-only mode is no longer supported.

agent_utilities/knowledge_graph/core/engine.py:119: RuntimeError
------------------------------ Captured log call -------------------------------
DEBUG    asyncio:selector_events.py:54 Using selector: EpollSelector
INFO     epistemic_graph.client:client.py:520 Connected to epistemic-graph service via UDS: /home/apps/workspace/agent-packages/agent-utilities/tests/.test_epistemic_graph.sock
INFO     agent_utilities.knowledge_graph.core.graph_compute:graph_compute.py:60 Connected to epistemic-graph Tokio service (graph: test_758437cc7e6e).
INFO     agent_utilities.knowledge_graph.core.graph_compute:graph_compute.py:120 Started Local-First EventBus bridge to epistemic-graph
DEBUG    asyncio:selector_events.py:54 Using selector: EpollSelector
______________ test_standard_inference_skos_broader_transitivity _______________

    def test_standard_inference_skos_broader_transitivity() -> None:
        """SKOS broader transitivity rule produces expected NX inference."""
        from agent_utilities.knowledge_graph.core.engine import IntelligenceGraphEngine
        from agent_utilities.knowledge_graph.core.graph_compute import GraphComputeEngine
        from agent_utilities.knowledge_graph.core.inference_engine import InferenceEngine
    
        g = GraphComputeEngine(backend_type="rust")
        g.add_node("concept:a", type="concept", name="A")
        g.add_node("concept:b", type="concept", name="B")
        g.add_node("concept:c", type="concept", name="C")
        g.add_edge("concept:a", "concept:b", type="broader")
        g.add_edge("concept:b", "concept:c", type="broader")
    
        engine = IntelligenceGraphEngine(db_path=":memory:")
        inf = InferenceEngine(engine)
        result = inf.run_inference()
    
>       assert result >= 1, "Expected at least 1 inference from SKOS broader transitivity"
E       AssertionError: Expected at least 1 inference from SKOS broader transitivity
E       assert 0 >= 1

tests/unit/knowledge_graph/test_standard_ontology.py:566: AssertionError
------------------------------ Captured log call -------------------------------
DEBUG    asyncio:selector_events.py:54 Using selector: EpollSelector
INFO     epistemic_graph.client:client.py:520 Connected to epistemic-graph service via UDS: /home/apps/workspace/agent-packages/agent-utilities/tests/.test_epistemic_graph.sock
INFO     agent_utilities.knowledge_graph.core.graph_compute:graph_compute.py:60 Connected to epistemic-graph Tokio service (graph: test_cc0270064d89).
INFO     agent_utilities.knowledge_graph.core.graph_compute:graph_compute.py:120 Started Local-First EventBus bridge to epistemic-graph
DEBUG    asyncio:selector_events.py:54 Using selector: EpollSelector
INFO     agent_utilities.knowledge_graph.backends.ladybug_backend:ladybug_backend.py:802 Synchronizing Knowledge Graph Schema (206 node tables, 171 edge tables)...
DEBUG    agent_utilities.knowledge_graph.backends.ladybug_backend:ladybug_backend.py:288 WAL pragma not supported or ignored: Parser exception: extraneous input 'PRAGMA' expecting {ALTER, ATTACH, BEGIN, CALL, CHECKPOINT, COMMENT, COMMIT, COPY, CREATE, DELETE, DETACH, DROP, EXPLAIN, EXPORT, FORCE, IMPORT, INSTALL, LOAD, MATCH, MERGE, OPTIONAL, PROFILE, RETURN, ROLLBACK, SET, UNWIND, UNINSTALL, UPDATE, USE, WITH, SP} (line: 1, offset: 0)
"PRAGMA journal_mode=WAL;"
 ^^^^^^
DEBUG    agent_utilities.knowledge_graph.backends.ladybug_backend:ladybug_backend.py:294 LadybugDB VECTOR extension loaded successfully
WARNING  agent_utilities.knowledge_graph.backends.ladybug_backend:ladybug_backend.py:796 Rel table creation issue (HAS_JURISDICTION_OVER): Binder exception: Table Company does not exist.
WARNING  agent_utilities.knowledge_graph.backends.ladybug_backend:ladybug_backend.py:796 Rel table creation issue (GOVERNS): Binder exception: Table GovernancePolicy does not exist.
WARNING  agent_utilities.knowledge_graph.backends.ladybug_backend:ladybug_backend.py:796 Rel table creation issue (MANUFACTURES): Binder exception: Table Company does not exist.
WARNING  agent_utilities.knowledge_graph.backends.ladybug_backend:ladybug_backend.py:796 Rel table creation issue (HAS_JURISDICTION_OVER): Binder exception: Table Company does not exist.
WARNING  agent_utilities.knowledge_graph.backends.ladybug_backend:ladybug_backend.py:796 Rel table creation issue (GOVERNS): Binder exception: Table GovernancePolicy does not exist.
WARNING  agent_utilities.knowledge_graph.backends.ladybug_backend:ladybug_backend.py:796 Rel table creation issue (MANUFACTURES): Binder exception: Table Company does not exist.
DEBUG    asyncio:selector_events.py:54 Using selector: EpollSelector
INFO     epistemic_graph.client:client.py:520 Connected to epistemic-graph service via UDS: /home/apps/workspace/agent-packages/agent-utilities/tests/.test_epistemic_graph.sock
INFO     agent_utilities.knowledge_graph.core.graph_compute:graph_compute.py:60 Connected to epistemic-graph Tokio service (graph: test_cc0270064d89).
WARNING  agent_utilities.knowledge_graph.core.graph_compute:graph_compute.py:71 Failed to create tenant graph test_cc0270064d89: RuntimeError("Graph 'test_cc0270064d89' already exists")
INFO     agent_utilities.knowledge_graph.core.graph_compute:graph_compute.py:120 Started Local-First EventBus bridge to epistemic-graph
DEBUG    asyncio:selector_events.py:54 Using selector: EpollSelector
DEBUG    agent_utilities.knowledge_graph.orchestration.engine_query:engine_query.py:48 RBAC Interceptor: Executing query with clearance level 999
WARNING  agent_utilities.knowledge_graph.backends.ladybug_backend:ladybug_backend.py:649 LadybugDB table not found (check schema): Binder exception: Table DEPENDS_ON_INDIRECT does not exist.
WARNING  agent_utilities.knowledge_graph.backends.ladybug_backend:ladybug_backend.py:649 LadybugDB table not found (check schema): Binder exception: Table HAS_METHOD does not exist.
WARNING  agent_utilities.knowledge_graph.backends.ladybug_backend:ladybug_backend.py:649 LadybugDB table not found (check schema): Binder exception: Table POTENTIAL_COLLABORATOR does not exist.
INFO     agent_utilities.knowledge_graph.core.inference_engine:inference_engine.py:77 InferenceEngine (Cypher): Derived 0 new facts.
ERROR    agent_utilities.knowledge_graph.backends.ladybug_backend:ladybug_backend.py:659 LadybugDB binder issue (invalid property?): Binder exception: Create rel r bound by multiple node labels is not supported.
ERROR    agent_utilities.knowledge_graph.backends.ladybug_backend:ladybug_backend.py:659 LadybugDB binder issue (invalid property?): Binder exception: Create rel r bound by multiple node labels is not supported.
DEBUG    agent_utilities.knowledge_graph.backends.ladybug_backend:ladybug_backend.py:655 LadybugDB vector index or property missing (expected): Binder exception: Cannot find property inferred for rel.
ERROR    agent_utilities.knowledge_graph.backends.ladybug_backend:ladybug_backend.py:659 LadybugDB binder issue (invalid property?): Binder exception: Query node pp violates schema. Expected labels are Episode.
_____________ test_standard_inference_prov_derivation_transitivity _____________

    def test_standard_inference_prov_derivation_transitivity() -> None:
        """PROV-O was_derived_from transitivity rule works."""
        from agent_utilities.knowledge_graph.core.engine import IntelligenceGraphEngine
        from agent_utilities.knowledge_graph.core.graph_compute import GraphComputeEngine
        from agent_utilities.knowledge_graph.core.inference_engine import InferenceEngine
    
        g = GraphComputeEngine(backend_type="rust")
        g.add_node("doc:a", type="document", name="A")
        g.add_node("doc:b", type="document", name="B")
        g.add_node("doc:c", type="document", name="C")
        g.add_edge("doc:a", "doc:b", type="was_derived_from")
        g.add_edge("doc:b", "doc:c", type="was_derived_from")
    
        engine = IntelligenceGraphEngine(db_path=":memory:")
        inf = InferenceEngine(engine)
        result = inf.run_inference()
    
>       assert result >= 1
E       assert 0 >= 1

tests/unit/knowledge_graph/test_standard_ontology.py:587: AssertionError
------------------------------ Captured log call -------------------------------
DEBUG    asyncio:selector_events.py:54 Using selector: EpollSelector
INFO     epistemic_graph.client:client.py:520 Connected to epistemic-graph service via UDS: /home/apps/workspace/agent-packages/agent-utilities/tests/.test_epistemic_graph.sock
INFO     agent_utilities.knowledge_graph.core.graph_compute:graph_compute.py:60 Connected to epistemic-graph Tokio service (graph: test_fbacf4d4f38e).
INFO     agent_utilities.knowledge_graph.core.graph_compute:graph_compute.py:120 Started Local-First EventBus bridge to epistemic-graph
DEBUG    asyncio:selector_events.py:54 Using selector: EpollSelector
INFO     agent_utilities.knowledge_graph.backends.ladybug_backend:ladybug_backend.py:802 Synchronizing Knowledge Graph Schema (206 node tables, 171 edge tables)...
DEBUG    agent_utilities.knowledge_graph.backends.ladybug_backend:ladybug_backend.py:288 WAL pragma not supported or ignored: Parser exception: extraneous input 'PRAGMA' expecting {ALTER, ATTACH, BEGIN, CALL, CHECKPOINT, COMMENT, COMMIT, COPY, CREATE, DELETE, DETACH, DROP, EXPLAIN, EXPORT, FORCE, IMPORT, INSTALL, LOAD, MATCH, MERGE, OPTIONAL, PROFILE, RETURN, ROLLBACK, SET, UNWIND, UNINSTALL, UPDATE, USE, WITH, SP} (line: 1, offset: 0)
"PRAGMA journal_mode=WAL;"
 ^^^^^^
DEBUG    agent_utilities.knowledge_graph.backends.ladybug_backend:ladybug_backend.py:294 LadybugDB VECTOR extension loaded successfully
WARNING  agent_utilities.knowledge_graph.backends.ladybug_backend:ladybug_backend.py:796 Rel table creation issue (HAS_JURISDICTION_OVER): Binder exception: Table Company does not exist.
WARNING  agent_utilities.knowledge_graph.backends.ladybug_backend:ladybug_backend.py:796 Rel table creation issue (GOVERNS): Binder exception: Table GovernancePolicy does not exist.
WARNING  agent_utilities.knowledge_graph.backends.ladybug_backend:ladybug_backend.py:796 Rel table creation issue (MANUFACTURES): Binder exception: Table Company does not exist.
DEBUG    asyncio:selector_events.py:54 Using selector: EpollSelector
INFO     epistemic_graph.client:client.py:520 Connected to epistemic-graph service via UDS: /home/apps/workspace/agent-packages/agent-utilities/tests/.test_epistemic_graph.sock
INFO     agent_utilities.knowledge_graph.core.graph_compute:graph_compute.py:60 Connected to epistemic-graph Tokio service (graph: test_fbacf4d4f38e).
WARNING  agent_utilities.knowledge_graph.core.graph_compute:graph_compute.py:71 Failed to create tenant graph test_fbacf4d4f38e: RuntimeError("Graph 'test_fbacf4d4f38e' already exists")
INFO     agent_utilities.knowledge_graph.core.graph_compute:graph_compute.py:120 Started Local-First EventBus bridge to epistemic-graph
DEBUG    asyncio:selector_events.py:54 Using selector: EpollSelector
DEBUG    agent_utilities.knowledge_graph.orchestration.engine_query:engine_query.py:48 RBAC Interceptor: Executing query with clearance level 999
WARNING  agent_utilities.knowledge_graph.backends.ladybug_backend:ladybug_backend.py:649 LadybugDB table not found (check schema): Binder exception: Table DEPENDS_ON_INDIRECT does not exist.
WARNING  agent_utilities.knowledge_graph.backends.ladybug_backend:ladybug_backend.py:649 LadybugDB table not found (check schema): Binder exception: Table HAS_METHOD does not exist.
WARNING  agent_utilities.knowledge_graph.backends.ladybug_backend:ladybug_backend.py:649 LadybugDB table not found (check schema): Binder exception: Table POTENTIAL_COLLABORATOR does not exist.
INFO     agent_utilities.knowledge_graph.core.inference_engine:inference_engine.py:77 InferenceEngine (Cypher): Derived 0 new facts.
ERROR    agent_utilities.knowledge_graph.backends.ladybug_backend:ladybug_backend.py:659 LadybugDB binder issue (invalid property?): Binder exception: Create rel r bound by multiple node labels is not supported.
ERROR    agent_utilities.knowledge_graph.backends.ladybug_backend:ladybug_backend.py:659 LadybugDB binder issue (invalid property?): Binder exception: Create rel r bound by multiple node labels is not supported.
DEBUG    agent_utilities.knowledge_graph.backends.ladybug_backend:ladybug_backend.py:655 LadybugDB vector index or property missing (expected): Binder exception: Cannot find property inferred for rel.
ERROR    agent_utilities.knowledge_graph.backends.ladybug_backend:ladybug_backend.py:659 LadybugDB binder issue (invalid property?): Binder exception: Query node pp violates schema. Expected labels are Episode.
______________ test_standard_inference_temporal_phase_containment ______________

    def test_standard_inference_temporal_phase_containment() -> None:
        """Temporal phase containment rule works."""
        from agent_utilities.knowledge_graph.core.engine import IntelligenceGraphEngine
        from agent_utilities.knowledge_graph.core.graph_compute import GraphComputeEngine
        from agent_utilities.knowledge_graph.core.inference_engine import InferenceEngine
    
        g = GraphComputeEngine(backend_type="rust")
        g.add_node("event:1", type="event", name="E1")
        g.add_node("phase:q2", type="phase", name="Q2")
        g.add_node("phase:2026", type="phase", name="2026")
        g.add_edge("event:1", "phase:q2", type="occurred_during")
        g.add_edge("phase:q2", "phase:2026", type="part_of")
    
        engine = IntelligenceGraphEngine(db_path=":memory:")
        inf = InferenceEngine(engine)
        result = inf.run_inference()
    
>       assert result >= 1
E       assert 0 >= 1

tests/unit/knowledge_graph/test_standard_ontology.py:608: AssertionError
------------------------------ Captured log call -------------------------------
DEBUG    asyncio:selector_events.py:54 Using selector: EpollSelector
INFO     epistemic_graph.client:client.py:520 Connected to epistemic-graph service via UDS: /home/apps/workspace/agent-packages/agent-utilities/tests/.test_epistemic_graph.sock
INFO     agent_utilities.knowledge_graph.core.graph_compute:graph_compute.py:60 Connected to epistemic-graph Tokio service (graph: test_86ffddd0fd96).
DEBUG    asyncio:selector_events.py:54 Using selector: EpollSelector
INFO     agent_utilities.knowledge_graph.core.graph_compute:graph_compute.py:120 Started Local-First EventBus bridge to epistemic-graph
INFO     agent_utilities.knowledge_graph.backends.ladybug_backend:ladybug_backend.py:802 Synchronizing Knowledge Graph Schema (206 node tables, 171 edge tables)...
DEBUG    agent_utilities.knowledge_graph.backends.ladybug_backend:ladybug_backend.py:288 WAL pragma not supported or ignored: Parser exception: extraneous input 'PRAGMA' expecting {ALTER, ATTACH, BEGIN, CALL, CHECKPOINT, COMMENT, COMMIT, COPY, CREATE, DELETE, DETACH, DROP, EXPLAIN, EXPORT, FORCE, IMPORT, INSTALL, LOAD, MATCH, MERGE, OPTIONAL, PROFILE, RETURN, ROLLBACK, SET, UNWIND, UNINSTALL, UPDATE, USE, WITH, SP} (line: 1, offset: 0)
"PRAGMA journal_mode=WAL;"
 ^^^^^^
DEBUG    agent_utilities.knowledge_graph.backends.ladybug_backend:ladybug_backend.py:294 LadybugDB VECTOR extension loaded successfully
WARNING  agent_utilities.knowledge_graph.backends.ladybug_backend:ladybug_backend.py:796 Rel table creation issue (HAS_JURISDICTION_OVER): Binder exception: Table Company does not exist.
WARNING  agent_utilities.knowledge_graph.backends.ladybug_backend:ladybug_backend.py:796 Rel table creation issue (GOVERNS): Binder exception: Table GovernancePolicy does not exist.
WARNING  agent_utilities.knowledge_graph.backends.ladybug_backend:ladybug_backend.py:796 Rel table creation issue (MANUFACTURES): Binder exception: Table Company does not exist.
DEBUG    asyncio:selector_events.py:54 Using selector: EpollSelector
INFO     epistemic_graph.client:client.py:520 Connected to epistemic-graph service via UDS: /home/apps/workspace/agent-packages/agent-utilities/tests/.test_epistemic_graph.sock
INFO     agent_utilities.knowledge_graph.core.graph_compute:graph_compute.py:60 Connected to epistemic-graph Tokio service (graph: test_86ffddd0fd96).
WARNING  agent_utilities.knowledge_graph.core.graph_compute:graph_compute.py:71 Failed to create tenant graph test_86ffddd0fd96: RuntimeError("Graph 'test_86ffddd0fd96' already exists")
INFO     agent_utilities.knowledge_graph.core.graph_compute:graph_compute.py:120 Started Local-First EventBus bridge to epistemic-graph
DEBUG    asyncio:selector_events.py:54 Using selector: EpollSelector
DEBUG    agent_utilities.knowledge_graph.orchestration.engine_query:engine_query.py:48 RBAC Interceptor: Executing query with clearance level 999
WARNING  agent_utilities.knowledge_graph.backends.ladybug_backend:ladybug_backend.py:649 LadybugDB table not found (check schema): Binder exception: Table DEPENDS_ON_INDIRECT does not exist.
WARNING  agent_utilities.knowledge_graph.backends.ladybug_backend:ladybug_backend.py:649 LadybugDB table not found (check schema): Binder exception: Table HAS_METHOD does not exist.
WARNING  agent_utilities.knowledge_graph.backends.ladybug_backend:ladybug_backend.py:649 LadybugDB table not found (check schema): Binder exception: Table POTENTIAL_COLLABORATOR does not exist.
INFO     agent_utilities.knowledge_graph.core.inference_engine:inference_engine.py:77 InferenceEngine (Cypher): Derived 0 new facts.
ERROR    agent_utilities.knowledge_graph.backends.ladybug_backend:ladybug_backend.py:659 LadybugDB binder issue (invalid property?): Binder exception: Create rel r bound by multiple node labels is not supported.
ERROR    agent_utilities.knowledge_graph.backends.ladybug_backend:ladybug_backend.py:659 LadybugDB binder issue (invalid property?): Binder exception: Create rel r bound by multiple node labels is not supported.
DEBUG    agent_utilities.knowledge_graph.backends.ladybug_backend:ladybug_backend.py:655 LadybugDB vector index or property missing (expected): Binder exception: Cannot find property inferred for rel.
ERROR    agent_utilities.knowledge_graph.backends.ladybug_backend:ladybug_backend.py:659 LadybugDB binder issue (invalid property?): Binder exception: Query node pp violates schema. Expected labels are Episode.
________________________ test_find_analogous_subgraphs _________________________

base_graph = <agent_utilities.knowledge_graph.core.graph_compute.GraphComputeEngine object at 0x7b6c80319890>

    def test_find_analogous_subgraphs(base_graph):
        engine = TopologicalAnalogyEngine(base_graph)
    
        # Create a target subgraph that is structurally isomorphic and semantically similar
        target_G = GraphComputeEngine(
            backend_type="rust", graph_name="test_analogy_target_1"
        )
        if target_G._client:
            try:
                target_G._client.create_graph("test_analogy_target_1")
            except Exception:
                pass
            target_G._client.clear()
    
        target_a = RegistryNode(
            id="target_A",
            name="Target A",
            type=RegistryNodeType.TOOL_METADATA,
            embedding=[0.9, 0.1, 0.0],  # Very similar to Base A
        )
        target_b = RegistryNode(
            id="target_B",
            name="Target B",
            type=RegistryNodeType.TOOL_METADATA,
            embedding=[0.1, 0.9, 0.0],  # Very similar to Base B
        )
    
        target_G.add_node("target_A", data=target_a)
        target_G.add_node("target_B", data=target_b)
        target_G.add_edge("target_A", "target_B", type="DEPENDS_ON")
    
>       matches = engine.find_analogous_subgraphs(target_G, threshold=0.8)
                  ^^^^^^^^^^^^^^^^^^^^^^^^^^^^^^^^^^^^^^^^^^^^^^^^^^^^^^^^

tests/unit/knowledge_graph/test_topological_analogy.py:81: 
_ _ _ _ _ _ _ _ _ _ _ _ _ _ _ _ _ _ _ _ _ _ _ _ _ _ _ _ _ _ _ _ _ _ _ _ _ _ _ _ 
agent_utilities/knowledge_graph/core/analogy_engine.py:154: in find_analogous_subgraphs
    n_target = target_rx[target_idx]
               ^^^^^^^^^^^^^^^^^^^^^
_ _ _ _ _ _ _ _ _ _ _ _ _ _ _ _ _ _ _ _ _ _ _ _ _ _ _ _ _ _ _ _ _ _ _ _ _ _ _ _ 

self = <agent_utilities.knowledge_graph.core.graph_primitives.PyDiGraph object at 0x7b6c801be190>
idx = 2

    def __getitem__(self, idx: int) -> Any:
>       return self._nodes[idx]
               ^^^^^^^^^^^^^^^^
E       KeyError: 2

agent_utilities/knowledge_graph/core/graph_primitives.py:38: KeyError
------------------------------ Captured log setup ------------------------------
DEBUG    asyncio:selector_events.py:54 Using selector: EpollSelector
INFO     epistemic_graph.client:client.py:520 Connected to epistemic-graph service via UDS: /home/apps/workspace/agent-packages/agent-utilities/tests/.test_epistemic_graph.sock
INFO     agent_utilities.knowledge_graph.core.graph_compute:graph_compute.py:60 Connected to epistemic-graph Tokio service (graph: test_analogy_base).
INFO     agent_utilities.knowledge_graph.core.graph_compute:graph_compute.py:120 Started Local-First EventBus bridge to epistemic-graph
DEBUG    asyncio:selector_events.py:54 Using selector: EpollSelector
------------------------------ Captured log call -------------------------------
DEBUG    asyncio:selector_events.py:54 Using selector: EpollSelector
INFO     epistemic_graph.client:client.py:520 Connected to epistemic-graph service via UDS: /home/apps/workspace/agent-packages/agent-utilities/tests/.test_epistemic_graph.sock
INFO     agent_utilities.knowledge_graph.core.graph_compute:graph_compute.py:60 Connected to epistemic-graph Tokio service (graph: test_analogy_target_1).
INFO     agent_utilities.knowledge_graph.core.graph_compute:graph_compute.py:120 Started Local-First EventBus bridge to epistemic-graph
DEBUG    asyncio:selector_events.py:54 Using selector: EpollSelector
______________________________ test_drift_tracker ______________________________

    @pytest.mark.concept("AHE-3.6", "CONCEPT:AHE-3.4")
    def test_drift_tracker():
        """Test temporal knowledge drift measurement.
    
        CONCEPT:AHE-3.4
        """
        history = [[1.0, 0.0, 0.0], [0.9, 0.1, 0.0], [0.8, 0.2, 0.0]]
        current = [0.0, 1.0, 0.0]  # Orthogonal, huge shift
    
        report = check_knowledge_drift("node_1", history, current, drift_threshold=0.15)
    
>       assert report.id == "node_1"
               ^^^^^^^^^
E       AttributeError: 'DriftReport' object has no attribute 'id'

tests/unit/test_evolutionary_memory.py:102: AttributeError
_________________________ test_cognitive_trap_defense __________________________

mock_engine = <agent_utilities.knowledge_graph.core.engine.IntelligenceGraphEngine object at 0x7b6c41dada10>

    def test_cognitive_trap_defense(mock_engine):
        defense = CognitiveTrapDefense(mock_engine)
        # Inject a sybil cluster trap into the graph
        mock_engine.graph.add_edge("C", "F1", type="VALIDATES")
        mock_engine.graph.add_edge("C", "F2", type="VALIDATES")
        mock_engine.graph.add_edge("C", "F3", type="VALIDATES")
        mock_engine.graph.add_edge("F1", "F2", type="AGREES_WITH")
        mock_engine.graph.add_edge("F2", "F3", type="AGREES_WITH")
        mock_engine.graph.add_edge("F3", "F1", type="AGREES_WITH")
    
        traps = defense.scan_for_traps()
        assert len(traps) > 0
    
        neutralized = defense.neutralize_traps()
        assert neutralized > 0
        # Graph nodes should be removed
>       assert "C" not in mock_engine.graph
E       AssertionError: assert 'C' not in <agent_utilities.knowledge_graph.core.graph_compute.GraphComputeEngine object at 0x7b6c41d4b890>
E        +  where <agent_utilities.knowledge_graph.core.graph_compute.GraphComputeEngine object at 0x7b6c41d4b890> = <agent_utilities.knowledge_graph.core.engine.IntelligenceGraphEngine object at 0x7b6c41dada10>.graph

tests/unit/test_research_synergies.py:95: AssertionError
---------------------------- Captured stderr setup -----------------------------
WARNING:agent_utilities.knowledge_graph.backends.ladybug_backend:Rel table creation issue (HAS_JURISDICTION_OVER): Binder exception: Table Company does not exist.
WARNING:agent_utilities.knowledge_graph.backends.ladybug_backend:Rel table creation issue (GOVERNS): Binder exception: Table GovernancePolicy does not exist.
WARNING:agent_utilities.knowledge_graph.backends.ladybug_backend:Rel table creation issue (MANUFACTURES): Binder exception: Table Company does not exist.
------------------------------ Captured log setup ------------------------------
WARNING  agent_utilities.knowledge_graph.backends.ladybug_backend:ladybug_backend.py:796 Rel table creation issue (HAS_JURISDICTION_OVER): Binder exception: Table Company does not exist.
WARNING  agent_utilities.knowledge_graph.backends.ladybug_backend:ladybug_backend.py:796 Rel table creation issue (GOVERNS): Binder exception: Table GovernancePolicy does not exist.
WARNING  agent_utilities.knowledge_graph.backends.ladybug_backend:ladybug_backend.py:796 Rel table creation issue (MANUFACTURES): Binder exception: Table Company does not exist.
----------------------------- Captured stderr call -----------------------------
WARNING:agent_utilities.knowledge_graph.security.cognitive_trap_defense:Cognitive Trap Signature 0 detected in graph!
WARNING:agent_utilities.knowledge_graph.security.cognitive_trap_defense:Cognitive Trap Signature 1 detected in graph!
WARNING:agent_utilities.knowledge_graph.security.cognitive_trap_defense:Cognitive Trap Signature 0 detected in graph!
WARNING:agent_utilities.knowledge_graph.security.cognitive_trap_defense:Cognitive Trap Signature 1 detected in graph!
------------------------------ Captured log call -------------------------------
WARNING  agent_utilities.knowledge_graph.security.cognitive_trap_defense:cognitive_trap_defense.py:90 Cognitive Trap Signature 0 detected in graph!
WARNING  agent_utilities.knowledge_graph.security.cognitive_trap_defense:cognitive_trap_defense.py:90 Cognitive Trap Signature 1 detected in graph!
WARNING  agent_utilities.knowledge_graph.security.cognitive_trap_defense:cognitive_trap_defense.py:90 Cognitive Trap Signature 0 detected in graph!
WARNING  agent_utilities.knowledge_graph.security.cognitive_trap_defense:cognitive_trap_defense.py:90 Cognitive Trap Signature 1 detected in graph!
__________________________ test_experience_alignment ___________________________

mock_engine = <MagicMock id='135705939708816'>

    def test_experience_alignment(mock_engine):
        alignment = ExperienceAlignmentEngine(mock_engine)
        exp = ExperienceNode(
            id="exp1",
            name="Test Exp",
            condition="When task fails",
            action="Retry task",
            importance_score=0.9,
        )
    
        # Test ingestion uses add_node
        mock_engine = MagicMock()
        mock_engine.add_node = MagicMock()
        alignment = ExperienceAlignmentEngine(mock_engine)
        alignment.ingest_experience(exp)
>       mock_engine.add_node.assert_called_once_with(
            id=exp.id, node_type="Experience", properties=exp.model_dump()
        )

tests/unit/test_research_synergies.py:113: 
_ _ _ _ _ _ _ _ _ _ _ _ _ _ _ _ _ _ _ _ _ _ _ _ _ _ _ _ _ _ _ _ _ _ _ _ _ _ _ _ 
/home/genius/.local/share/uv/python/cpython-3.11.15-linux-x86_64-gnu/lib/python3.11/unittest/mock.py:951: in assert_called_once_with
    return self.assert_called_with(*args, **kwargs)
           ^^^^^^^^^^^^^^^^^^^^^^^^^^^^^^^^^^^^^^^^
_ _ _ _ _ _ _ _ _ _ _ _ _ _ _ _ _ _ _ _ _ _ _ _ _ _ _ _ _ _ _ _ _ _ _ _ _ _ _ _ 

self = <MagicMock name='mock.add_node' id='135705939954960'>, args = ()
kwargs = {'id': 'exp1', 'node_type': 'Experience', 'properties': {'action': 'Retry task', 'condition': 'When task fails', 'description': '', 'embedding': None, ...}}
expected = call(id='exp1', node_type='Experience', properties={'id': 'exp1', 'type': <RegistryNodeType.EXPERIENCE: 'experience'>,...drift_score': 0.0, 'condition': 'When task fails', 'action': 'Retry task', 'success_rate': 1.0, 'source_run_id': None})
actual = call(node_id='exp1', node_type='Experience', properties={'id': 'exp1', 'type': <RegistryNodeType.EXPERIENCE: 'experien...drift_score': 0.0, 'condition': 'When task fails', 'action': 'Retry task', 'success_rate': 1.0, 'source_run_id': None})
_error_message = <function NonCallableMock.assert_called_with.<locals>._error_message at 0x7b6c41da4220>
cause = None

    def assert_called_with(self, /, *args, **kwargs):
        """assert that the last call was made with the specified arguments.
    
        Raises an AssertionError if the args and keyword args passed in are
        different to the last call to the mock."""
        if self.call_args is None:
            expected = self._format_mock_call_signature(args, kwargs)
            actual = 'not called.'
            error_message = ('expected call not found.\nExpected: %s\n  Actual: %s'
                    % (expected, actual))
            raise AssertionError(error_message)
    
        def _error_message():
            msg = self._format_mock_failure_message(args, kwargs)
            return msg
        expected = self._call_matcher(_Call((args, kwargs), two=True))
        actual = self._call_matcher(self.call_args)
        if actual != expected:
            cause = expected if isinstance(expected, Exception) else None
>           raise AssertionError(_error_message()) from cause
E           AssertionError: expected call not found.
E           Expected: add_node(id='exp1', node_type='Experience', properties={'id': 'exp1', 'type': <RegistryNodeType.EXPERIENCE: 'experience'>, 'name': 'Test Exp', 'description': '', 'metadata': {}, 'importance_score': 0.9, 'timestamp': None, 'embedding': None, 'is_permanent': False, 'ewc_fisher_diag': None, 'temporal_drift_score': 0.0, 'condition': 'When task fails', 'action': 'Retry task', 'success_rate': 1.0, 'source_run_id': None})
E             Actual: add_node(node_id='exp1', node_type='Experience', properties={'id': 'exp1', 'type': <RegistryNodeType.EXPERIENCE: 'experience'>, 'name': 'Test Exp', 'description': '', 'metadata': {}, 'importance_score': 0.9, 'timestamp': None, 'embedding': None, 'is_permanent': False, 'ewc_fisher_diag': None, 'temporal_drift_score': 0.0, 'condition': 'When task fails', 'action': 'Retry task', 'success_rate': 1.0, 'source_run_id': None})

/home/genius/.local/share/uv/python/cpython-3.11.15-linux-x86_64-gnu/lib/python3.11/unittest/mock.py:939: AssertionError
---------------------------- Captured stderr setup -----------------------------
WARNING:agent_utilities.knowledge_graph.backends.ladybug_backend:Rel table creation issue (HAS_JURISDICTION_OVER): Binder exception: Table Company does not exist.
WARNING:agent_utilities.knowledge_graph.backends.ladybug_backend:Rel table creation issue (GOVERNS): Binder exception: Table GovernancePolicy does not exist.
WARNING:agent_utilities.knowledge_graph.backends.ladybug_backend:Rel table creation issue (MANUFACTURES): Binder exception: Table Company does not exist.
------------------------------ Captured log setup ------------------------------
WARNING  agent_utilities.knowledge_graph.backends.ladybug_backend:ladybug_backend.py:796 Rel table creation issue (HAS_JURISDICTION_OVER): Binder exception: Table Company does not exist.
WARNING  agent_utilities.knowledge_graph.backends.ladybug_backend:ladybug_backend.py:796 Rel table creation issue (GOVERNS): Binder exception: Table GovernancePolicy does not exist.
WARNING  agent_utilities.knowledge_graph.backends.ladybug_backend:ladybug_backend.py:796 Rel table creation issue (MANUFACTURES): Binder exception: Table Company does not exist.
_____________________________ test_agent_spawning ______________________________

engine = <agent_utilities.knowledge_graph.core.engine.IntelligenceGraphEngine object at 0x7b6a144a8350>

    def test_agent_spawning(engine):
        """Test specialized agent spawning."""
>       agent_id = engine.spawn_specialized_agent(
                   ^^^^^^^^^^^^^^^^^^^^^^^^^^^^^^
            task_description="Build a rocket", tool_ids=["tool:hammer", "tool:wrench"]
        )
E       AttributeError: 'IntelligenceGraphEngine' object has no attribute 'spawn_specialized_agent'

tests/integration/graph/test_graph_enhancements.py:124: AttributeError
---------------------------- Captured stderr setup -----------------------------
WARNING:agent_utilities.knowledge_graph.backends.ladybug_backend:Rel table creation issue (HAS_JURISDICTION_OVER): Binder exception: Table Company does not exist.
WARNING:agent_utilities.knowledge_graph.backends.ladybug_backend:Rel table creation issue (GOVERNS): Binder exception: Table GovernancePolicy does not exist.
WARNING:agent_utilities.knowledge_graph.backends.ladybug_backend:Rel table creation issue (MANUFACTURES): Binder exception: Table Company does not exist.
WARNING:agent_utilities.knowledge_graph.backends.ladybug_backend:Rel table creation issue (HAS_JURISDICTION_OVER): Binder exception: Table Company does not exist.
WARNING:agent_utilities.knowledge_graph.backends.ladybug_backend:Rel table creation issue (GOVERNS): Binder exception: Table GovernancePolicy does not exist.
WARNING:agent_utilities.knowledge_graph.backends.ladybug_backend:Rel table creation issue (MANUFACTURES): Binder exception: Table Company does not exist.
WARNING:agent_utilities.knowledge_graph.backends.ladybug_backend:Rel table creation issue (HAS_JURISDICTION_OVER): Binder exception: Table Company does not exist.
WARNING:agent_utilities.knowledge_graph.backends.ladybug_backend:Rel table creation issue (GOVERNS): Binder exception: Table GovernancePolicy does not exist.
WARNING:agent_utilities.knowledge_graph.backends.ladybug_backend:Rel table creation issue (MANUFACTURES): Binder exception: Table Company does not exist.
WARNING:agent_utilities.knowledge_graph.core.graph_compute:Failed to create tenant graph test_d4f4e7490e28: RuntimeError("Graph 'test_d4f4e7490e28' already exists")
------------------------------ Captured log setup ------------------------------
WARNING  agent_utilities.knowledge_graph.backends.ladybug_backend:ladybug_backend.py:796 Rel table creation issue (HAS_JURISDICTION_OVER): Binder exception: Table Company does not exist.
WARNING  agent_utilities.knowledge_graph.backends.ladybug_backend:ladybug_backend.py:796 Rel table creation issue (GOVERNS): Binder exception: Table GovernancePolicy does not exist.
WARNING  agent_utilities.knowledge_graph.backends.ladybug_backend:ladybug_backend.py:796 Rel table creation issue (MANUFACTURES): Binder exception: Table Company does not exist.
WARNING  agent_utilities.knowledge_graph.backends.ladybug_backend:ladybug_backend.py:796 Rel table creation issue (HAS_JURISDICTION_OVER): Binder exception: Table Company does not exist.
WARNING  agent_utilities.knowledge_graph.backends.ladybug_backend:ladybug_backend.py:796 Rel table creation issue (GOVERNS): Binder exception: Table GovernancePolicy does not exist.
WARNING  agent_utilities.knowledge_graph.backends.ladybug_backend:ladybug_backend.py:796 Rel table creation issue (MANUFACTURES): Binder exception: Table Company does not exist.
WARNING  agent_utilities.knowledge_graph.backends.ladybug_backend:ladybug_backend.py:796 Rel table creation issue (HAS_JURISDICTION_OVER): Binder exception: Table Company does not exist.
WARNING  agent_utilities.knowledge_graph.backends.ladybug_backend:ladybug_backend.py:796 Rel table creation issue (GOVERNS): Binder exception: Table GovernancePolicy does not exist.
WARNING  agent_utilities.knowledge_graph.backends.ladybug_backend:ladybug_backend.py:796 Rel table creation issue (MANUFACTURES): Binder exception: Table Company does not exist.
WARNING  agent_utilities.knowledge_graph.core.graph_compute:graph_compute.py:71 Failed to create tenant graph test_d4f4e7490e28: RuntimeError("Graph 'test_d4f4e7490e28' already exists")
__________________________ test_self_improvement_loop __________________________

engine = <agent_utilities.knowledge_graph.core.engine.IntelligenceGraphEngine object at 0x7b6a63194d50>

    def test_self_improvement_loop(engine):
        """Test outcome recording and prompt optimization."""
        ep_id = engine.ingest_episode("Failed task", "chat")
>       engine.record_outcome(ep_id, reward=-1.0, feedback="Wrong approach")
        ^^^^^^^^^^^^^^^^^^^^^
E       AttributeError: 'IntelligenceGraphEngine' object has no attribute 'record_outcome'

tests/integration/graph/test_graph_enhancements.py:140: AttributeError
---------------------------- Captured stderr setup -----------------------------
WARNING:agent_utilities.knowledge_graph.backends.ladybug_backend:Rel table creation issue (HAS_JURISDICTION_OVER): Binder exception: Table Company does not exist.
WARNING:agent_utilities.knowledge_graph.backends.ladybug_backend:Rel table creation issue (GOVERNS): Binder exception: Table GovernancePolicy does not exist.
WARNING:agent_utilities.knowledge_graph.backends.ladybug_backend:Rel table creation issue (MANUFACTURES): Binder exception: Table Company does not exist.
WARNING:agent_utilities.knowledge_graph.backends.ladybug_backend:Rel table creation issue (HAS_JURISDICTION_OVER): Binder exception: Table Company does not exist.
WARNING:agent_utilities.knowledge_graph.backends.ladybug_backend:Rel table creation issue (GOVERNS): Binder exception: Table GovernancePolicy does not exist.
WARNING:agent_utilities.knowledge_graph.backends.ladybug_backend:Rel table creation issue (MANUFACTURES): Binder exception: Table Company does not exist.
WARNING:agent_utilities.knowledge_graph.backends.ladybug_backend:Rel table creation issue (HAS_JURISDICTION_OVER): Binder exception: Table Company does not exist.
WARNING:agent_utilities.knowledge_graph.backends.ladybug_backend:Rel table creation issue (GOVERNS): Binder exception: Table GovernancePolicy does not exist.
WARNING:agent_utilities.knowledge_graph.backends.ladybug_backend:Rel table creation issue (MANUFACTURES): Binder exception: Table Company does not exist.
WARNING:agent_utilities.knowledge_graph.core.graph_compute:Failed to create tenant graph test_87d0b0f4284f: RuntimeError("Graph 'test_87d0b0f4284f' already exists")
------------------------------ Captured log setup ------------------------------
WARNING  agent_utilities.knowledge_graph.backends.ladybug_backend:ladybug_backend.py:796 Rel table creation issue (HAS_JURISDICTION_OVER): Binder exception: Table Company does not exist.
WARNING  agent_utilities.knowledge_graph.backends.ladybug_backend:ladybug_backend.py:796 Rel table creation issue (GOVERNS): Binder exception: Table GovernancePolicy does not exist.
WARNING  agent_utilities.knowledge_graph.backends.ladybug_backend:ladybug_backend.py:796 Rel table creation issue (MANUFACTURES): Binder exception: Table Company does not exist.
WARNING  agent_utilities.knowledge_graph.backends.ladybug_backend:ladybug_backend.py:796 Rel table creation issue (HAS_JURISDICTION_OVER): Binder exception: Table Company does not exist.
WARNING  agent_utilities.knowledge_graph.backends.ladybug_backend:ladybug_backend.py:796 Rel table creation issue (GOVERNS): Binder exception: Table GovernancePolicy does not exist.
WARNING  agent_utilities.knowledge_graph.backends.ladybug_backend:ladybug_backend.py:796 Rel table creation issue (MANUFACTURES): Binder exception: Table Company does not exist.
WARNING  agent_utilities.knowledge_graph.backends.ladybug_backend:ladybug_backend.py:796 Rel table creation issue (HAS_JURISDICTION_OVER): Binder exception: Table Company does not exist.
WARNING  agent_utilities.knowledge_graph.backends.ladybug_backend:ladybug_backend.py:796 Rel table creation issue (GOVERNS): Binder exception: Table GovernancePolicy does not exist.
WARNING  agent_utilities.knowledge_graph.backends.ladybug_backend:ladybug_backend.py:796 Rel table creation issue (MANUFACTURES): Binder exception: Table Company does not exist.
WARNING  agent_utilities.knowledge_graph.core.graph_compute:graph_compute.py:71 Failed to create tenant graph test_87d0b0f4284f: RuntimeError("Graph 'test_87d0b0f4284f' already exists")
__________________ TestPromptVersioning.test_version_history ___________________

self = <test_engine_helpers.TestPromptVersioning object at 0x7b6d1afd5790>
engine = <agent_utilities.knowledge_graph.core.engine.IntelligenceGraphEngine object at 0x7b6a80263790>

    def test_version_history(self, engine: IntelligenceGraphEngine):
        """get_prompt_versions walks the SUPERSEDES chain."""
        v1 = engine.add_prompt(content="v1", name="history-test")
        _v2 = engine.update_prompt(v1["id"], content="v2")  # noqa: F841
    
        versions = engine.get_prompt_versions(v1["id"])
>       assert len(versions) >= 1
E       assert 0 >= 1
E        +  where 0 = len([])

tests/integration/knowledge_graph/test_engine_helpers.py:179: AssertionError
---------------------------- Captured stderr setup -----------------------------
WARNING:agent_utilities.knowledge_graph.backends.ladybug_backend:Rel table creation issue (HAS_JURISDICTION_OVER): Binder exception: Table Company does not exist.
WARNING:agent_utilities.knowledge_graph.backends.ladybug_backend:Rel table creation issue (GOVERNS): Binder exception: Table GovernancePolicy does not exist.
WARNING:agent_utilities.knowledge_graph.backends.ladybug_backend:Rel table creation issue (MANUFACTURES): Binder exception: Table Company does not exist.
------------------------------ Captured log setup ------------------------------
WARNING  agent_utilities.knowledge_graph.backends.ladybug_backend:ladybug_backend.py:796 Rel table creation issue (HAS_JURISDICTION_OVER): Binder exception: Table Company does not exist.
WARNING  agent_utilities.knowledge_graph.backends.ladybug_backend:ladybug_backend.py:796 Rel table creation issue (GOVERNS): Binder exception: Table GovernancePolicy does not exist.
WARNING  agent_utilities.knowledge_graph.backends.ladybug_backend:ladybug_backend.py:796 Rel table creation issue (MANUFACTURES): Binder exception: Table Company does not exist.
----------------------------- Captured stderr call -----------------------------
ERROR:agent_utilities.knowledge_graph.backends.ladybug_backend:LadybugDB binder issue (invalid property?): Binder exception: Query node a violates schema. Expected labels are Fact, SystemPrompt, ImplementationPlan, Tasks.
------------------------------ Captured log call -------------------------------
ERROR    agent_utilities.knowledge_graph.backends.ladybug_backend:ladybug_backend.py:659 LadybugDB binder issue (invalid property?): Binder exception: Query node a violates schema. Expected labels are Fact, SystemPrompt, ImplementationPlan, Tasks.
________________________ test_inference_engine_fallback ________________________

memory_engine = <agent_utilities.knowledge_graph.core.engine.IntelligenceGraphEngine object at 0x7b6bbc75c5d0>

    def test_inference_engine_fallback(memory_engine):
        """Test topological inference in graph compute fallback mode."""
        inf_engine = memory_engine.inference_engine
    
        # Run inference
        new_facts = inf_engine.run_inference()
    
>       assert new_facts > 0
E       assert 0 > 0

tests/integration/knowledge_graph/test_kg_advanced_patterns.py:54: AssertionError
---------------------------- Captured stderr setup -----------------------------
WARNING:agent_utilities.knowledge_graph.backends.ladybug_backend:Rel table creation issue (HAS_JURISDICTION_OVER): Binder exception: Table Company does not exist.
WARNING:agent_utilities.knowledge_graph.backends.ladybug_backend:Rel table creation issue (GOVERNS): Binder exception: Table GovernancePolicy does not exist.
WARNING:agent_utilities.knowledge_graph.backends.ladybug_backend:Rel table creation issue (MANUFACTURES): Binder exception: Table Company does not exist.
WARNING:agent_utilities.knowledge_graph.core.graph_compute:Failed to create tenant graph test_b4b2ac9f7794: RuntimeError("Graph 'test_b4b2ac9f7794' already exists")
------------------------------ Captured log setup ------------------------------
WARNING  agent_utilities.knowledge_graph.backends.ladybug_backend:ladybug_backend.py:796 Rel table creation issue (HAS_JURISDICTION_OVER): Binder exception: Table Company does not exist.
WARNING  agent_utilities.knowledge_graph.backends.ladybug_backend:ladybug_backend.py:796 Rel table creation issue (GOVERNS): Binder exception: Table GovernancePolicy does not exist.
WARNING  agent_utilities.knowledge_graph.backends.ladybug_backend:ladybug_backend.py:796 Rel table creation issue (MANUFACTURES): Binder exception: Table Company does not exist.
WARNING  agent_utilities.knowledge_graph.core.graph_compute:graph_compute.py:71 Failed to create tenant graph test_b4b2ac9f7794: RuntimeError("Graph 'test_b4b2ac9f7794' already exists")
----------------------------- Captured stderr call -----------------------------
WARNING:agent_utilities.knowledge_graph.backends.ladybug_backend:LadybugDB table not found (check schema): Binder exception: Table DEPENDS_ON_INDIRECT does not exist.
WARNING:agent_utilities.knowledge_graph.backends.ladybug_backend:LadybugDB table not found (check schema): Binder exception: Table HAS_METHOD does not exist.
WARNING:agent_utilities.knowledge_graph.backends.ladybug_backend:LadybugDB table not found (check schema): Binder exception: Table POTENTIAL_COLLABORATOR does not exist.
ERROR:agent_utilities.knowledge_graph.backends.ladybug_backend:LadybugDB binder issue (invalid property?): Binder exception: Create rel r bound by multiple node labels is not supported.
ERROR:agent_utilities.knowledge_graph.backends.ladybug_backend:LadybugDB binder issue (invalid property?): Binder exception: Create rel r bound by multiple node labels is not supported.
ERROR:agent_utilities.knowledge_graph.backends.ladybug_backend:LadybugDB binder issue (invalid property?): Binder exception: Query node pp violates schema. Expected labels are Episode.
------------------------------ Captured log call -------------------------------
WARNING  agent_utilities.knowledge_graph.backends.ladybug_backend:ladybug_backend.py:649 LadybugDB table not found (check schema): Binder exception: Table DEPENDS_ON_INDIRECT does not exist.
WARNING  agent_utilities.knowledge_graph.backends.ladybug_backend:ladybug_backend.py:649 LadybugDB table not found (check schema): Binder exception: Table HAS_METHOD does not exist.
WARNING  agent_utilities.knowledge_graph.backends.ladybug_backend:ladybug_backend.py:649 LadybugDB table not found (check schema): Binder exception: Table POTENTIAL_COLLABORATOR does not exist.
ERROR    agent_utilities.knowledge_graph.backends.ladybug_backend:ladybug_backend.py:659 LadybugDB binder issue (invalid property?): Binder exception: Create rel r bound by multiple node labels is not supported.
ERROR    agent_utilities.knowledge_graph.backends.ladybug_backend:ladybug_backend.py:659 LadybugDB binder issue (invalid property?): Binder exception: Create rel r bound by multiple node labels is not supported.
ERROR    agent_utilities.knowledge_graph.backends.ladybug_backend:ladybug_backend.py:659 LadybugDB binder issue (invalid property?): Binder exception: Query node pp violates schema. Expected labels are Episode.
________________________ test_hybrid_retriever_fallback ________________________

mock_create_model = <MagicMock name='create_embedding_model' id='135697345597520'>
memory_engine = <agent_utilities.knowledge_graph.core.engine.IntelligenceGraphEngine object at 0x7b6a8014d350>

    @patch(
        "agent_utilities.knowledge_graph.retrieval.hybrid_retriever.create_embedding_model"
    )
    def test_hybrid_retriever_fallback(mock_create_model, memory_engine):
        """Test HybridRetriever fallback when vector backend isn't available."""
        # Setup mock to avoid hitting real APIs
        mock_model = MagicMock()
        mock_model.get_text_embedding.return_value = [0.1] * 768
        mock_create_model.return_value = mock_model
    
        # Initialize retriever
        retriever = HybridRetriever(memory_engine)
    
        # Search for Agent A
        results = retriever.retrieve_hybrid("Agent A", context_window=1, multi_hop_depth=1)
    
        # Should find Agent A and its neighbor Tool X
        result_ids = [r["id"] for r in results]
>       assert "entity:agent_a" in result_ids
E       AssertionError: assert 'entity:agent_a' in ['svc:persistent_agents']

tests/integration/knowledge_graph/test_kg_advanced_patterns.py:82: AssertionError
---------------------------- Captured stderr setup -----------------------------
WARNING:agent_utilities.knowledge_graph.backends.ladybug_backend:Rel table creation issue (HAS_JURISDICTION_OVER): Binder exception: Table Company does not exist.
WARNING:agent_utilities.knowledge_graph.backends.ladybug_backend:Rel table creation issue (GOVERNS): Binder exception: Table GovernancePolicy does not exist.
WARNING:agent_utilities.knowledge_graph.backends.ladybug_backend:Rel table creation issue (MANUFACTURES): Binder exception: Table Company does not exist.
WARNING:agent_utilities.knowledge_graph.core.graph_compute:Failed to create tenant graph test_7371ab2ae400: RuntimeError("Graph 'test_7371ab2ae400' already exists")
------------------------------ Captured log setup ------------------------------
WARNING  agent_utilities.knowledge_graph.backends.ladybug_backend:ladybug_backend.py:796 Rel table creation issue (HAS_JURISDICTION_OVER): Binder exception: Table Company does not exist.
WARNING  agent_utilities.knowledge_graph.backends.ladybug_backend:ladybug_backend.py:796 Rel table creation issue (GOVERNS): Binder exception: Table GovernancePolicy does not exist.
WARNING  agent_utilities.knowledge_graph.backends.ladybug_backend:ladybug_backend.py:796 Rel table creation issue (MANUFACTURES): Binder exception: Table Company does not exist.
WARNING  agent_utilities.knowledge_graph.core.graph_compute:graph_compute.py:71 Failed to create tenant graph test_7371ab2ae400: RuntimeError("Graph 'test_7371ab2ae400' already exists")
----------------------------- Captured stderr call -----------------------------
WARNING:agent_utilities.knowledge_graph.retrieval.retrieval_quality:Retrieval quality gate FAILED for query 'Agent A' (composite=0.00, modes=['low_relevance_topk'])
WARNING:agent_utilities.knowledge_graph.retrieval.hybrid_retriever:[CONCEPT:KG-2.6] Retrieval quality gate failed: ['low_relevance_topk']
------------------------------ Captured log call -------------------------------
WARNING  agent_utilities.knowledge_graph.retrieval.retrieval_quality:retrieval_quality.py:429 Retrieval quality gate FAILED for query 'Agent A' (composite=0.00, modes=['low_relevance_topk'])
WARNING  agent_utilities.knowledge_graph.retrieval.hybrid_retriever:hybrid_retriever.py:438 [CONCEPT:KG-2.6] Retrieval quality gate failed: ['low_relevance_topk']
_______________________ test_intelligence_pipeline_mock ________________________

tmp_path = PosixPath('/tmp/pytest-of-genius/pytest-114/test_intelligence_pipeline_moc0')

    @pytest.mark.asyncio
    async def test_intelligence_pipeline_mock(tmp_path):
        config = PipelineConfig(
            workspace_path=str(tmp_path),
            persist_to_ladybug=False,
            enable_embeddings=False,
        )
    
        mock_agent = MagicMock()
        mock_agent.name = "TestBot"
        mock_agent.description = "desc"
        mock_agent.agent_type = "prompt"
        mock_agent.system_prompt = "prompt"
        mock_agent.endpoint_url = None
        mock_agent.tool_count = 0
    
        mock_registry = MagicMock()
        mock_registry.agents = [mock_agent]
        mock_registry.tools = []
    
        with patch(
            "agent_utilities.graph.config_helpers.get_discovery_registry",
            return_value=mock_registry,
        ):
            pipeline = IntelligencePipeline(config)
>           metadata = await pipeline.run()
                       ^^^^^^^^^^^^^^^^^^^^

tests/integration/knowledge_graph/test_knowledge_graph.py:66: 
_ _ _ _ _ _ _ _ _ _ _ _ _ _ _ _ _ _ _ _ _ _ _ _ _ _ _ _ _ _ _ _ _ _ _ _ _ _ _ _ 
agent_utilities/knowledge_graph/pipeline/__init__.py:52: in run
    results = await runner.run(ctx)
              ^^^^^^^^^^^^^^^^^^^^^
agent_utilities/knowledge_graph/pipeline/runner.py:114: in run
    raise e
agent_utilities/knowledge_graph/pipeline/runner.py:96: in run
    output = await phase.execute(ctx, phase_deps)
             ^^^^^^^^^^^^^^^^^^^^^^^^^^^^^^^^^^^^
agent_utilities/knowledge_graph/pipeline/types.py:44: in execute
    return await self.execute_fn(ctx, deps)
           ^^^^^^^^^^^^^^^^^^^^^^^^^^^^^^^^
agent_utilities/knowledge_graph/pipeline/phases/validate.py:34: in execute_validate
    engine = IntelligenceGraphEngine(
_ _ _ _ _ _ _ _ _ _ _ _ _ _ _ _ _ _ _ _ _ _ _ _ _ _ _ _ _ _ _ _ _ _ _ _ _ _ _ _ 

self = <agent_utilities.knowledge_graph.core.engine.IntelligenceGraphEngine object at 0x7b6c41b70ed0>
backend = None, db_path = None, external_ontologies = None
graph = <agent_utilities.knowledge_graph.core.graph_compute.GraphComputeEngine object at 0x7b69b0326e10>

    def __init__(
        self,
        backend: GraphBackend | None = None,
        db_path: str | None = None,
        external_ontologies: list[str] | None = None,
        graph: Any = None,
    ):
        # Use provided backend, or check for an active one, or create one from factory
        if backend is not None:
            self.backend = backend
        else:
            active_backend = get_active_backend()
            if active_backend is not None:
                self.backend = active_backend
            elif db_path:
                self.backend = create_backend(db_path=db_path)
            else:
>               raise RuntimeError(
                    "A persistent graph backend is required. Memory-only mode is no longer supported."
                )
E               RuntimeError: A persistent graph backend is required. Memory-only mode is no longer supported.

agent_utilities/knowledge_graph/core/engine.py:119: RuntimeError
----------------------------- Captured stderr call -----------------------------
ERROR:agent_utilities.knowledge_graph.pipeline.runner:Phase validate failed: A persistent graph backend is required. Memory-only mode is no longer supported.
ERROR:agent_utilities.knowledge_graph.pipeline:Pipeline failed: A persistent graph backend is required. Memory-only mode is no longer supported.
Traceback (most recent call last):
  File "/home/apps/workspace/agent-packages/agent-utilities/agent_utilities/knowledge_graph/pipeline/__init__.py", line 52, in run
    results = await runner.run(ctx)
              ^^^^^^^^^^^^^^^^^^^^^
  File "/home/apps/workspace/agent-packages/agent-utilities/agent_utilities/knowledge_graph/pipeline/runner.py", line 114, in run
    raise e
  File "/home/apps/workspace/agent-packages/agent-utilities/agent_utilities/knowledge_graph/pipeline/runner.py", line 96, in run
    output = await phase.execute(ctx, phase_deps)
             ^^^^^^^^^^^^^^^^^^^^^^^^^^^^^^^^^^^^
  File "/home/apps/workspace/agent-packages/agent-utilities/agent_utilities/knowledge_graph/pipeline/types.py", line 44, in execute
    return await self.execute_fn(ctx, deps)
           ^^^^^^^^^^^^^^^^^^^^^^^^^^^^^^^^
  File "/home/apps/workspace/agent-packages/agent-utilities/agent_utilities/knowledge_graph/pipeline/phases/validate.py", line 34, in execute_validate
    engine = IntelligenceGraphEngine(
             ^^^^^^^^^^^^^^^^^^^^^^^^
  File "/home/apps/workspace/agent-packages/agent-utilities/agent_utilities/knowledge_graph/core/engine.py", line 119, in __init__
    raise RuntimeError(
RuntimeError: A persistent graph backend is required. Memory-only mode is no longer supported.
------------------------------ Captured log call -------------------------------
ERROR    agent_utilities.knowledge_graph.pipeline.runner:runner.py:113 Phase validate failed: A persistent graph backend is required. Memory-only mode is no longer supported.
ERROR    agent_utilities.knowledge_graph.pipeline:__init__.py:72 Pipeline failed: A persistent graph backend is required. Memory-only mode is no longer supported.
Traceback (most recent call last):
  File "/home/apps/workspace/agent-packages/agent-utilities/agent_utilities/knowledge_graph/pipeline/__init__.py", line 52, in run
    results = await runner.run(ctx)
              ^^^^^^^^^^^^^^^^^^^^^
  File "/home/apps/workspace/agent-packages/agent-utilities/agent_utilities/knowledge_graph/pipeline/runner.py", line 114, in run
    raise e
  File "/home/apps/workspace/agent-packages/agent-utilities/agent_utilities/knowledge_graph/pipeline/runner.py", line 96, in run
    output = await phase.execute(ctx, phase_deps)
             ^^^^^^^^^^^^^^^^^^^^^^^^^^^^^^^^^^^^
  File "/home/apps/workspace/agent-packages/agent-utilities/agent_utilities/knowledge_graph/pipeline/types.py", line 44, in execute
    return await self.execute_fn(ctx, deps)
           ^^^^^^^^^^^^^^^^^^^^^^^^^^^^^^^^
  File "/home/apps/workspace/agent-packages/agent-utilities/agent_utilities/knowledge_graph/pipeline/phases/validate.py", line 34, in execute_validate
    engine = IntelligenceGraphEngine(
             ^^^^^^^^^^^^^^^^^^^^^^^^
  File "/home/apps/workspace/agent-packages/agent-utilities/agent_utilities/knowledge_graph/core/engine.py", line 119, in __init__
    raise RuntimeError(
RuntimeError: A persistent graph backend is required. Memory-only mode is no longer supported.
____________________________ test_memory_operations ____________________________

    @pytest.mark.asyncio
    async def test_memory_operations():
        graph = GraphComputeEngine(backend_type="rust")
        engine = IntelligenceGraphEngine(db_path=":memory:")
    
        # Add
        content = "User prefers dark mode"
        with patch("uuid.uuid4") as mock_uuid:
            mock_uuid.return_value.hex = "testuuid"
            mem_id = engine.add_memory(content, name="PrefTest", category="preference")
            assert mem_id == "mem:testuuid"
>           assert mem_id in graph
E           AssertionError: assert 'mem:testuuid' in <agent_utilities.knowledge_graph.core.graph_compute.GraphComputeEngine object at 0x7b696b16a450>

tests/integration/knowledge_graph/test_knowledge_graph.py:106: AssertionError
----------------------------- Captured stderr call -----------------------------
WARNING:agent_utilities.knowledge_graph.backends.ladybug_backend:Rel table creation issue (HAS_JURISDICTION_OVER): Binder exception: Table Company does not exist.
WARNING:agent_utilities.knowledge_graph.backends.ladybug_backend:Rel table creation issue (GOVERNS): Binder exception: Table GovernancePolicy does not exist.
WARNING:agent_utilities.knowledge_graph.backends.ladybug_backend:Rel table creation issue (MANUFACTURES): Binder exception: Table Company does not exist.
WARNING:agent_utilities.knowledge_graph.core.graph_compute:Failed to create tenant graph test_ce82f3d7f03c: RuntimeError("Graph 'test_ce82f3d7f03c' already exists")
------------------------------ Captured log call -------------------------------
WARNING  agent_utilities.knowledge_graph.backends.ladybug_backend:ladybug_backend.py:796 Rel table creation issue (HAS_JURISDICTION_OVER): Binder exception: Table Company does not exist.
WARNING  agent_utilities.knowledge_graph.backends.ladybug_backend:ladybug_backend.py:796 Rel table creation issue (GOVERNS): Binder exception: Table GovernancePolicy does not exist.
WARNING  agent_utilities.knowledge_graph.backends.ladybug_backend:ladybug_backend.py:796 Rel table creation issue (MANUFACTURES): Binder exception: Table Company does not exist.
WARNING  agent_utilities.knowledge_graph.core.graph_compute:graph_compute.py:71 Failed to create tenant graph test_ce82f3d7f03c: RuntimeError("Graph 'test_ce82f3d7f03c' already exists")
______________________ TestAgentSpawning.test_spawn_agent ______________________

self = <test_knowledge_graph_integration.TestAgentSpawning object at 0x7b6d178e3e90>
engine = <agent_utilities.knowledge_graph.core.engine.IntelligenceGraphEngine object at 0x7b6c607c6810>

    def test_spawn_agent(self, engine):
>       agent_id = engine.spawn_specialized_agent(
                   ^^^^^^^^^^^^^^^^^^^^^^^^^^^^^^
            task_description="Write unit tests for auth module",
            tool_ids=["tool:pytest", "tool:ast-parser"],
        )
E       AttributeError: 'IntelligenceGraphEngine' object has no attribute 'spawn_specialized_agent'

tests/integration/knowledge_graph/test_knowledge_graph_integration.py:249: AttributeError
---------------------------- Captured stderr setup -----------------------------
WARNING:agent_utilities.knowledge_graph.backends.ladybug_backend:Rel table creation issue (HAS_JURISDICTION_OVER): Binder exception: Table Company does not exist.
WARNING:agent_utilities.knowledge_graph.backends.ladybug_backend:Rel table creation issue (GOVERNS): Binder exception: Table GovernancePolicy does not exist.
WARNING:agent_utilities.knowledge_graph.backends.ladybug_backend:Rel table creation issue (MANUFACTURES): Binder exception: Table Company does not exist.
WARNING:agent_utilities.knowledge_graph.backends.ladybug_backend:Rel table creation issue (HAS_JURISDICTION_OVER): Binder exception: Table Company does not exist.
WARNING:agent_utilities.knowledge_graph.backends.ladybug_backend:Rel table creation issue (GOVERNS): Binder exception: Table GovernancePolicy does not exist.
WARNING:agent_utilities.knowledge_graph.backends.ladybug_backend:Rel table creation issue (MANUFACTURES): Binder exception: Table Company does not exist.
WARNING:agent_utilities.knowledge_graph.core.graph_compute:Failed to create tenant graph test_513007f5fc8a: RuntimeError("Graph 'test_513007f5fc8a' already exists")
------------------------------ Captured log setup ------------------------------
WARNING  agent_utilities.knowledge_graph.backends.ladybug_backend:ladybug_backend.py:796 Rel table creation issue (HAS_JURISDICTION_OVER): Binder exception: Table Company does not exist.
WARNING  agent_utilities.knowledge_graph.backends.ladybug_backend:ladybug_backend.py:796 Rel table creation issue (GOVERNS): Binder exception: Table GovernancePolicy does not exist.
WARNING  agent_utilities.knowledge_graph.backends.ladybug_backend:ladybug_backend.py:796 Rel table creation issue (MANUFACTURES): Binder exception: Table Company does not exist.
WARNING  agent_utilities.knowledge_graph.backends.ladybug_backend:ladybug_backend.py:796 Rel table creation issue (HAS_JURISDICTION_OVER): Binder exception: Table Company does not exist.
WARNING  agent_utilities.knowledge_graph.backends.ladybug_backend:ladybug_backend.py:796 Rel table creation issue (GOVERNS): Binder exception: Table GovernancePolicy does not exist.
WARNING  agent_utilities.knowledge_graph.backends.ladybug_backend:ladybug_backend.py:796 Rel table creation issue (MANUFACTURES): Binder exception: Table Company does not exist.
WARNING  agent_utilities.knowledge_graph.core.graph_compute:graph_compute.py:71 Failed to create tenant graph test_513007f5fc8a: RuntimeError("Graph 'test_513007f5fc8a' already exists")
_________________ TestAgentSpawning.test_spawn_with_tool_links _________________

self = <test_knowledge_graph_integration.TestAgentSpawning object at 0x7b6d178f0250>
engine = <agent_utilities.knowledge_graph.core.engine.IntelligenceGraphEngine object at 0x7b696b13f690>

    def test_spawn_with_tool_links(self, engine):
        """Verify spawned agent gets USES edges to its tools."""
        # First ingest a resource so we can link to it
        engine.ingest_agent_skill("/skills/test.md", {"name": "test-skill"}, "body")
    
>       agent_id = engine.spawn_specialized_agent(
                   ^^^^^^^^^^^^^^^^^^^^^^^^^^^^^^
            task_description="Analyze code", tool_ids=["skill:test-skill"]
        )
E       AttributeError: 'IntelligenceGraphEngine' object has no attribute 'spawn_specialized_agent'

tests/integration/knowledge_graph/test_knowledge_graph_integration.py:266: AttributeError
---------------------------- Captured stderr setup -----------------------------
WARNING:agent_utilities.knowledge_graph.backends.ladybug_backend:Rel table creation issue (HAS_JURISDICTION_OVER): Binder exception: Table Company does not exist.
WARNING:agent_utilities.knowledge_graph.backends.ladybug_backend:Rel table creation issue (GOVERNS): Binder exception: Table GovernancePolicy does not exist.
WARNING:agent_utilities.knowledge_graph.backends.ladybug_backend:Rel table creation issue (MANUFACTURES): Binder exception: Table Company does not exist.
WARNING:agent_utilities.knowledge_graph.backends.ladybug_backend:Rel table creation issue (HAS_JURISDICTION_OVER): Binder exception: Table Company does not exist.
WARNING:agent_utilities.knowledge_graph.backends.ladybug_backend:Rel table creation issue (GOVERNS): Binder exception: Table GovernancePolicy does not exist.
WARNING:agent_utilities.knowledge_graph.backends.ladybug_backend:Rel table creation issue (MANUFACTURES): Binder exception: Table Company does not exist.
WARNING:agent_utilities.knowledge_graph.core.graph_compute:Failed to create tenant graph test_43f32b1cbdc3: RuntimeError("Graph 'test_43f32b1cbdc3' already exists")
------------------------------ Captured log setup ------------------------------
WARNING  agent_utilities.knowledge_graph.backends.ladybug_backend:ladybug_backend.py:796 Rel table creation issue (HAS_JURISDICTION_OVER): Binder exception: Table Company does not exist.
WARNING  agent_utilities.knowledge_graph.backends.ladybug_backend:ladybug_backend.py:796 Rel table creation issue (GOVERNS): Binder exception: Table GovernancePolicy does not exist.
WARNING  agent_utilities.knowledge_graph.backends.ladybug_backend:ladybug_backend.py:796 Rel table creation issue (MANUFACTURES): Binder exception: Table Company does not exist.
WARNING  agent_utilities.knowledge_graph.backends.ladybug_backend:ladybug_backend.py:796 Rel table creation issue (HAS_JURISDICTION_OVER): Binder exception: Table Company does not exist.
WARNING  agent_utilities.knowledge_graph.backends.ladybug_backend:ladybug_backend.py:796 Rel table creation issue (GOVERNS): Binder exception: Table GovernancePolicy does not exist.
WARNING  agent_utilities.knowledge_graph.backends.ladybug_backend:ladybug_backend.py:796 Rel table creation issue (MANUFACTURES): Binder exception: Table Company does not exist.
WARNING  agent_utilities.knowledge_graph.core.graph_compute:graph_compute.py:71 Failed to create tenant graph test_43f32b1cbdc3: RuntimeError("Graph 'test_43f32b1cbdc3' already exists")
___________________ TestSelfImprovement.test_record_outcome ____________________

self = <test_knowledge_graph_integration.TestSelfImprovement object at 0x7b6d178f0810>
engine = <agent_utilities.knowledge_graph.core.engine.IntelligenceGraphEngine object at 0x7b6d178d5990>

    def test_record_outcome(self, engine):
        ep_id = engine.ingest_episode("Task failed", source="chat")
>       engine.record_outcome(ep_id, reward=-0.5, feedback="Insufficient context")
        ^^^^^^^^^^^^^^^^^^^^^
E       AttributeError: 'IntelligenceGraphEngine' object has no attribute 'record_outcome'

tests/integration/knowledge_graph/test_knowledge_graph_integration.py:287: AttributeError
---------------------------- Captured stderr setup -----------------------------
WARNING:agent_utilities.knowledge_graph.backends.ladybug_backend:Rel table creation issue (HAS_JURISDICTION_OVER): Binder exception: Table Company does not exist.
WARNING:agent_utilities.knowledge_graph.backends.ladybug_backend:Rel table creation issue (GOVERNS): Binder exception: Table GovernancePolicy does not exist.
WARNING:agent_utilities.knowledge_graph.backends.ladybug_backend:Rel table creation issue (MANUFACTURES): Binder exception: Table Company does not exist.
WARNING:agent_utilities.knowledge_graph.backends.ladybug_backend:Rel table creation issue (HAS_JURISDICTION_OVER): Binder exception: Table Company does not exist.
WARNING:agent_utilities.knowledge_graph.backends.ladybug_backend:Rel table creation issue (GOVERNS): Binder exception: Table GovernancePolicy does not exist.
WARNING:agent_utilities.knowledge_graph.backends.ladybug_backend:Rel table creation issue (MANUFACTURES): Binder exception: Table Company does not exist.
WARNING:agent_utilities.knowledge_graph.core.graph_compute:Failed to create tenant graph test_d5e1f98a4b45: RuntimeError("Graph 'test_d5e1f98a4b45' already exists")
------------------------------ Captured log setup ------------------------------
WARNING  agent_utilities.knowledge_graph.backends.ladybug_backend:ladybug_backend.py:796 Rel table creation issue (HAS_JURISDICTION_OVER): Binder exception: Table Company does not exist.
WARNING  agent_utilities.knowledge_graph.backends.ladybug_backend:ladybug_backend.py:796 Rel table creation issue (GOVERNS): Binder exception: Table GovernancePolicy does not exist.
WARNING  agent_utilities.knowledge_graph.backends.ladybug_backend:ladybug_backend.py:796 Rel table creation issue (MANUFACTURES): Binder exception: Table Company does not exist.
WARNING  agent_utilities.knowledge_graph.backends.ladybug_backend:ladybug_backend.py:796 Rel table creation issue (HAS_JURISDICTION_OVER): Binder exception: Table Company does not exist.
WARNING  agent_utilities.knowledge_graph.backends.ladybug_backend:ladybug_backend.py:796 Rel table creation issue (GOVERNS): Binder exception: Table GovernancePolicy does not exist.
WARNING  agent_utilities.knowledge_graph.backends.ladybug_backend:ladybug_backend.py:796 Rel table creation issue (MANUFACTURES): Binder exception: Table Company does not exist.
WARNING  agent_utilities.knowledge_graph.core.graph_compute:graph_compute.py:71 Failed to create tenant graph test_d5e1f98a4b45: RuntimeError("Graph 'test_d5e1f98a4b45' already exists")
__________________ TestSelfImprovement.test_generate_critique __________________

self = <test_knowledge_graph_integration.TestSelfImprovement object at 0x7b6d178f0b90>
engine = <agent_utilities.knowledge_graph.core.engine.IntelligenceGraphEngine object at 0x7b69801fc850>

    def test_generate_critique(self, engine):
        ep_id = engine.ingest_episode("Reasoning step", source="chat")
>       crit_id = engine.generate_critique(ep_id, "Should have used broader context")
                  ^^^^^^^^^^^^^^^^^^^^^^^^
E       AttributeError: 'IntelligenceGraphEngine' object has no attribute 'generate_critique'

tests/integration/knowledge_graph/test_knowledge_graph_integration.py:299: AttributeError
---------------------------- Captured stderr setup -----------------------------
WARNING:agent_utilities.knowledge_graph.backends.ladybug_backend:Rel table creation issue (HAS_JURISDICTION_OVER): Binder exception: Table Company does not exist.
WARNING:agent_utilities.knowledge_graph.backends.ladybug_backend:Rel table creation issue (GOVERNS): Binder exception: Table GovernancePolicy does not exist.
WARNING:agent_utilities.knowledge_graph.backends.ladybug_backend:Rel table creation issue (MANUFACTURES): Binder exception: Table Company does not exist.
WARNING:agent_utilities.knowledge_graph.backends.ladybug_backend:Rel table creation issue (HAS_JURISDICTION_OVER): Binder exception: Table Company does not exist.
WARNING:agent_utilities.knowledge_graph.backends.ladybug_backend:Rel table creation issue (GOVERNS): Binder exception: Table GovernancePolicy does not exist.
WARNING:agent_utilities.knowledge_graph.backends.ladybug_backend:Rel table creation issue (MANUFACTURES): Binder exception: Table Company does not exist.
WARNING:agent_utilities.knowledge_graph.core.graph_compute:Failed to create tenant graph test_586c6671b789: RuntimeError("Graph 'test_586c6671b789' already exists")
------------------------------ Captured log setup ------------------------------
WARNING  agent_utilities.knowledge_graph.backends.ladybug_backend:ladybug_backend.py:796 Rel table creation issue (HAS_JURISDICTION_OVER): Binder exception: Table Company does not exist.
WARNING  agent_utilities.knowledge_graph.backends.ladybug_backend:ladybug_backend.py:796 Rel table creation issue (GOVERNS): Binder exception: Table GovernancePolicy does not exist.
WARNING  agent_utilities.knowledge_graph.backends.ladybug_backend:ladybug_backend.py:796 Rel table creation issue (MANUFACTURES): Binder exception: Table Company does not exist.
WARNING  agent_utilities.knowledge_graph.backends.ladybug_backend:ladybug_backend.py:796 Rel table creation issue (HAS_JURISDICTION_OVER): Binder exception: Table Company does not exist.
WARNING  agent_utilities.knowledge_graph.backends.ladybug_backend:ladybug_backend.py:796 Rel table creation issue (GOVERNS): Binder exception: Table GovernancePolicy does not exist.
WARNING  agent_utilities.knowledge_graph.backends.ladybug_backend:ladybug_backend.py:796 Rel table creation issue (MANUFACTURES): Binder exception: Table Company does not exist.
WARNING  agent_utilities.knowledge_graph.core.graph_compute:graph_compute.py:71 Failed to create tenant graph test_586c6671b789: RuntimeError("Graph 'test_586c6671b789' already exists")
___________________ TestSelfImprovement.test_optimize_prompt ___________________

self = <test_knowledge_graph_integration.TestSelfImprovement object at 0x7b6d178f1110>
engine = <agent_utilities.knowledge_graph.core.engine.IntelligenceGraphEngine object at 0x7b696b175d90>

    def test_optimize_prompt(self, engine):
        # Create a base prompt
        base_id = "prompt:test-base"
        engine.backend.execute(
            "CREATE (p:SystemPrompt {id: $id, content: $content, tags: ['agent-base'], source: 'MANUAL', version: 'v1'})",
            {"id": base_id, "content": "You are a helpful assistant."},
        )
    
        # Create a critique
>       crit_id = engine.generate_critique(
                  ^^^^^^^^^^^^^^^^^^^^^^^^
            "ep:dummy", "Add specificity to instructions"
        )
E       AttributeError: 'IntelligenceGraphEngine' object has no attribute 'generate_critique'

tests/integration/knowledge_graph/test_knowledge_graph_integration.py:317: AttributeError
---------------------------- Captured stderr setup -----------------------------
WARNING:agent_utilities.knowledge_graph.backends.ladybug_backend:Rel table creation issue (HAS_JURISDICTION_OVER): Binder exception: Table Company does not exist.
WARNING:agent_utilities.knowledge_graph.backends.ladybug_backend:Rel table creation issue (GOVERNS): Binder exception: Table GovernancePolicy does not exist.
WARNING:agent_utilities.knowledge_graph.backends.ladybug_backend:Rel table creation issue (MANUFACTURES): Binder exception: Table Company does not exist.
WARNING:agent_utilities.knowledge_graph.backends.ladybug_backend:Rel table creation issue (HAS_JURISDICTION_OVER): Binder exception: Table Company does not exist.
WARNING:agent_utilities.knowledge_graph.backends.ladybug_backend:Rel table creation issue (GOVERNS): Binder exception: Table GovernancePolicy does not exist.
WARNING:agent_utilities.knowledge_graph.backends.ladybug_backend:Rel table creation issue (MANUFACTURES): Binder exception: Table Company does not exist.
WARNING:agent_utilities.knowledge_graph.core.graph_compute:Failed to create tenant graph test_367902bbd7db: RuntimeError("Graph 'test_367902bbd7db' already exists")
------------------------------ Captured log setup ------------------------------
WARNING  agent_utilities.knowledge_graph.backends.ladybug_backend:ladybug_backend.py:796 Rel table creation issue (HAS_JURISDICTION_OVER): Binder exception: Table Company does not exist.
WARNING  agent_utilities.knowledge_graph.backends.ladybug_backend:ladybug_backend.py:796 Rel table creation issue (GOVERNS): Binder exception: Table GovernancePolicy does not exist.
WARNING  agent_utilities.knowledge_graph.backends.ladybug_backend:ladybug_backend.py:796 Rel table creation issue (MANUFACTURES): Binder exception: Table Company does not exist.
WARNING  agent_utilities.knowledge_graph.backends.ladybug_backend:ladybug_backend.py:796 Rel table creation issue (HAS_JURISDICTION_OVER): Binder exception: Table Company does not exist.
WARNING  agent_utilities.knowledge_graph.backends.ladybug_backend:ladybug_backend.py:796 Rel table creation issue (GOVERNS): Binder exception: Table GovernancePolicy does not exist.
WARNING  agent_utilities.knowledge_graph.backends.ladybug_backend:ladybug_backend.py:796 Rel table creation issue (MANUFACTURES): Binder exception: Table Company does not exist.
WARNING  agent_utilities.knowledge_graph.core.graph_compute:graph_compute.py:71 Failed to create tenant graph test_367902bbd7db: RuntimeError("Graph 'test_367902bbd7db' already exists")
_____________ TestSelfImprovement.test_full_self_improvement_cycle _____________

self = <test_knowledge_graph_integration.TestSelfImprovement object at 0x7b6d178f17d0>
engine = <agent_utilities.knowledge_graph.core.engine.IntelligenceGraphEngine object at 0x7b69801e3e90>

    def test_full_self_improvement_cycle(self, engine):
        """Test the end-to-end Lightning trainer loop."""
        # Setup: episode + negative outcome + prompt
        ep_id = engine.ingest_episode("Failed at code review", source="chat")
>       engine.record_outcome(ep_id, reward=-1.0, feedback="Missed edge cases")
        ^^^^^^^^^^^^^^^^^^^^^
E       AttributeError: 'IntelligenceGraphEngine' object has no attribute 'record_outcome'

tests/integration/knowledge_graph/test_knowledge_graph_integration.py:338: AttributeError
---------------------------- Captured stderr setup -----------------------------
WARNING:agent_utilities.knowledge_graph.backends.ladybug_backend:Rel table creation issue (HAS_JURISDICTION_OVER): Binder exception: Table Company does not exist.
WARNING:agent_utilities.knowledge_graph.backends.ladybug_backend:Rel table creation issue (GOVERNS): Binder exception: Table GovernancePolicy does not exist.
WARNING:agent_utilities.knowledge_graph.backends.ladybug_backend:Rel table creation issue (MANUFACTURES): Binder exception: Table Company does not exist.
WARNING:agent_utilities.knowledge_graph.backends.ladybug_backend:Rel table creation issue (HAS_JURISDICTION_OVER): Binder exception: Table Company does not exist.
WARNING:agent_utilities.knowledge_graph.backends.ladybug_backend:Rel table creation issue (GOVERNS): Binder exception: Table GovernancePolicy does not exist.
WARNING:agent_utilities.knowledge_graph.backends.ladybug_backend:Rel table creation issue (MANUFACTURES): Binder exception: Table Company does not exist.
WARNING:agent_utilities.knowledge_graph.core.graph_compute:Failed to create tenant graph test_6c51e912a966: RuntimeError("Graph 'test_6c51e912a966' already exists")
------------------------------ Captured log setup ------------------------------
WARNING  agent_utilities.knowledge_graph.backends.ladybug_backend:ladybug_backend.py:796 Rel table creation issue (HAS_JURISDICTION_OVER): Binder exception: Table Company does not exist.
WARNING  agent_utilities.knowledge_graph.backends.ladybug_backend:ladybug_backend.py:796 Rel table creation issue (GOVERNS): Binder exception: Table GovernancePolicy does not exist.
WARNING  agent_utilities.knowledge_graph.backends.ladybug_backend:ladybug_backend.py:796 Rel table creation issue (MANUFACTURES): Binder exception: Table Company does not exist.
WARNING  agent_utilities.knowledge_graph.backends.ladybug_backend:ladybug_backend.py:796 Rel table creation issue (HAS_JURISDICTION_OVER): Binder exception: Table Company does not exist.
WARNING  agent_utilities.knowledge_graph.backends.ladybug_backend:ladybug_backend.py:796 Rel table creation issue (GOVERNS): Binder exception: Table GovernancePolicy does not exist.
WARNING  agent_utilities.knowledge_graph.backends.ladybug_backend:ladybug_backend.py:796 Rel table creation issue (MANUFACTURES): Binder exception: Table Company does not exist.
WARNING  agent_utilities.knowledge_graph.core.graph_compute:graph_compute.py:71 Failed to create tenant graph test_6c51e912a966: RuntimeError("Graph 'test_6c51e912a966' already exists")
___________________ TestGraphAlgorithms.test_impact_analysis ___________________

self = <test_knowledge_graph_integration.TestGraphAlgorithms object at 0x7b6d178f35d0>
engine = <agent_utilities.knowledge_graph.core.engine.IntelligenceGraphEngine object at 0x7b698008f210>

    def test_impact_analysis(self, engine):
>       engine.graph.add_node("mod:auth", type="module", name="auth")

tests/integration/knowledge_graph/test_knowledge_graph_integration.py:427: 
_ _ _ _ _ _ _ _ _ _ _ _ _ _ _ _ _ _ _ _ _ _ _ _ _ _ _ _ _ _ _ _ _ _ _ _ _ _ _ _ 
agent_utilities/knowledge_graph/core/graph_compute.py:159: in add_node
    self._client.nodes.add(node_id, props)
../epistemic-graph/epistemic_graph/client.py:662: in sync_wrapper
    return future.result()
           ^^^^^^^^^^^^^^^
/home/genius/.local/share/uv/python/cpython-3.11.15-linux-x86_64-gnu/lib/python3.11/concurrent/futures/_base.py:456: in result
    return self.__get_result()
           ^^^^^^^^^^^^^^^^^^^
/home/genius/.local/share/uv/python/cpython-3.11.15-linux-x86_64-gnu/lib/python3.11/concurrent/futures/_base.py:401: in __get_result
    raise self._exception
../epistemic-graph/epistemic_graph/client.py:31: in add
    await self._client._send(
_ _ _ _ _ _ _ _ _ _ _ _ _ _ _ _ _ _ _ _ _ _ _ _ _ _ _ _ _ _ _ _ _ _ _ _ _ _ _ _ 

self = <epistemic_graph.client.EpistemicGraphClient object at 0x7b69b00fa1d0>
method = 'AddNode'
params = {'node_id': 'mod:auth', 'properties_msgpack': b'\x82\xa4type\xa6module\xa4name\xa4auth'}
graph = None

    async def _send(
        self,
        method: str,
        params: dict[str, Any] | None = None,
        graph: str | None = None,
    ) -> Any:
        req_id = self._next_id()
        request: dict[str, Any] = {
            "id": req_id,
            "graph": graph or self._graph_name,
            "auth_token": self._compute_token(req_id),
            "method": method,
        }
        if params:
            request["params"] = params
    
        payload = msgpack.packb(request)
        length_prefix = len(payload).to_bytes(4, byteorder="big")
    
        async with self._lock:
            self._writer.write(length_prefix)
            self._writer.write(payload)
            await self._writer.drain()
    
            try:
                len_buf = await self._reader.readexactly(4)
                msg_len = int.from_bytes(len_buf, byteorder="big")
                resp_bytes = await self._reader.readexactly(msg_len)
            except asyncio.IncompleteReadError as e:
                raise ConnectionError("Connection closed by server") from e
    
        resp = msgpack.unpackb(resp_bytes, raw=False)
        if resp.get("error") is not None:
            err_msg = resp.get("error", "Unknown error")
>           raise RuntimeError(err_msg)
E           RuntimeError: Invalid request MsgPack: invalid type: byte array, expected a sequence

../epistemic-graph/epistemic_graph/client.py:573: RuntimeError
---------------------------- Captured stderr setup -----------------------------
WARNING:agent_utilities.knowledge_graph.backends.ladybug_backend:Rel table creation issue (HAS_JURISDICTION_OVER): Binder exception: Table Company does not exist.
WARNING:agent_utilities.knowledge_graph.backends.ladybug_backend:Rel table creation issue (GOVERNS): Binder exception: Table GovernancePolicy does not exist.
WARNING:agent_utilities.knowledge_graph.backends.ladybug_backend:Rel table creation issue (MANUFACTURES): Binder exception: Table Company does not exist.
WARNING:agent_utilities.knowledge_graph.backends.ladybug_backend:Rel table creation issue (HAS_JURISDICTION_OVER): Binder exception: Table Company does not exist.
WARNING:agent_utilities.knowledge_graph.backends.ladybug_backend:Rel table creation issue (GOVERNS): Binder exception: Table GovernancePolicy does not exist.
WARNING:agent_utilities.knowledge_graph.backends.ladybug_backend:Rel table creation issue (MANUFACTURES): Binder exception: Table Company does not exist.
WARNING:agent_utilities.knowledge_graph.core.graph_compute:Failed to create tenant graph test_4dd6f4652aba: RuntimeError("Graph 'test_4dd6f4652aba' already exists")
------------------------------ Captured log setup ------------------------------
WARNING  agent_utilities.knowledge_graph.backends.ladybug_backend:ladybug_backend.py:796 Rel table creation issue (HAS_JURISDICTION_OVER): Binder exception: Table Company does not exist.
WARNING  agent_utilities.knowledge_graph.backends.ladybug_backend:ladybug_backend.py:796 Rel table creation issue (GOVERNS): Binder exception: Table GovernancePolicy does not exist.
WARNING  agent_utilities.knowledge_graph.backends.ladybug_backend:ladybug_backend.py:796 Rel table creation issue (MANUFACTURES): Binder exception: Table Company does not exist.
WARNING  agent_utilities.knowledge_graph.backends.ladybug_backend:ladybug_backend.py:796 Rel table creation issue (HAS_JURISDICTION_OVER): Binder exception: Table Company does not exist.
WARNING  agent_utilities.knowledge_graph.backends.ladybug_backend:ladybug_backend.py:796 Rel table creation issue (GOVERNS): Binder exception: Table GovernancePolicy does not exist.
WARNING  agent_utilities.knowledge_graph.backends.ladybug_backend:ladybug_backend.py:796 Rel table creation issue (MANUFACTURES): Binder exception: Table Company does not exist.
WARNING  agent_utilities.knowledge_graph.core.graph_compute:graph_compute.py:71 Failed to create tenant graph test_4dd6f4652aba: RuntimeError("Graph 'test_4dd6f4652aba' already exists")
____________________ TestGraphAlgorithms.test_shortest_path ____________________

self = <test_knowledge_graph_integration.TestGraphAlgorithms object at 0x7b6d178f3c50>
engine = <agent_utilities.knowledge_graph.core.engine.IntelligenceGraphEngine object at 0x7b696b1b1a90>

    def test_shortest_path(self, engine):
>       engine.graph.add_node("A", type="node", name="A")

tests/integration/knowledge_graph/test_knowledge_graph_integration.py:436: 
_ _ _ _ _ _ _ _ _ _ _ _ _ _ _ _ _ _ _ _ _ _ _ _ _ _ _ _ _ _ _ _ _ _ _ _ _ _ _ _ 
agent_utilities/knowledge_graph/core/graph_compute.py:159: in add_node
    self._client.nodes.add(node_id, props)
../epistemic-graph/epistemic_graph/client.py:662: in sync_wrapper
    return future.result()
           ^^^^^^^^^^^^^^^
/home/genius/.local/share/uv/python/cpython-3.11.15-linux-x86_64-gnu/lib/python3.11/concurrent/futures/_base.py:456: in result
    return self.__get_result()
           ^^^^^^^^^^^^^^^^^^^
/home/genius/.local/share/uv/python/cpython-3.11.15-linux-x86_64-gnu/lib/python3.11/concurrent/futures/_base.py:401: in __get_result
    raise self._exception
../epistemic-graph/epistemic_graph/client.py:31: in add
    await self._client._send(
_ _ _ _ _ _ _ _ _ _ _ _ _ _ _ _ _ _ _ _ _ _ _ _ _ _ _ _ _ _ _ _ _ _ _ _ _ _ _ _ 

self = <epistemic_graph.client.EpistemicGraphClient object at 0x7b696b1b3250>
method = 'AddNode'
params = {'node_id': 'A', 'properties_msgpack': b'\x82\xa4type\xa4node\xa4name\xa1A'}
graph = None

    async def _send(
        self,
        method: str,
        params: dict[str, Any] | None = None,
        graph: str | None = None,
    ) -> Any:
        req_id = self._next_id()
        request: dict[str, Any] = {
            "id": req_id,
            "graph": graph or self._graph_name,
            "auth_token": self._compute_token(req_id),
            "method": method,
        }
        if params:
            request["params"] = params
    
        payload = msgpack.packb(request)
        length_prefix = len(payload).to_bytes(4, byteorder="big")
    
        async with self._lock:
            self._writer.write(length_prefix)
            self._writer.write(payload)
            await self._writer.drain()
    
            try:
                len_buf = await self._reader.readexactly(4)
                msg_len = int.from_bytes(len_buf, byteorder="big")
                resp_bytes = await self._reader.readexactly(msg_len)
            except asyncio.IncompleteReadError as e:
                raise ConnectionError("Connection closed by server") from e
    
        resp = msgpack.unpackb(resp_bytes, raw=False)
        if resp.get("error") is not None:
            err_msg = resp.get("error", "Unknown error")
>           raise RuntimeError(err_msg)
E           RuntimeError: Invalid request MsgPack: invalid type: byte array, expected a sequence

../epistemic-graph/epistemic_graph/client.py:573: RuntimeError
---------------------------- Captured stderr setup -----------------------------
WARNING:agent_utilities.knowledge_graph.backends.ladybug_backend:Rel table creation issue (HAS_JURISDICTION_OVER): Binder exception: Table Company does not exist.
WARNING:agent_utilities.knowledge_graph.backends.ladybug_backend:Rel table creation issue (GOVERNS): Binder exception: Table GovernancePolicy does not exist.
WARNING:agent_utilities.knowledge_graph.backends.ladybug_backend:Rel table creation issue (MANUFACTURES): Binder exception: Table Company does not exist.
WARNING:agent_utilities.knowledge_graph.backends.ladybug_backend:Rel table creation issue (HAS_JURISDICTION_OVER): Binder exception: Table Company does not exist.
WARNING:agent_utilities.knowledge_graph.backends.ladybug_backend:Rel table creation issue (GOVERNS): Binder exception: Table GovernancePolicy does not exist.
WARNING:agent_utilities.knowledge_graph.backends.ladybug_backend:Rel table creation issue (MANUFACTURES): Binder exception: Table Company does not exist.
WARNING:agent_utilities.knowledge_graph.core.graph_compute:Failed to create tenant graph test_9788c31c8ccf: RuntimeError("Graph 'test_9788c31c8ccf' already exists")
------------------------------ Captured log setup ------------------------------
WARNING  agent_utilities.knowledge_graph.backends.ladybug_backend:ladybug_backend.py:796 Rel table creation issue (HAS_JURISDICTION_OVER): Binder exception: Table Company does not exist.
WARNING  agent_utilities.knowledge_graph.backends.ladybug_backend:ladybug_backend.py:796 Rel table creation issue (GOVERNS): Binder exception: Table GovernancePolicy does not exist.
WARNING  agent_utilities.knowledge_graph.backends.ladybug_backend:ladybug_backend.py:796 Rel table creation issue (MANUFACTURES): Binder exception: Table Company does not exist.
WARNING  agent_utilities.knowledge_graph.backends.ladybug_backend:ladybug_backend.py:796 Rel table creation issue (HAS_JURISDICTION_OVER): Binder exception: Table Company does not exist.
WARNING  agent_utilities.knowledge_graph.backends.ladybug_backend:ladybug_backend.py:796 Rel table creation issue (GOVERNS): Binder exception: Table GovernancePolicy does not exist.
WARNING  agent_utilities.knowledge_graph.backends.ladybug_backend:ladybug_backend.py:796 Rel table creation issue (MANUFACTURES): Binder exception: Table Company does not exist.
WARNING  agent_utilities.knowledge_graph.core.graph_compute:graph_compute.py:71 Failed to create tenant graph test_9788c31c8ccf: RuntimeError("Graph 'test_9788c31c8ccf' already exists")
____________________ TestGraphAlgorithms.test_hybrid_search ____________________

self = <test_knowledge_graph_integration.TestGraphAlgorithms object at 0x7b6d178f39d0>
engine = <agent_utilities.knowledge_graph.core.engine.IntelligenceGraphEngine object at 0x7b6c6079c310>

    def test_hybrid_search(self, engine):
>       engine.graph.add_node(
            "tool:python",
            type="tool",
            name="python_runner",
            description="Runs Python code",
        )

tests/integration/knowledge_graph/test_knowledge_graph_integration.py:446: 
_ _ _ _ _ _ _ _ _ _ _ _ _ _ _ _ _ _ _ _ _ _ _ _ _ _ _ _ _ _ _ _ _ _ _ _ _ _ _ _ 
agent_utilities/knowledge_graph/core/graph_compute.py:159: in add_node
    self._client.nodes.add(node_id, props)
../epistemic-graph/epistemic_graph/client.py:662: in sync_wrapper
    return future.result()
           ^^^^^^^^^^^^^^^
/home/genius/.local/share/uv/python/cpython-3.11.15-linux-x86_64-gnu/lib/python3.11/concurrent/futures/_base.py:456: in result
    return self.__get_result()
           ^^^^^^^^^^^^^^^^^^^
/home/genius/.local/share/uv/python/cpython-3.11.15-linux-x86_64-gnu/lib/python3.11/concurrent/futures/_base.py:401: in __get_result
    raise self._exception
../epistemic-graph/epistemic_graph/client.py:31: in add
    await self._client._send(
_ _ _ _ _ _ _ _ _ _ _ _ _ _ _ _ _ _ _ _ _ _ _ _ _ _ _ _ _ _ _ _ _ _ _ _ _ _ _ _ 

self = <epistemic_graph.client.EpistemicGraphClient object at 0x7b69b01f5350>
method = 'AddNode'
params = {'node_id': 'tool:python', 'properties_msgpack': b'\x83\xa4type\xa4tool\xa4name\xadpython_runner\xabdescription\xb0Runs Python code'}
graph = None

    async def _send(
        self,
        method: str,
        params: dict[str, Any] | None = None,
        graph: str | None = None,
    ) -> Any:
        req_id = self._next_id()
        request: dict[str, Any] = {
            "id": req_id,
            "graph": graph or self._graph_name,
            "auth_token": self._compute_token(req_id),
            "method": method,
        }
        if params:
            request["params"] = params
    
        payload = msgpack.packb(request)
        length_prefix = len(payload).to_bytes(4, byteorder="big")
    
        async with self._lock:
            self._writer.write(length_prefix)
            self._writer.write(payload)
            await self._writer.drain()
    
            try:
                len_buf = await self._reader.readexactly(4)
                msg_len = int.from_bytes(len_buf, byteorder="big")
                resp_bytes = await self._reader.readexactly(msg_len)
            except asyncio.IncompleteReadError as e:
                raise ConnectionError("Connection closed by server") from e
    
        resp = msgpack.unpackb(resp_bytes, raw=False)
        if resp.get("error") is not None:
            err_msg = resp.get("error", "Unknown error")
>           raise RuntimeError(err_msg)
E           RuntimeError: Invalid request MsgPack: invalid type: byte array, expected a sequence

../epistemic-graph/epistemic_graph/client.py:573: RuntimeError
---------------------------- Captured stderr setup -----------------------------
WARNING:agent_utilities.knowledge_graph.backends.ladybug_backend:Rel table creation issue (HAS_JURISDICTION_OVER): Binder exception: Table Company does not exist.
WARNING:agent_utilities.knowledge_graph.backends.ladybug_backend:Rel table creation issue (GOVERNS): Binder exception: Table GovernancePolicy does not exist.
WARNING:agent_utilities.knowledge_graph.backends.ladybug_backend:Rel table creation issue (MANUFACTURES): Binder exception: Table Company does not exist.
WARNING:agent_utilities.knowledge_graph.backends.ladybug_backend:Rel table creation issue (HAS_JURISDICTION_OVER): Binder exception: Table Company does not exist.
WARNING:agent_utilities.knowledge_graph.backends.ladybug_backend:Rel table creation issue (GOVERNS): Binder exception: Table GovernancePolicy does not exist.
WARNING:agent_utilities.knowledge_graph.backends.ladybug_backend:Rel table creation issue (MANUFACTURES): Binder exception: Table Company does not exist.
WARNING:agent_utilities.knowledge_graph.core.graph_compute:Failed to create tenant graph test_dbe5280ad2d9: RuntimeError("Graph 'test_dbe5280ad2d9' already exists")
------------------------------ Captured log setup ------------------------------
WARNING  agent_utilities.knowledge_graph.backends.ladybug_backend:ladybug_backend.py:796 Rel table creation issue (HAS_JURISDICTION_OVER): Binder exception: Table Company does not exist.
WARNING  agent_utilities.knowledge_graph.backends.ladybug_backend:ladybug_backend.py:796 Rel table creation issue (GOVERNS): Binder exception: Table GovernancePolicy does not exist.
WARNING  agent_utilities.knowledge_graph.backends.ladybug_backend:ladybug_backend.py:796 Rel table creation issue (MANUFACTURES): Binder exception: Table Company does not exist.
WARNING  agent_utilities.knowledge_graph.backends.ladybug_backend:ladybug_backend.py:796 Rel table creation issue (HAS_JURISDICTION_OVER): Binder exception: Table Company does not exist.
WARNING  agent_utilities.knowledge_graph.backends.ladybug_backend:ladybug_backend.py:796 Rel table creation issue (GOVERNS): Binder exception: Table GovernancePolicy does not exist.
WARNING  agent_utilities.knowledge_graph.backends.ladybug_backend:ladybug_backend.py:796 Rel table creation issue (MANUFACTURES): Binder exception: Table Company does not exist.
WARNING  agent_utilities.knowledge_graph.core.graph_compute:graph_compute.py:71 Failed to create tenant graph test_dbe5280ad2d9: RuntimeError("Graph 'test_dbe5280ad2d9' already exists")
_ TestMultiBackendIntegration.test_backend_lifecycle_and_crud[falkordb-docker/falkordb.compose.yml-6380-conn_kwargs0] _

self = <test_multibackend_integration.TestMultiBackendIntegration object at 0x7b6d17909e10>
backend_type = 'falkordb', compose_file = 'docker/falkordb.compose.yml'
port = 6380
conn_kwargs = {'db_name': 'agent_graph', 'host': 'localhost', 'port': 6380}

    @pytest.mark.asyncio
    @pytest.mark.parametrize(
        "backend_type,compose_file,port,conn_kwargs",
        [
            (
                "falkordb",
                "docker/falkordb.compose.yml",
                6380,
                {"host": "localhost", "port": 6380, "db_name": "agent_graph"},
            ),
            (
                "neo4j",
                "docker/neo4j.compose.yml",
                7687,
                {
                    "uri": "bolt://localhost:7687",
                    "user": "neo4j",
                    "password": "password",
                },
            ),
            (
                "postgresql",
                "docker/pggraph.compose.yml",
                5433,
                {
                    "uri": "postgresql://agent:agent@localhost:5433/agent_kg",
                    "db_name": "agent_graph",
                },
            ),
        ],
    )
    async def test_backend_lifecycle_and_crud(
        self, backend_type, compose_file, port, conn_kwargs
    ):
        # Locate correct absolute path of compose file
        workspace_dir = "/home/apps/workspace/agent-packages/agent-utilities"
        abs_compose = os.path.join(workspace_dir, compose_file)
    
        print(
            f"\n>>> Starting container for backend: {backend_type} using {compose_file}..."
        )
    
        # 1. Clean teardown from any previous partial states
        try:
            manage_container(abs_compose, "down")
        except Exception:
            pass
    
        # Ensure active engine and active backend are clean
        IntelligenceGraphEngine._ACTIVE_ENGINE = None
        set_active_backend(None)
    
        # 2. Spin up the specific container
        try:
            manage_container(abs_compose, "up")
            assert wait_for_port(port, timeout=45.0), (
                f"Port {port} failed to open in time!"
            )
    
            # Wait for database driver initialization success
            print(f"Waiting for {backend_type} driver connectivity check...")
            assert wait_for_db_ready(backend_type, conn_kwargs, timeout=60.0), (
                f"Database {backend_type} failed ready check!"
            )
            print(f"Database {backend_type} is ready!")
    
            # 3. Instantiate the backend factory
            print(f"Creating backend instance for: {backend_type}...")
            backend = create_backend(backend_type=backend_type, **conn_kwargs)
            assert backend is not None, f"Failed to instantiate {backend_type} backend"
    
            # Initialize schema and tables
            print(f"Creating schema/tables for {backend_type}...")
            backend.create_schema()
    
            # 4. Initialize graph engine
            GraphComputeEngine(backend_type="rust")
            engine = IntelligenceGraphEngine(backend=backend)
    
            # Set the engine active correctly using class variable
            IntelligenceGraphEngine.set_active(engine)
            assert get_active_backend() == backend
    
            # 5. High-fidelity Stress/CRUD verification
            # Add nodes with complex strings, escapes, nested metadata to ensure robust serialization
            agent_id = "agent:complex-router"
            agent_props = {
                "name": "Expert Specialist Router 🤖 (Quotes: \"hello\", 'world')",
                "description": "Multi-line description:\nLine 1\nLine 2 with backslashes: \\path\\to\\config",
                "agent_type": "prompt",
                "system_prompt": "Prompt with quote escapes and emoji: 🎉",
                "capabilities": ["router", "math", "vector-search"],
                "tool_count": 2,
                "importance_score": 0.98,
                "is_permanent": True,
            }
    
            tool_id = "tool:math-eval"
            tool_props = {
                "name": "math-eval",
                "description": "Evaluate expressions: x + y = z",
                "mcp_server": "Expert Specialist Router 🤖 (Quotes: \"hello\", 'world')",
                "relevance_score": 100,
                "requires_approval": True,
                "tags": ["math", "calculator"],
                "importance_score": 0.85,
                "is_permanent": False,
            }
    
            memory_id = "mem:user-preferences"
            memory_props = {
                "name": "user-preferences",
                "description": "User custom settings card.",
                "category": "preferences",
                "status": "ACTIVE",
                "tags": ["theme", "ui"],
                "importance_score": 0.9,
                "metadata": json.dumps(
                    {"theme": "dark", "zoom": 1.2, "nested": {"list": [1, 2, 3]}}
                ),
                "is_permanent": True,
            }
    
            print("Adding nodes via active graph engine...")
>           engine.add_node(agent_id, RegistryNodeType.AGENT, agent_props)

tests/integration/knowledge_graph/test_multibackend_integration.py:239: 
_ _ _ _ _ _ _ _ _ _ _ _ _ _ _ _ _ _ _ _ _ _ _ _ _ _ _ _ _ _ _ _ _ _ _ _ _ _ _ _ 
agent_utilities/knowledge_graph/core/engine.py:489: in add_node
    self.graph_compute.add_node(node_id, props)
agent_utilities/knowledge_graph/core/graph_compute.py:159: in add_node
    self._client.nodes.add(node_id, props)
../epistemic-graph/epistemic_graph/client.py:662: in sync_wrapper
    return future.result()
           ^^^^^^^^^^^^^^^
/home/genius/.local/share/uv/python/cpython-3.11.15-linux-x86_64-gnu/lib/python3.11/concurrent/futures/_base.py:456: in result
    return self.__get_result()
           ^^^^^^^^^^^^^^^^^^^
/home/genius/.local/share/uv/python/cpython-3.11.15-linux-x86_64-gnu/lib/python3.11/concurrent/futures/_base.py:401: in __get_result
    raise self._exception
../epistemic-graph/epistemic_graph/client.py:31: in add
    await self._client._send(
_ _ _ _ _ _ _ _ _ _ _ _ _ _ _ _ _ _ _ _ _ _ _ _ _ _ _ _ _ _ _ _ _ _ _ _ _ _ _ _ 

self = <epistemic_graph.client.EpistemicGraphClient object at 0x7b69b0383c50>
method = 'AddNode'
params = {'node_id': 'agent:complex-router', 'properties_msgpack': b'\x89\xa4name\xd98Expert Specialist Router \xf0\x9f\xa4\x96...xadvector-search\xaatool_count\x02\xb0importance_score\xcb?\xef\\(\xf5\xc2\x8f\\\xacis_permanent\xc3\xa4type\xa5Agent'}
graph = None

    async def _send(
        self,
        method: str,
        params: dict[str, Any] | None = None,
        graph: str | None = None,
    ) -> Any:
        req_id = self._next_id()
        request: dict[str, Any] = {
            "id": req_id,
            "graph": graph or self._graph_name,
            "auth_token": self._compute_token(req_id),
            "method": method,
        }
        if params:
            request["params"] = params
    
        payload = msgpack.packb(request)
        length_prefix = len(payload).to_bytes(4, byteorder="big")
    
        async with self._lock:
            self._writer.write(length_prefix)
            self._writer.write(payload)
            await self._writer.drain()
    
            try:
                len_buf = await self._reader.readexactly(4)
                msg_len = int.from_bytes(len_buf, byteorder="big")
                resp_bytes = await self._reader.readexactly(msg_len)
            except asyncio.IncompleteReadError as e:
                raise ConnectionError("Connection closed by server") from e
    
        resp = msgpack.unpackb(resp_bytes, raw=False)
        if resp.get("error") is not None:
            err_msg = resp.get("error", "Unknown error")
>           raise RuntimeError(err_msg)
E           RuntimeError: Invalid request MsgPack: invalid type: byte array, expected a sequence

../epistemic-graph/epistemic_graph/client.py:573: RuntimeError
----------------------------- Captured stderr call -----------------------------

>>> Starting container for backend: falkordb using docker/falkordb.compose.yml...
Waiting for falkordb driver connectivity check...
Database falkordb is ready!
Creating backend instance for: falkordb...
WARNING:agent_utilities.knowledge_graph.backends.falkordb_backend:Could not create vector index in FalkorDB: Procedure `db.idx.vector.create` is not registered
Creating schema/tables for falkordb...
WARNING:agent_utilities.knowledge_graph.backends.falkordb_backend:Could not create vector index in FalkorDB: Procedure `db.idx.vector.create` is not registered
WARNING:agent_utilities.knowledge_graph.core.graph_compute:Failed to create tenant graph test_95994ee471d5: RuntimeError("Graph 'test_95994ee471d5' already exists")
Adding nodes via active graph engine...
Tearing down container for: falkordb...
Teardown for falkordb completed.
------------------------------ Captured log call -------------------------------
WARNING  agent_utilities.knowledge_graph.backends.falkordb_backend:falkordb_backend.py:72 Could not create vector index in FalkorDB: Procedure `db.idx.vector.create` is not registered
WARNING  agent_utilities.knowledge_graph.backends.falkordb_backend:falkordb_backend.py:72 Could not create vector index in FalkorDB: Procedure `db.idx.vector.create` is not registered
WARNING  agent_utilities.knowledge_graph.core.graph_compute:graph_compute.py:71 Failed to create tenant graph test_95994ee471d5: RuntimeError("Graph 'test_95994ee471d5' already exists")
_ TestMultiBackendIntegration.test_backend_lifecycle_and_crud[neo4j-docker/neo4j.compose.yml-7687-conn_kwargs1] _

self = <test_multibackend_integration.TestMultiBackendIntegration object at 0x7b6d17909f50>
backend_type = 'neo4j', compose_file = 'docker/neo4j.compose.yml', port = 7687
conn_kwargs = {'password': 'password', 'uri': 'bolt://localhost:7687', 'user': 'neo4j'}

    @pytest.mark.asyncio
    @pytest.mark.parametrize(
        "backend_type,compose_file,port,conn_kwargs",
        [
            (
                "falkordb",
                "docker/falkordb.compose.yml",
                6380,
                {"host": "localhost", "port": 6380, "db_name": "agent_graph"},
            ),
            (
                "neo4j",
                "docker/neo4j.compose.yml",
                7687,
                {
                    "uri": "bolt://localhost:7687",
                    "user": "neo4j",
                    "password": "password",
                },
            ),
            (
                "postgresql",
                "docker/pggraph.compose.yml",
                5433,
                {
                    "uri": "postgresql://agent:agent@localhost:5433/agent_kg",
                    "db_name": "agent_graph",
                },
            ),
        ],
    )
    async def test_backend_lifecycle_and_crud(
        self, backend_type, compose_file, port, conn_kwargs
    ):
        # Locate correct absolute path of compose file
        workspace_dir = "/home/apps/workspace/agent-packages/agent-utilities"
        abs_compose = os.path.join(workspace_dir, compose_file)
    
        print(
            f"\n>>> Starting container for backend: {backend_type} using {compose_file}..."
        )
    
        # 1. Clean teardown from any previous partial states
        try:
            manage_container(abs_compose, "down")
        except Exception:
            pass
    
        # Ensure active engine and active backend are clean
        IntelligenceGraphEngine._ACTIVE_ENGINE = None
        set_active_backend(None)
    
        # 2. Spin up the specific container
        try:
            manage_container(abs_compose, "up")
            assert wait_for_port(port, timeout=45.0), (
                f"Port {port} failed to open in time!"
            )
    
            # Wait for database driver initialization success
            print(f"Waiting for {backend_type} driver connectivity check...")
>           assert wait_for_db_ready(backend_type, conn_kwargs, timeout=60.0), (
                f"Database {backend_type} failed ready check!"
            )
E           AssertionError: Database neo4j failed ready check!
E           assert False
E            +  where False = wait_for_db_ready('neo4j', {'password': 'password', 'uri': 'bolt://localhost:7687', 'user': 'neo4j'}, timeout=60.0)

tests/integration/knowledge_graph/test_multibackend_integration.py:176: AssertionError
----------------------------- Captured stderr call -----------------------------

>>> Starting container for backend: neo4j using docker/neo4j.compose.yml...
Waiting for neo4j driver connectivity check...
%3|1780174842.602|FAIL|rdkafka#consumer-1| [thrd:localhost:9092/bootstrap]: localhost:9092/bootstrap: Connect to ipv4#127.0.0.1:9092 failed: Connection refused (after 0ms in state CONNECT, 583 identical error(s) suppressed)
%3|1780174872.610|FAIL|rdkafka#consumer-1| [thrd:localhost:9092/bootstrap]: localhost:9092/bootstrap: Connect to ipv4#127.0.0.1:9092 failed: Connection refused (after 0ms in state CONNECT, 583 identical error(s) suppressed)
Tearing down container for: neo4j...
%3|1780174902.661|FAIL|rdkafka#consumer-1| [thrd:localhost:9092/bootstrap]: localhost:9092/bootstrap: Connect to ipv4#127.0.0.1:9092 failed: Connection refused (after 0ms in state CONNECT, 584 identical error(s) suppressed)
Teardown for neo4j completed.
_ TestMultiBackendIntegration.test_backend_lifecycle_and_crud[postgresql-docker/pggraph.compose.yml-5433-conn_kwargs2] _

self = <test_multibackend_integration.TestMultiBackendIntegration object at 0x7b6d1790a090>
backend_type = 'postgresql', compose_file = 'docker/pggraph.compose.yml'
port = 5433
conn_kwargs = {'db_name': 'agent_graph', 'uri': 'postgresql://agent:agent@localhost:5433/agent_kg'}

    @pytest.mark.asyncio
    @pytest.mark.parametrize(
        "backend_type,compose_file,port,conn_kwargs",
        [
            (
                "falkordb",
                "docker/falkordb.compose.yml",
                6380,
                {"host": "localhost", "port": 6380, "db_name": "agent_graph"},
            ),
            (
                "neo4j",
                "docker/neo4j.compose.yml",
                7687,
                {
                    "uri": "bolt://localhost:7687",
                    "user": "neo4j",
                    "password": "password",
                },
            ),
            (
                "postgresql",
                "docker/pggraph.compose.yml",
                5433,
                {
                    "uri": "postgresql://agent:agent@localhost:5433/agent_kg",
                    "db_name": "agent_graph",
                },
            ),
        ],
    )
    async def test_backend_lifecycle_and_crud(
        self, backend_type, compose_file, port, conn_kwargs
    ):
        # Locate correct absolute path of compose file
        workspace_dir = "/home/apps/workspace/agent-packages/agent-utilities"
        abs_compose = os.path.join(workspace_dir, compose_file)
    
        print(
            f"\n>>> Starting container for backend: {backend_type} using {compose_file}..."
        )
    
        # 1. Clean teardown from any previous partial states
        try:
            manage_container(abs_compose, "down")
        except Exception:
            pass
    
        # Ensure active engine and active backend are clean
        IntelligenceGraphEngine._ACTIVE_ENGINE = None
        set_active_backend(None)
    
        # 2. Spin up the specific container
        try:
            manage_container(abs_compose, "up")
            assert wait_for_port(port, timeout=45.0), (
                f"Port {port} failed to open in time!"
            )
    
            # Wait for database driver initialization success
            print(f"Waiting for {backend_type} driver connectivity check...")
            assert wait_for_db_ready(backend_type, conn_kwargs, timeout=60.0), (
                f"Database {backend_type} failed ready check!"
            )
            print(f"Database {backend_type} is ready!")
    
            # 3. Instantiate the backend factory
            print(f"Creating backend instance for: {backend_type}...")
            backend = create_backend(backend_type=backend_type, **conn_kwargs)
            assert backend is not None, f"Failed to instantiate {backend_type} backend"
    
            # Initialize schema and tables
            print(f"Creating schema/tables for {backend_type}...")
            backend.create_schema()
    
            # 4. Initialize graph engine
            GraphComputeEngine(backend_type="rust")
            engine = IntelligenceGraphEngine(backend=backend)
    
            # Set the engine active correctly using class variable
            IntelligenceGraphEngine.set_active(engine)
            assert get_active_backend() == backend
    
            # 5. High-fidelity Stress/CRUD verification
            # Add nodes with complex strings, escapes, nested metadata to ensure robust serialization
            agent_id = "agent:complex-router"
            agent_props = {
                "name": "Expert Specialist Router 🤖 (Quotes: \"hello\", 'world')",
                "description": "Multi-line description:\nLine 1\nLine 2 with backslashes: \\path\\to\\config",
                "agent_type": "prompt",
                "system_prompt": "Prompt with quote escapes and emoji: 🎉",
                "capabilities": ["router", "math", "vector-search"],
                "tool_count": 2,
                "importance_score": 0.98,
                "is_permanent": True,
            }
    
            tool_id = "tool:math-eval"
            tool_props = {
                "name": "math-eval",
                "description": "Evaluate expressions: x + y = z",
                "mcp_server": "Expert Specialist Router 🤖 (Quotes: \"hello\", 'world')",
                "relevance_score": 100,
                "requires_approval": True,
                "tags": ["math", "calculator"],
                "importance_score": 0.85,
                "is_permanent": False,
            }
    
            memory_id = "mem:user-preferences"
            memory_props = {
                "name": "user-preferences",
                "description": "User custom settings card.",
                "category": "preferences",
                "status": "ACTIVE",
                "tags": ["theme", "ui"],
                "importance_score": 0.9,
                "metadata": json.dumps(
                    {"theme": "dark", "zoom": 1.2, "nested": {"list": [1, 2, 3]}}
                ),
                "is_permanent": True,
            }
    
            print("Adding nodes via active graph engine...")
>           engine.add_node(agent_id, RegistryNodeType.AGENT, agent_props)

tests/integration/knowledge_graph/test_multibackend_integration.py:239: 
_ _ _ _ _ _ _ _ _ _ _ _ _ _ _ _ _ _ _ _ _ _ _ _ _ _ _ _ _ _ _ _ _ _ _ _ _ _ _ _ 
agent_utilities/knowledge_graph/core/engine.py:489: in add_node
    self.graph_compute.add_node(node_id, props)
agent_utilities/knowledge_graph/core/graph_compute.py:159: in add_node
    self._client.nodes.add(node_id, props)
../epistemic-graph/epistemic_graph/client.py:662: in sync_wrapper
    return future.result()
           ^^^^^^^^^^^^^^^
/home/genius/.local/share/uv/python/cpython-3.11.15-linux-x86_64-gnu/lib/python3.11/concurrent/futures/_base.py:456: in result
    return self.__get_result()
           ^^^^^^^^^^^^^^^^^^^
/home/genius/.local/share/uv/python/cpython-3.11.15-linux-x86_64-gnu/lib/python3.11/concurrent/futures/_base.py:401: in __get_result
    raise self._exception
../epistemic-graph/epistemic_graph/client.py:31: in add
    await self._client._send(
_ _ _ _ _ _ _ _ _ _ _ _ _ _ _ _ _ _ _ _ _ _ _ _ _ _ _ _ _ _ _ _ _ _ _ _ _ _ _ _ 

self = <epistemic_graph.client.EpistemicGraphClient object at 0x7b69b0097c50>
method = 'AddNode'
params = {'node_id': 'agent:complex-router', 'properties_msgpack': b'\x89\xa4name\xd98Expert Specialist Router \xf0\x9f\xa4\x96...xadvector-search\xaatool_count\x02\xb0importance_score\xcb?\xef\\(\xf5\xc2\x8f\\\xacis_permanent\xc3\xa4type\xa5Agent'}
graph = None

    async def _send(
        self,
        method: str,
        params: dict[str, Any] | None = None,
        graph: str | None = None,
    ) -> Any:
        req_id = self._next_id()
        request: dict[str, Any] = {
            "id": req_id,
            "graph": graph or self._graph_name,
            "auth_token": self._compute_token(req_id),
            "method": method,
        }
        if params:
            request["params"] = params
    
        payload = msgpack.packb(request)
        length_prefix = len(payload).to_bytes(4, byteorder="big")
    
        async with self._lock:
            self._writer.write(length_prefix)
            self._writer.write(payload)
            await self._writer.drain()
    
            try:
                len_buf = await self._reader.readexactly(4)
                msg_len = int.from_bytes(len_buf, byteorder="big")
                resp_bytes = await self._reader.readexactly(msg_len)
            except asyncio.IncompleteReadError as e:
                raise ConnectionError("Connection closed by server") from e
    
        resp = msgpack.unpackb(resp_bytes, raw=False)
        if resp.get("error") is not None:
            err_msg = resp.get("error", "Unknown error")
>           raise RuntimeError(err_msg)
E           RuntimeError: Invalid request MsgPack: invalid type: byte array, expected a sequence

../epistemic-graph/epistemic_graph/client.py:573: RuntimeError
----------------------------- Captured stderr call -----------------------------

>>> Starting container for backend: postgresql using docker/pggraph.compose.yml...
Waiting for postgresql driver connectivity check...
Database postgresql is ready!
Creating backend instance for: postgresql...
Creating schema/tables for postgresql...
WARNING:agent_utilities.knowledge_graph.core.graph_compute:Failed to create tenant graph test_c6ab8d6a6631: RuntimeError("Graph 'test_c6ab8d6a6631' already exists")
Adding nodes via active graph engine...
Tearing down container for: postgresql...
Teardown for postgresql completed.
------------------------------ Captured log call -------------------------------
WARNING  agent_utilities.knowledge_graph.core.graph_compute:graph_compute.py:71 Failed to create tenant graph test_c6ab8d6a6631: RuntimeError("Graph 'test_c6ab8d6a6631' already exists")
___________________ test_mcp_server_ingestion_and_discovery ____________________

mock_create_model = <MagicMock name='create_embedding_model' id='135693855183952'>
graph_engine = <agent_utilities.knowledge_graph.core.engine.IntelligenceGraphEngine object at 0x7b69b0096790>

    @patch(
        "agent_utilities.knowledge_graph.retrieval.hybrid_retriever.create_embedding_model"
    )
    def test_mcp_server_ingestion_and_discovery(mock_create_model, graph_engine):
        mock_model = MagicMock()
        mock_model.get_text_embedding.return_value = [0.1] * 768
        mock_create_model.return_value = mock_model
        """Test full cycle of MCP server ingestion, discovery, and spawning."""
        tools = [
            {
                "name": "get_weather",
                "description": "Get weather for a city",
                "capabilities": ["weather", "search"],
            },
            {
                "name": "post_tweet",
                "description": "Post a message to Twitter",
                "capabilities": ["social", "write"],
            },
        ]
    
        # 1. Ingest MCP Server
        graph_engine.ingest_mcp_server(
            name="WeatherTwitter", url="http://localhost:8000/mcp", tools=tools
        )
    
        # 2. Verify CallableResources exist
        res = graph_engine.query_cypher(
            "MATCH (r:CallableResource) RETURN r.name as name, r.resource_type as type"
        )
>       assert len(res) == 2
E       AssertionError: assert 60 == 2
E        +  where 60 = len([{'name': 'KG-driven team assembly (ORCH-1.15)', 'type': 'SERVICE'}, {'name': 'Dynamic graph materialization (ORCH-1.1...e routing (ORCH-1.18)', 'type': 'SERVICE'}, {'name': 'Subagent lifecycle patterns (ORCH-1.6)', 'type': 'SERVICE'}, ...])

tests/integration/mcp/test_mcp_integration.py:54: AssertionError
---------------------------- Captured stderr setup -----------------------------
WARNING:agent_utilities.knowledge_graph.backends.ladybug_backend:Rel table creation issue (HAS_JURISDICTION_OVER): Binder exception: Table Company does not exist.
WARNING:agent_utilities.knowledge_graph.backends.ladybug_backend:Rel table creation issue (GOVERNS): Binder exception: Table GovernancePolicy does not exist.
WARNING:agent_utilities.knowledge_graph.backends.ladybug_backend:Rel table creation issue (MANUFACTURES): Binder exception: Table Company does not exist.
------------------------------ Captured log setup ------------------------------
WARNING  agent_utilities.knowledge_graph.backends.ladybug_backend:ladybug_backend.py:796 Rel table creation issue (HAS_JURISDICTION_OVER): Binder exception: Table Company does not exist.
WARNING  agent_utilities.knowledge_graph.backends.ladybug_backend:ladybug_backend.py:796 Rel table creation issue (GOVERNS): Binder exception: Table GovernancePolicy does not exist.
WARNING  agent_utilities.knowledge_graph.backends.ladybug_backend:ladybug_backend.py:796 Rel table creation issue (MANUFACTURES): Binder exception: Table Company does not exist.
________________________ test_eunomia_client_connection ________________________

    @contextlib.contextmanager
    def map_httpcore_exceptions() -> typing.Iterator[None]:
        global HTTPCORE_EXC_MAP
        if len(HTTPCORE_EXC_MAP) == 0:
            HTTPCORE_EXC_MAP = _load_httpcore_exceptions()
        try:
>           yield

../../.venv/lib/python3.11/site-packages/httpx/_transports/default.py:101: 
_ _ _ _ _ _ _ _ _ _ _ _ _ _ _ _ _ _ _ _ _ _ _ _ _ _ _ _ _ _ _ _ _ _ _ _ _ _ _ _ 
../../.venv/lib/python3.11/site-packages/httpx/_transports/default.py:250: in handle_request
    resp = self._pool.handle_request(req)
           ^^^^^^^^^^^^^^^^^^^^^^^^^^^^^^
../../.venv/lib/python3.11/site-packages/httpcore/_sync/connection_pool.py:256: in handle_request
    raise exc from None
../../.venv/lib/python3.11/site-packages/httpcore/_sync/connection_pool.py:236: in handle_request
    response = connection.handle_request(
../../.venv/lib/python3.11/site-packages/httpcore/_sync/connection.py:101: in handle_request
    raise exc
../../.venv/lib/python3.11/site-packages/httpcore/_sync/connection.py:78: in handle_request
    stream = self._connect(request)
             ^^^^^^^^^^^^^^^^^^^^^^
../../.venv/lib/python3.11/site-packages/httpcore/_sync/connection.py:124: in _connect
    stream = self._network_backend.connect_tcp(**kwargs)
             ^^^^^^^^^^^^^^^^^^^^^^^^^^^^^^^^^^^^^^^^^^^
../../.venv/lib/python3.11/site-packages/httpcore/_backends/sync.py:207: in connect_tcp
    with map_exceptions(exc_map):
/home/genius/.local/share/uv/python/cpython-3.11.15-linux-x86_64-gnu/lib/python3.11/contextlib.py:158: in __exit__
    self.gen.throw(typ, value, traceback)
_ _ _ _ _ _ _ _ _ _ _ _ _ _ _ _ _ _ _ _ _ _ _ _ _ _ _ _ _ _ _ _ _ _ _ _ _ _ _ _ 

map = {<class 'TimeoutError'>: <class 'httpcore.ConnectTimeout'>, <class 'OSError'>: <class 'httpcore.ConnectError'>}

    @contextlib.contextmanager
    def map_exceptions(map: ExceptionMapping) -> typing.Iterator[None]:
        try:
            yield
        except Exception as exc:  # noqa: PIE786
            for from_exc, to_exc in map.items():
                if isinstance(exc, from_exc):
>                   raise to_exc(exc) from exc
E                   httpcore.ConnectError: [Errno 113] No route to host

../../.venv/lib/python3.11/site-packages/httpcore/_exceptions.py:14: ConnectError

The above exception was the direct cause of the following exception:

    def test_eunomia_client_connection():
        """Verify that we can connect to the running Eunomia remote server and list policies."""
        client = EunomiaClient(endpoint="http://eunomia.arpa")
>       policies = client.get_policies()
                   ^^^^^^^^^^^^^^^^^^^^^

tests/integration/test_eunomia_integration.py:8: 
_ _ _ _ _ _ _ _ _ _ _ _ _ _ _ _ _ _ _ _ _ _ _ _ _ _ _ _ _ _ _ _ _ _ _ _ _ _ _ _ 
../../.venv/lib/python3.11/site-packages/eunomia_sdk/client.py:272: in get_policies
    response = self.client.get("/admin/policies")
               ^^^^^^^^^^^^^^^^^^^^^^^^^^^^^^^^^^
../../.venv/lib/python3.11/site-packages/httpx/_client.py:1053: in get
    return self.request(
../../.venv/lib/python3.11/site-packages/httpx/_client.py:825: in request
    return self.send(request, auth=auth, follow_redirects=follow_redirects)
           ^^^^^^^^^^^^^^^^^^^^^^^^^^^^^^^^^^^^^^^^^^^^^^^^^^^^^^^^^^^^^^^^
../../.venv/lib/python3.11/site-packages/httpx/_client.py:914: in send
    response = self._send_handling_auth(
../../.venv/lib/python3.11/site-packages/httpx/_client.py:942: in _send_handling_auth
    response = self._send_handling_redirects(
../../.venv/lib/python3.11/site-packages/httpx/_client.py:979: in _send_handling_redirects
    response = self._send_single_request(request)
               ^^^^^^^^^^^^^^^^^^^^^^^^^^^^^^^^^^
../../.venv/lib/python3.11/site-packages/httpx/_client.py:1014: in _send_single_request
    response = transport.handle_request(request)
               ^^^^^^^^^^^^^^^^^^^^^^^^^^^^^^^^^
../../.venv/lib/python3.11/site-packages/httpx/_transports/default.py:249: in handle_request
    with map_httpcore_exceptions():
/home/genius/.local/share/uv/python/cpython-3.11.15-linux-x86_64-gnu/lib/python3.11/contextlib.py:158: in __exit__
    self.gen.throw(typ, value, traceback)
_ _ _ _ _ _ _ _ _ _ _ _ _ _ _ _ _ _ _ _ _ _ _ _ _ _ _ _ _ _ _ _ _ _ _ _ _ _ _ _ 

    @contextlib.contextmanager
    def map_httpcore_exceptions() -> typing.Iterator[None]:
        global HTTPCORE_EXC_MAP
        if len(HTTPCORE_EXC_MAP) == 0:
            HTTPCORE_EXC_MAP = _load_httpcore_exceptions()
        try:
            yield
        except Exception as exc:
            mapped_exc = None
    
            for from_exc, to_exc in HTTPCORE_EXC_MAP.items():
                if not isinstance(exc, from_exc):
                    continue
                # We want to map to the most specific exception we can find.
                # Eg if `exc` is an `httpcore.ReadTimeout`, we want to map to
                # `httpx.ReadTimeout`, not just `httpx.TimeoutException`.
                if mapped_exc is None or issubclass(to_exc, mapped_exc):
                    mapped_exc = to_exc
    
            if mapped_exc is None:  # pragma: no cover
                raise
    
            message = str(exc)
>           raise mapped_exc(message) from exc
E           httpx.ConnectError: [Errno 113] No route to host

../../.venv/lib/python3.11/site-packages/httpx/_transports/default.py:118: ConnectError
________________ TestWorkflowStore.test_save_and_load_workflow _________________

self = <integration.test_observability_pipeline.TestWorkflowStore object at 0x7b6d1768f310>
engine = <agent_utilities.knowledge_graph.core.engine.IntelligenceGraphEngine object at 0x7b690293d410>

    def test_save_and_load_workflow(self, engine):
        """CONCEPT:ORCH-1.22 — Workflows round-trip through KG."""
        from agent_utilities.knowledge_graph.workflow_store import WorkflowStore
        from agent_utilities.models.graph import ExecutionStep, GraphPlan
    
        store = WorkflowStore(engine)
    
        plan = GraphPlan(
            steps=[
                ExecutionStep(
                    id="researcher",
                    refined_subtask="Search for papers on transformers",
                ),
                ExecutionStep(
                    id="summarizer",
                    refined_subtask="Summarize top 3 papers",
                    depends_on=["researcher"],
                ),
            ]
        )
    
>       workflow_id = store.save_workflow(
            name="test_research_pipeline",
            plan=plan,
            description="A test research workflow",
            nl_spec="Search for papers on transformers, then summarize the top 3.",
        )

tests/integration/test_observability_pipeline.py:265: 
_ _ _ _ _ _ _ _ _ _ _ _ _ _ _ _ _ _ _ _ _ _ _ _ _ _ _ _ _ _ _ _ _ _ _ _ _ _ _ _ 
agent_utilities/knowledge_graph/workflow_store.py:144: in save_workflow
    self.engine.add_node(workflow_id, "WorkflowDefinition", properties=props)
agent_utilities/knowledge_graph/core/engine.py:489: in add_node
    self.graph_compute.add_node(node_id, props)
agent_utilities/knowledge_graph/core/graph_compute.py:159: in add_node
    self._client.nodes.add(node_id, props)
../epistemic-graph/epistemic_graph/client.py:662: in sync_wrapper
    return future.result()
           ^^^^^^^^^^^^^^^
/home/genius/.local/share/uv/python/cpython-3.11.15-linux-x86_64-gnu/lib/python3.11/concurrent/futures/_base.py:456: in result
    return self.__get_result()
           ^^^^^^^^^^^^^^^^^^^
/home/genius/.local/share/uv/python/cpython-3.11.15-linux-x86_64-gnu/lib/python3.11/concurrent/futures/_base.py:401: in __get_result
    raise self._exception
../epistemic-graph/epistemic_graph/client.py:31: in add
    await self._client._send(
_ _ _ _ _ _ _ _ _ _ _ _ _ _ _ _ _ _ _ _ _ _ _ _ _ _ _ _ _ _ _ _ _ _ _ _ _ _ _ _ 

self = <epistemic_graph.client.EpistemicGraphClient object at 0x7b6980166d90>
method = 'AddNode'
params = {'node_id': 'workflow:test_research_pipeline:a2af9ad0', 'properties_msgpack': b'\x8b\xa4name\xb6test_research_pipeline...c,color:#fff\n  classDef active fill:#1565c0,stroke:#0d47a1,color:#fff,stroke-width:2px\xa4type\xb2WorkflowDefinition'}
graph = None

    async def _send(
        self,
        method: str,
        params: dict[str, Any] | None = None,
        graph: str | None = None,
    ) -> Any:
        req_id = self._next_id()
        request: dict[str, Any] = {
            "id": req_id,
            "graph": graph or self._graph_name,
            "auth_token": self._compute_token(req_id),
            "method": method,
        }
        if params:
            request["params"] = params
    
        payload = msgpack.packb(request)
        length_prefix = len(payload).to_bytes(4, byteorder="big")
    
        async with self._lock:
            self._writer.write(length_prefix)
            self._writer.write(payload)
            await self._writer.drain()
    
            try:
                len_buf = await self._reader.readexactly(4)
                msg_len = int.from_bytes(len_buf, byteorder="big")
                resp_bytes = await self._reader.readexactly(msg_len)
            except asyncio.IncompleteReadError as e:
                raise ConnectionError("Connection closed by server") from e
    
        resp = msgpack.unpackb(resp_bytes, raw=False)
        if resp.get("error") is not None:
            err_msg = resp.get("error", "Unknown error")
>           raise RuntimeError(err_msg)
E           RuntimeError: Invalid request MsgPack: invalid type: byte array, expected a sequence

../epistemic-graph/epistemic_graph/client.py:573: RuntimeError
---------------------------- Captured stderr setup -----------------------------
WARNING:agent_utilities.knowledge_graph.core.graph_compute:Failed to create tenant graph __bus__: RuntimeError("Graph '__bus__' already exists")
WARNING:agent_utilities.knowledge_graph.backends.ladybug_backend:Rel table creation issue (HAS_JURISDICTION_OVER): Binder exception: Table Company does not exist.
WARNING:agent_utilities.knowledge_graph.backends.ladybug_backend:Rel table creation issue (GOVERNS): Binder exception: Table GovernancePolicy does not exist.
WARNING:agent_utilities.knowledge_graph.backends.ladybug_backend:Rel table creation issue (MANUFACTURES): Binder exception: Table Company does not exist.
WARNING:agent_utilities.knowledge_graph.core.graph_compute:Failed to create tenant graph __bus__: RuntimeError("Graph '__bus__' already exists")
------------------------------ Captured log setup ------------------------------
WARNING  agent_utilities.knowledge_graph.core.graph_compute:graph_compute.py:71 Failed to create tenant graph __bus__: RuntimeError("Graph '__bus__' already exists")
WARNING  agent_utilities.knowledge_graph.backends.ladybug_backend:ladybug_backend.py:796 Rel table creation issue (HAS_JURISDICTION_OVER): Binder exception: Table Company does not exist.
WARNING  agent_utilities.knowledge_graph.backends.ladybug_backend:ladybug_backend.py:796 Rel table creation issue (GOVERNS): Binder exception: Table GovernancePolicy does not exist.
WARNING  agent_utilities.knowledge_graph.backends.ladybug_backend:ladybug_backend.py:796 Rel table creation issue (MANUFACTURES): Binder exception: Table Company does not exist.
WARNING  agent_utilities.knowledge_graph.core.graph_compute:graph_compute.py:71 Failed to create tenant graph __bus__: RuntimeError("Graph '__bus__' already exists")
_________________ TestWorkflowCompiler.test_compile_and_store __________________

self = <integration.test_observability_pipeline.TestWorkflowCompiler object at 0x7b6d1768ffd0>
engine = <agent_utilities.knowledge_graph.core.engine.IntelligenceGraphEngine object at 0x7b690293d410>

    @pytest.mark.asyncio
    async def test_compile_and_store(self, engine):
        """CONCEPT:ORCH-1.23 — Compile and persist workflow."""
        from agent_utilities.knowledge_graph.workflow_compiler import WorkflowCompiler
    
        compiler = WorkflowCompiler(engine)
>       workflow_id = await compiler.compile_and_store(
            name="compiled_research",
            description="Search papers, summarize them, then present findings",
        )

tests/integration/test_observability_pipeline.py:323: 
_ _ _ _ _ _ _ _ _ _ _ _ _ _ _ _ _ _ _ _ _ _ _ _ _ _ _ _ _ _ _ _ _ _ _ _ _ _ _ _ 
agent_utilities/knowledge_graph/workflow_compiler.py:238: in compile_and_store
    workflow_id = self.store.save_workflow(
agent_utilities/knowledge_graph/workflow_store.py:144: in save_workflow
    self.engine.add_node(workflow_id, "WorkflowDefinition", properties=props)
agent_utilities/knowledge_graph/core/engine.py:489: in add_node
    self.graph_compute.add_node(node_id, props)
agent_utilities/knowledge_graph/core/graph_compute.py:159: in add_node
    self._client.nodes.add(node_id, props)
../epistemic-graph/epistemic_graph/client.py:662: in sync_wrapper
    return future.result()
           ^^^^^^^^^^^^^^^
/home/genius/.local/share/uv/python/cpython-3.11.15-linux-x86_64-gnu/lib/python3.11/concurrent/futures/_base.py:456: in result
    return self.__get_result()
           ^^^^^^^^^^^^^^^^^^^
/home/genius/.local/share/uv/python/cpython-3.11.15-linux-x86_64-gnu/lib/python3.11/concurrent/futures/_base.py:401: in __get_result
    raise self._exception
../epistemic-graph/epistemic_graph/client.py:31: in add
    await self._client._send(
_ _ _ _ _ _ _ _ _ _ _ _ _ _ _ _ _ _ _ _ _ _ _ _ _ _ _ _ _ _ _ _ _ _ _ _ _ _ _ _ 

self = <epistemic_graph.client.EpistemicGraphClient object at 0x7b6980166d90>
method = 'AddNode'
params = {'node_id': 'workflow:compiled_research:34f70d60', 'properties_msgpack': b'\x8d\xa4name\xb1compiled_research\xabdescri...h papers, summarize them, then present findings", "domain": "general", "step_count": 2}\xa4type\xb2WorkflowDefinition'}
graph = None

    async def _send(
        self,
        method: str,
        params: dict[str, Any] | None = None,
        graph: str | None = None,
    ) -> Any:
        req_id = self._next_id()
        request: dict[str, Any] = {
            "id": req_id,
            "graph": graph or self._graph_name,
            "auth_token": self._compute_token(req_id),
            "method": method,
        }
        if params:
            request["params"] = params
    
        payload = msgpack.packb(request)
        length_prefix = len(payload).to_bytes(4, byteorder="big")
    
        async with self._lock:
            self._writer.write(length_prefix)
            self._writer.write(payload)
            await self._writer.drain()
    
            try:
                len_buf = await self._reader.readexactly(4)
                msg_len = int.from_bytes(len_buf, byteorder="big")
                resp_bytes = await self._reader.readexactly(msg_len)
            except asyncio.IncompleteReadError as e:
                raise ConnectionError("Connection closed by server") from e
    
        resp = msgpack.unpackb(resp_bytes, raw=False)
        if resp.get("error") is not None:
            err_msg = resp.get("error", "Unknown error")
>           raise RuntimeError(err_msg)
E           RuntimeError: Invalid request MsgPack: invalid type: byte array, expected a sequence

../epistemic-graph/epistemic_graph/client.py:573: RuntimeError
----------------------------- Captured stderr call -----------------------------
WARNING:agent_utilities.knowledge_graph.retrieval.retrieval_quality:Retrieval quality gate FAILED for query 'Search papers, summarize them' (composite=0.00, modes=['low_relevance_topk'])
WARNING:agent_utilities.knowledge_graph.retrieval.hybrid_retriever:[CONCEPT:KG-2.6] Retrieval quality gate failed: ['low_relevance_topk']
WARNING:agent_utilities.knowledge_graph.retrieval.retrieval_quality:Retrieval quality gate FAILED for query 'present findings' (composite=0.00, modes=['low_relevance_topk'])
WARNING:agent_utilities.knowledge_graph.retrieval.hybrid_retriever:[CONCEPT:KG-2.6] Retrieval quality gate failed: ['low_relevance_topk']
WARNING:agent_utilities.knowledge_graph.retrieval.retrieval_quality:Retrieval quality gate FAILED for query 'Search papers, summarize them' (composite=0.00, modes=['low_relevance_topk'])
WARNING:agent_utilities.knowledge_graph.retrieval.hybrid_retriever:[CONCEPT:KG-2.6] Retrieval quality gate failed: ['low_relevance_topk']
------------------------------ Captured log call -------------------------------
WARNING  agent_utilities.knowledge_graph.retrieval.retrieval_quality:retrieval_quality.py:429 Retrieval quality gate FAILED for query 'Search papers, summarize them' (composite=0.00, modes=['low_relevance_topk'])
WARNING  agent_utilities.knowledge_graph.retrieval.hybrid_retriever:hybrid_retriever.py:438 [CONCEPT:KG-2.6] Retrieval quality gate failed: ['low_relevance_topk']
WARNING  agent_utilities.knowledge_graph.retrieval.retrieval_quality:retrieval_quality.py:429 Retrieval quality gate FAILED for query 'present findings' (composite=0.00, modes=['low_relevance_topk'])
WARNING  agent_utilities.knowledge_graph.retrieval.hybrid_retriever:hybrid_retriever.py:438 [CONCEPT:KG-2.6] Retrieval quality gate failed: ['low_relevance_topk']
WARNING  agent_utilities.knowledge_graph.retrieval.retrieval_quality:retrieval_quality.py:429 Retrieval quality gate FAILED for query 'Search papers, summarize them' (composite=0.00, modes=['low_relevance_topk'])
WARNING  agent_utilities.knowledge_graph.retrieval.hybrid_retriever:hybrid_retriever.py:438 [CONCEPT:KG-2.6] Retrieval quality gate failed: ['low_relevance_topk']
=============================== warnings summary ===============================
agent_utilities/knowledge_graph/pipeline/types.py:12
  /home/apps/workspace/agent-packages/agent-utilities/agent_utilities/knowledge_graph/pipeline/types.py:12: PydanticDeprecatedSince20: Support for class-based `config` is deprecated, use ConfigDict instead. Deprecated in Pydantic V2.0 to be removed in V3.0. See Pydantic V2 Migration Guide at https://errors.pydantic.dev/2.13/migration/
    class PipelineContext(BaseModel):

agent_utilities/patterns/first_run_tests.py:19
  /home/apps/workspace/agent-packages/agent-utilities/agent_utilities/patterns/first_run_tests.py:19: PytestCollectionWarning: cannot collect test class 'TestResult' because it has a __init__ constructor (from: tests/unit/knowledge_graph/test_patterns.py)
    @dataclass

tests/unit/core/test_base_utilities.py::test_save_load_model
  /home/apps/workspace/agent-packages/agent-utilities/tests/unit/core/test_base_utilities.py:97: DeprecationWarning: save_model uses pickle which has known security risks (CWE-502). Consider using safe_save_model() for JSON-based serialization.
    path = base_utilities.save_model(data, "test_model", str(tmp_path))

tests/unit/core/test_base_utilities.py::test_save_load_model
  /home/apps/workspace/agent-packages/agent-utilities/tests/unit/core/test_base_utilities.py:100: DeprecationWarning: load_model uses pickle.load which has known security risks (CWE-502). Consider using safe_load_model() for JSON-based deserialization.
    loaded = base_utilities.load_model(path)

tests/unit/core/test_base_utilities.py::test_save_model_default_path
  /home/apps/workspace/agent-packages/agent-utilities/tests/unit/core/test_base_utilities.py:417: DeprecationWarning: save_model uses pickle which has known security risks (CWE-502). Consider using safe_save_model() for JSON-based serialization.
    path = base_utilities.save_model(

tests/unit/core/test_base_utilities.py::test_save_model_default_path
  /home/apps/workspace/agent-packages/agent-utilities/tests/unit/core/test_base_utilities.py:421: DeprecationWarning: load_model uses pickle.load which has known security risks (CWE-502). Consider using safe_load_model() for JSON-based deserialization.
    loaded = base_utilities.load_model(path)

tests/unit/graph/test_graph_steps.py::test_usage_guard_step
  /home/apps/workspace/.venv/lib/python3.11/site-packages/pydantic_ai/models/__init__.py:1256: DeprecationWarning: Specifying a model name without a provider prefix is deprecated. Instead of <MagicMock name='mock.deps.router_model' id='135707617668880'>, use 'openai:<MagicMock name='mock.deps.router_model' id='135707617668880'>'.
    provider_name, model_name = parse_model_id(model)

tests/unit/knowledge_graph/test_owl_backend.py::test_owlready2_init
  /home/apps/workspace/.venv/lib/python3.11/site-packages/rdflib/plugins/serializers/rdfxml.py:295: UserWarning: Assertions on rdflib.term.BNode('n961597c448f84969b8f11708de303806b5') other than RDF.first and RDF.rest are ignored ... including RDF.List
    self.predicate(predicate, object, depth + 1)  # type: ignore[arg-type]

tests/unit/knowledge_graph/test_owl_backend.py::test_owlready2_init
  /home/apps/workspace/.venv/lib/python3.11/site-packages/rdflib/plugins/serializers/rdfxml.py:295: UserWarning: Assertions on rdflib.term.BNode('n961597c448f84969b8f11708de303806b2') other than RDF.first and RDF.rest are ignored ... including RDF.List
    self.predicate(predicate, object, depth + 1)  # type: ignore[arg-type]

tests/unit/knowledge_graph/test_owl_backend.py::test_owlready2_promote
  /home/apps/workspace/.venv/lib/python3.11/site-packages/rdflib/plugins/serializers/rdfxml.py:295: UserWarning: Assertions on rdflib.term.BNode('n3b742082719f400190cafb1d148bc3bbb5') other than RDF.first and RDF.rest are ignored ... including RDF.List
    self.predicate(predicate, object, depth + 1)  # type: ignore[arg-type]

tests/unit/knowledge_graph/test_owl_backend.py::test_owlready2_promote
  /home/apps/workspace/.venv/lib/python3.11/site-packages/rdflib/plugins/serializers/rdfxml.py:295: UserWarning: Assertions on rdflib.term.BNode('n3b742082719f400190cafb1d148bc3bbb2') other than RDF.first and RDF.rest are ignored ... including RDF.List
    self.predicate(predicate, object, depth + 1)  # type: ignore[arg-type]

tests/unit/knowledge_graph/test_owl_backend.py::test_owlready2_promote_edges
  /home/apps/workspace/.venv/lib/python3.11/site-packages/rdflib/plugins/serializers/rdfxml.py:295: UserWarning: Assertions on rdflib.term.BNode('n0345a8704c2840959fc32ac666e8a555b5') other than RDF.first and RDF.rest are ignored ... including RDF.List
    self.predicate(predicate, object, depth + 1)  # type: ignore[arg-type]

tests/unit/knowledge_graph/test_owl_backend.py::test_owlready2_promote_edges
  /home/apps/workspace/.venv/lib/python3.11/site-packages/rdflib/plugins/serializers/rdfxml.py:295: UserWarning: Assertions on rdflib.term.BNode('n0345a8704c2840959fc32ac666e8a555b2') other than RDF.first and RDF.rest are ignored ... including RDF.List
    self.predicate(predicate, object, depth + 1)  # type: ignore[arg-type]

tests/unit/knowledge_graph/test_owl_backend.py::test_owlready2_reasoning
  /home/apps/workspace/.venv/lib/python3.11/site-packages/rdflib/plugins/serializers/rdfxml.py:295: UserWarning: Assertions on rdflib.term.BNode('n2129dbf1000a4924a71b1e6029d1398eb5') other than RDF.first and RDF.rest are ignored ... including RDF.List
    self.predicate(predicate, object, depth + 1)  # type: ignore[arg-type]

tests/unit/knowledge_graph/test_owl_backend.py::test_owlready2_reasoning
  /home/apps/workspace/.venv/lib/python3.11/site-packages/rdflib/plugins/serializers/rdfxml.py:295: UserWarning: Assertions on rdflib.term.BNode('n2129dbf1000a4924a71b1e6029d1398eb2') other than RDF.first and RDF.rest are ignored ... including RDF.List
    self.predicate(predicate, object, depth + 1)  # type: ignore[arg-type]

tests/unit/knowledge_graph/test_owl_backend.py::test_owlready2_clear
  /home/apps/workspace/.venv/lib/python3.11/site-packages/rdflib/plugins/serializers/rdfxml.py:295: UserWarning: Assertions on rdflib.term.BNode('n0997dc62a935435ebb67392f9455e61eb5') other than RDF.first and RDF.rest are ignored ... including RDF.List
    self.predicate(predicate, object, depth + 1)  # type: ignore[arg-type]

tests/unit/knowledge_graph/test_owl_backend.py::test_owlready2_clear
  /home/apps/workspace/.venv/lib/python3.11/site-packages/rdflib/plugins/serializers/rdfxml.py:295: UserWarning: Assertions on rdflib.term.BNode('n0997dc62a935435ebb67392f9455e61eb2') other than RDF.first and RDF.rest are ignored ... including RDF.List
    self.predicate(predicate, object, depth + 1)  # type: ignore[arg-type]

tests/unit/knowledge_graph/test_owl_bridge.py::test_bridge_run_cycle
  /home/apps/workspace/.venv/lib/python3.11/site-packages/rdflib/plugins/serializers/rdfxml.py:295: UserWarning: Assertions on rdflib.term.BNode('n9c0bbcbf037345689a5ddcd57f13bc38b5') other than RDF.first and RDF.rest are ignored ... including RDF.List
    self.predicate(predicate, object, depth + 1)  # type: ignore[arg-type]

tests/unit/knowledge_graph/test_owl_bridge.py::test_bridge_run_cycle
  /home/apps/workspace/.venv/lib/python3.11/site-packages/rdflib/plugins/serializers/rdfxml.py:295: UserWarning: Assertions on rdflib.term.BNode('n9c0bbcbf037345689a5ddcd57f13bc38b2') other than RDF.first and RDF.rest are ignored ... including RDF.List
    self.predicate(predicate, object, depth + 1)  # type: ignore[arg-type]

tests/unit/knowledge_graph/test_owl_bridge.py::test_bridge_eligibility
  /home/apps/workspace/.venv/lib/python3.11/site-packages/rdflib/plugins/serializers/rdfxml.py:295: UserWarning: Assertions on rdflib.term.BNode('na49b829447fe4511a0f41a6815c2c73fb5') other than RDF.first and RDF.rest are ignored ... including RDF.List
    self.predicate(predicate, object, depth + 1)  # type: ignore[arg-type]

tests/unit/knowledge_graph/test_owl_bridge.py::test_bridge_eligibility
  /home/apps/workspace/.venv/lib/python3.11/site-packages/rdflib/plugins/serializers/rdfxml.py:295: UserWarning: Assertions on rdflib.term.BNode('na49b829447fe4511a0f41a6815c2c73fb2') other than RDF.first and RDF.rest are ignored ... including RDF.List
    self.predicate(predicate, object, depth + 1)  # type: ignore[arg-type]

tests/unit/pipeline/test_pipeline_phases_extended.py::test_scan_respects_gitignore
tests/unit/pipeline/test_pipeline_scan_parse.py::test_scan_respects_gitignore
  /home/apps/workspace/.venv/lib/python3.11/site-packages/pathspec/pathspec.py:326: DeprecationWarning: GitWildMatchPattern ('gitwildmatch') is deprecated. Use 'gitignore' for GitIgnoreBasicPattern or GitIgnoreSpecPattern instead.
    patterns = [use_factory(__line) for __line in lines if __line]  # type: ignore[arg-type]

tests/unit/pipeline/test_pipeline_phases_extended.py::test_scan_respects_gitignore
tests/unit/pipeline/test_pipeline_scan_parse.py::test_scan_respects_gitignore
  /home/apps/workspace/.venv/lib/python3.11/site-packages/pathspec/pattern.py:125: DeprecationWarning: GitWildMatchPattern ('gitwildmatch') is deprecated. Use 'gitignore' for GitIgnoreBasicPattern or GitIgnoreSpecPattern instead.
    raw_regex, include = self.pattern_to_regex(pattern)

tests/unit/test_knowledge_architecture.py::TestSHACLValidation::test_shacl_validate_kg_no_shapes
  /home/apps/workspace/.venv/lib/python3.11/site-packages/pyshacl/rdfutil/load.py:356: DeprecationWarning: Dataset.default_context is deprecated, use Dataset.default_graph instead.
    target_ds.default_context.namespace_manager = target_ds.namespace_manager

tests/unit/test_knowledge_architecture.py::TestSHACLValidation::test_shacl_validate_kg_no_shapes
  /home/apps/workspace/.venv/lib/python3.11/site-packages/pyshacl/rdfutil/load.py:357: DeprecationWarning: Dataset.default_context is deprecated, use Dataset.default_graph instead.
    default_g = target_ds.default_context

tests/unit/test_knowledge_architecture.py::TestSHACLValidation::test_shacl_validate_kg_no_shapes
  /home/apps/workspace/.venv/lib/python3.11/site-packages/pyshacl/rdfutil/load.py:497: DeprecationWarning: Dataset.default_context is deprecated, use Dataset.default_graph instead.
    dest_g = target_g.default_context

tests/unit/test_knowledge_architecture.py::TestSHACLValidation::test_shacl_validate_kg_no_shapes
  /home/apps/workspace/.venv/lib/python3.11/site-packages/pyshacl/shapes_graph.py:76: DeprecationWarning: Dataset.default_context is deprecated, use Dataset.default_graph instead.
    g = self.graph.default_context

tests/unit/test_knowledge_architecture.py: 255 warnings
  /home/apps/workspace/.venv/lib/python3.11/site-packages/rdflib/graph.py:2340: DeprecationWarning: Dataset.default_context is deprecated, use Dataset.default_graph instead.
    if context == self.default_context:

tests/integration/knowledge_graph/test_kg_advanced_patterns.py::test_consolidate_memory_llm
  /home/apps/workspace/.venv/lib/python3.11/site-packages/pydantic_ai/models/__init__.py:1256: DeprecationWarning: Specifying a model name without a provider prefix is deprecated. Instead of <MagicMock name='create_model()' id='135704889761936'>, use 'openai:<MagicMock name='create_model()' id='135704889761936'>'.
    provider_name, model_name = parse_model_id(model)

tests/integration/knowledge_graph/test_knowledge_graph.py::test_intelligence_pipeline_mock
  /home/apps/workspace/.venv/lib/python3.11/site-packages/rdflib/plugins/serializers/rdfxml.py:295: UserWarning: Assertions on rdflib.term.BNode('n5deb73cc2ced433d97df30bd0ce8ae7cb5') other than RDF.first and RDF.rest are ignored ... including RDF.List
    self.predicate(predicate, object, depth + 1)  # type: ignore[arg-type]

tests/integration/knowledge_graph/test_knowledge_graph.py::test_intelligence_pipeline_mock
  /home/apps/workspace/.venv/lib/python3.11/site-packages/rdflib/plugins/serializers/rdfxml.py:295: UserWarning: Assertions on rdflib.term.BNode('n5deb73cc2ced433d97df30bd0ce8ae7cb2') other than RDF.first and RDF.rest are ignored ... including RDF.List
    self.predicate(predicate, object, depth + 1)  # type: ignore[arg-type]

-- Docs: https://docs.pytest.org/en/stable/how-to/capture-warnings.html
=========================== short test summary info ============================
FAILED tests/unit/core/test_config_helpers.py::test_log_graph_trace_all_metadata_keys
FAILED tests/unit/core/test_core_modules_misc.py::test_init_lazy_agent_factory_and_config
FAILED tests/unit/core/test_core_modules_misc.py::test_init_lazy_graph_and_workspace
FAILED tests/unit/core/test_mermaid.py::test_kg_mermaid_generation - assert '...
FAILED tests/unit/core/test_reference_agent.py::TestBasicAgent::test_basic_agent_creation
FAILED tests/unit/core/test_reference_agent.py::TestGraphAgent::test_graph_agent_creation
FAILED tests/unit/core/test_reference_agent.py::TestMCPAgent::test_mcp_agent_creation_without_config
FAILED tests/unit/core/test_reference_agent.py::TestKnowledgeGraphAgent::test_knowledge_graph_agent_creation
FAILED tests/unit/core/test_reference_agent.py::TestProtocolAgent::test_protocol_agent_creation
FAILED tests/unit/core/test_reference_agent.py::TestMemoryAgent::test_memory_agent_creation
FAILED tests/unit/graph/test_graph_engine.py::test_add_memory - AssertionErro...
FAILED tests/unit/graph/test_graph_engine.py::test_ingest_episode - Assertion...
FAILED tests/unit/graph/test_graph_engine.py::test_record_outcome - Attribute...
FAILED tests/unit/graph/test_graph_engine.py::test_nx_fallback_successful_episodes
FAILED tests/unit/graph/test_graph_executor.py::test_execute_domain_logic_approval_required
FAILED tests/unit/knowledge_graph/test_document_update.py::TestDocumentUpdatePipeline::test_get_document_chunks
FAILED tests/unit/knowledge_graph/test_event_bridge.py::test_graph_compute_event_bridge
FAILED tests/unit/knowledge_graph/test_federation.py::test_register_external_ontology
FAILED tests/unit/knowledge_graph/test_federation.py::test_ingest_external_entity_stub
FAILED tests/unit/knowledge_graph/test_federation.py::test_execute_federated_sparql
FAILED tests/unit/knowledge_graph/test_federation.py::test_execute_federated_lpg
FAILED tests/unit/knowledge_graph/test_kb_research.py::test_kb_model_validation
FAILED tests/unit/knowledge_graph/test_kg_models.py::test_retrieve_place_view_stub_returns_empty_list
FAILED tests/unit/knowledge_graph/test_kg_models.py::test_retrieve_epistemic_view_stub_has_expected_shape
FAILED tests/unit/knowledge_graph/test_kg_models.py::test_retrieve_orthogonal_context_includes_v2_views_when_requested
FAILED tests/unit/knowledge_graph/test_kg_models.py::test_retrieve_orthogonal_context_default_keeps_v1_contract
FAILED tests/unit/knowledge_graph/test_standard_ontology.py::test_standard_inference_skos_broader_transitivity
FAILED tests/unit/knowledge_graph/test_standard_ontology.py::test_standard_inference_prov_derivation_transitivity
FAILED tests/unit/knowledge_graph/test_standard_ontology.py::test_standard_inference_temporal_phase_containment
FAILED tests/unit/knowledge_graph/test_topological_analogy.py::test_find_analogous_subgraphs
FAILED tests/unit/test_evolutionary_memory.py::test_drift_tracker - Attribute...
FAILED tests/unit/test_research_synergies.py::test_cognitive_trap_defense - A...
FAILED tests/unit/test_research_synergies.py::test_experience_alignment - Ass...
FAILED tests/integration/graph/test_graph_enhancements.py::test_agent_spawning
FAILED tests/integration/graph/test_graph_enhancements.py::test_self_improvement_loop
FAILED tests/integration/knowledge_graph/test_engine_helpers.py::TestPromptVersioning::test_version_history
FAILED tests/integration/knowledge_graph/test_kg_advanced_patterns.py::test_inference_engine_fallback
FAILED tests/integration/knowledge_graph/test_kg_advanced_patterns.py::test_hybrid_retriever_fallback
FAILED tests/integration/knowledge_graph/test_knowledge_graph.py::test_intelligence_pipeline_mock
FAILED tests/integration/knowledge_graph/test_knowledge_graph.py::test_memory_operations
FAILED tests/integration/knowledge_graph/test_knowledge_graph_integration.py::TestAgentSpawning::test_spawn_agent
FAILED tests/integration/knowledge_graph/test_knowledge_graph_integration.py::TestAgentSpawning::test_spawn_with_tool_links
FAILED tests/integration/knowledge_graph/test_knowledge_graph_integration.py::TestSelfImprovement::test_record_outcome
FAILED tests/integration/knowledge_graph/test_knowledge_graph_integration.py::TestSelfImprovement::test_generate_critique
FAILED tests/integration/knowledge_graph/test_knowledge_graph_integration.py::TestSelfImprovement::test_optimize_prompt
FAILED tests/integration/knowledge_graph/test_knowledge_graph_integration.py::TestSelfImprovement::test_full_self_improvement_cycle
FAILED tests/integration/knowledge_graph/test_knowledge_graph_integration.py::TestGraphAlgorithms::test_impact_analysis
FAILED tests/integration/knowledge_graph/test_knowledge_graph_integration.py::TestGraphAlgorithms::test_shortest_path
FAILED tests/integration/knowledge_graph/test_knowledge_graph_integration.py::TestGraphAlgorithms::test_hybrid_search
FAILED tests/integration/knowledge_graph/test_multibackend_integration.py::TestMultiBackendIntegration::test_backend_lifecycle_and_crud[falkordb-docker/falkordb.compose.yml-6380-conn_kwargs0]
FAILED tests/integration/knowledge_graph/test_multibackend_integration.py::TestMultiBackendIntegration::test_backend_lifecycle_and_crud[neo4j-docker/neo4j.compose.yml-7687-conn_kwargs1]
FAILED tests/integration/knowledge_graph/test_multibackend_integration.py::TestMultiBackendIntegration::test_backend_lifecycle_and_crud[postgresql-docker/pggraph.compose.yml-5433-conn_kwargs2]
FAILED tests/integration/mcp/test_mcp_integration.py::test_mcp_server_ingestion_and_discovery
FAILED tests/integration/test_eunomia_integration.py::test_eunomia_client_connection
FAILED tests/integration/test_observability_pipeline.py::TestWorkflowStore::test_save_and_load_workflow
FAILED tests/integration/test_observability_pipeline.py::TestWorkflowCompiler::test_compile_and_store
= 56 failed, 2482 passed, 9 skipped, 2 xfailed, 287 warnings in 443.92s (0:07:23) =
