============================= test session starts ==============================
platform linux -- Python 3.13.7, pytest-9.0.3, pluggy-1.6.0
rootdir: /home/apps/workspace/agent-packages/agent-utilities
configfile: pytest.ini (WARNING: ignoring pytest config in pyproject.toml!)
plugins: logfire-4.32.1, cov-7.1.0, anyio-4.13.0, hypothesis-6.152.1, timeout-2.4.0, env-1.6.0, asyncio-1.3.0
timeout: 60.0s
timeout method: signal
timeout func_only: False
asyncio: mode=Mode.AUTO, debug=False, asyncio_default_fixture_loop_scope=None, asyncio_default_test_loop_scope=function
collected 77 items

tests/unit/core/test_core_modules_misc.py .......................F...... [ 38%]
.........                                                                [ 50%]
tests/unit/protocols/test_a2a.py ....................................F   [ 98%]
tests/unit/test_parallel_distillation.py F                               [100%]

=================================== FAILURES ===================================
_____________________ test_agent_utilities_facade_imports ______________________

    def test_agent_utilities_facade_imports():
        # Importing the facade should not raise
        import agent_utilities.agent_utilities as au_facade

>       assert au_facade.__version__ == "0.4.0"
E       AssertionError: assert '0.5.0' == '0.4.0'
E
E         - 0.4.0
E         ?   ^
E         + 0.5.0
E         ?   ^

tests/unit/core/test_core_modules_misc.py:409: AssertionError
__________________ test_agent_utilities_reloadable_after_init __________________

monkeypatch = <_pytest.monkeypatch.MonkeyPatch object at 0x74495507d2b0>

    def test_agent_utilities_reloadable_after_init(monkeypatch):
        """Reload agent_utilities to cover the module-level warning filter block."""
        import agent_utilities

        importlib.reload(agent_utilities)
>       assert agent_utilities.__version__ == "0.4.0"
E       AssertionError: assert '0.5.0' == '0.4.0'
E
E         - 0.4.0
E         ?   ^
E         + 0.5.0
E         ?   ^

tests/unit/protocols/test_a2a.py:541: AssertionError
______________________ test_parallel_trajectory_distiller ______________________

mock_deps = <MagicMock spec='GraphDeps' id='127857170453168'>
monkeypatch = <_pytest.monkeypatch.MonkeyPatch object at 0x74495507d0f0>

    @pytest.mark.asyncio
    async def test_parallel_trajectory_distiller(mock_deps, monkeypatch):
        trajectories = [
            {"candidate_id": 0, "success": False, "output": "Failed due to timeout."},
            {"candidate_id": 1, "success": True, "output": "Succeeded by decomposing the query."},
            {"candidate_id": 2, "success": True, "output": "Succeeded via decomposition."}
        ]
        query = "Extract data from a large repository."

        # Mock distillation_agent.run
        mock_run = AsyncMock()

        # Create a mock data object that resembles what the agent would return
        mock_res = MagicMock()
        mock_res.data = MagicMock()
        mock_res.data.tactical_condition = "Large repository data extraction"
        mock_res.data.tactical_action = "Decompose the query into smaller chunks"
        mock_res.data.confidence = 0.95

        mock_run.return_value = mock_res

        # Patch pydantic_ai.Agent.run directly because Agent is imported locally inside the function
        monkeypatch.setattr("pydantic_ai.Agent.run", mock_run)

        # Use a real string for agent_model so pydantic_ai doesn't try to JSON serialize a MagicMock in its __init__
        from pydantic_ai.models.test import TestModel
        mock_deps.agent_model = TestModel()

        await parallel_trajectory_distiller(mock_deps, trajectories, query=query)

        # Assert add_node was called
>       mock_deps.knowledge_engine.add_node.assert_called_once()

tests/unit/test_parallel_distillation.py:46:
_ _ _ _ _ _ _ _ _ _ _ _ _ _ _ _ _ _ _ _ _ _ _ _ _ _ _ _ _ _ _ _ _ _ _ _ _ _ _ _

self = <MagicMock name='mock.knowledge_engine.add_node' id='127857170453504'>

    def assert_called_once(self):
        """assert that the mock was called only once.
        """
        if not self.call_count == 1:
            msg = ("Expected '%s' to have been called once. Called %s times.%s"
                   % (self._mock_name or 'mock',
                      self.call_count,
                      self._calls_repr()))
>           raise AssertionError(msg)
E           AssertionError: Expected 'add_node' to have been called once. Called 0 times.

/usr/lib/python3.13/unittest/mock.py:958: AssertionError
------------------------------ Captured log setup ------------------------------
DEBUG    asyncio:selector_events.py:64 Using selector: EpollSelector
------------------------------ Captured log call -------------------------------
INFO     agent_utilities.graph.verification:verification.py:657 Distilling Memory from Parallel Trajectories (CONCEPT:AHE-3.5)...
DEBUG    agent_utilities.knowledge_graph.ogm:ogm.py:224 OGM upsert: exp_par_3efc3cf6 (Experience)
INFO     agent_utilities.graph.verification:verification.py:727 Distilled Parallel Experience Node (CONCEPT:AHE-3.5): exp_par_3efc3cf6 with EncPI mapping.
=========================== short test summary info ============================
FAILED tests/unit/core/test_core_modules_misc.py::test_agent_utilities_facade_imports
FAILED tests/unit/protocols/test_a2a.py::test_agent_utilities_reloadable_after_init
FAILED tests/unit/test_parallel_distillation.py::test_parallel_trajectory_distiller
========================= 3 failed, 74 passed in 3.10s =========================
